[2019-05-12T23:51:22.434+0000][0.013s] Using Concurrent Mark Sweep
[2019-05-12T23:51:22.434+0000][0.013s] Heap address: 0x00000000e0000000, size: 512 MB, Compressed Oops mode: 32-bit
[2019-05-12T23:51:25.301+0000][2.880s] GC(0) Pause Young (Allocation Failure)
[2019-05-12T23:51:25.301+0000][2.881s] GC(0) Using 4 workers of 4 for evacuation
[2019-05-12T23:51:25.334+0000][2.913s] GC(0) ParNew: 87424K->10563K(109248K)
[2019-05-12T23:51:25.334+0000][2.913s] GC(0) CMS: 0K->0K(393216K)
[2019-05-12T23:51:25.334+0000][2.913s] GC(0) Metaspace: 14723K->14723K(1062912K)
[2019-05-12T23:51:25.334+0000][2.913s] GC(0) Pause Young (Allocation Failure) 85M->10M(490M) 32.316ms
[2019-05-12T23:51:25.334+0000][2.913s] GC(0) User=0.04s Sys=0.00s Real=0.03s
[2019-05-12T23:51:27.343+0000][4.922s] GC(1) Pause Initial Mark
[2019-05-12T23:51:27.368+0000][4.947s] GC(1) Pause Initial Mark 69M->69M(490M) 24.643ms
[2019-05-12T23:51:27.368+0000][4.947s] GC(1) User=0.03s Sys=0.00s Real=0.03s
[2019-05-12T23:51:27.370+0000][4.949s] GC(1) Concurrent Mark
[2019-05-12T23:51:27.390+0000][4.969s] GC(1) Using 4 workers of 4 for marking
[2019-05-12T23:51:27.397+0000][4.976s] GC(1) Concurrent Mark 26.819ms
[2019-05-12T23:51:27.397+0000][4.976s] GC(1) User=0.03s Sys=0.00s Real=0.02s
[2019-05-12T23:51:27.397+0000][4.976s] GC(1) Concurrent Preclean
[2019-05-12T23:51:27.397+0000][4.976s] GC(1) Concurrent Preclean 0.475ms
[2019-05-12T23:51:27.397+0000][4.976s] GC(1) User=0.00s Sys=0.00s Real=0.00s
[2019-05-12T23:51:27.397+0000][4.976s] GC(1) Concurrent Abortable Preclean
[2019-05-12T23:51:28.249+0000][5.828s] GC(2) Pause Young (Allocation Failure)
[2019-05-12T23:51:28.249+0000][5.828s] GC(2) Using 4 workers of 4 for evacuation
[2019-05-12T23:51:28.296+0000][5.875s] GC(2) ParNew: 97987K->15990K(109248K)
[2019-05-12T23:51:28.296+0000][5.875s] GC(2) CMS: 0K->0K(393216K)
[2019-05-12T23:51:28.296+0000][5.875s] GC(2) Metaspace: 24890K->24890K(1071104K)
[2019-05-12T23:51:28.296+0000][5.875s] GC(2) Pause Young (Allocation Failure) 95M->15M(490M) 47.296ms
[2019-05-12T23:51:28.296+0000][5.875s] GC(2) User=0.04s Sys=0.01s Real=0.04s
[2019-05-12T23:51:29.545+0000][7.124s] GC(1) Concurrent Abortable Preclean 2147.604ms
[2019-05-12T23:51:29.545+0000][7.124s] GC(1) User=1.98s Sys=0.05s Real=2.15s
[2019-05-12T23:51:29.545+0000][7.124s] GC(1) Pause Remark
[2019-05-12T23:51:29.545+0000][7.124s] GC(3) Pause Young (CMS Final Remark)
[2019-05-12T23:51:29.545+0000][7.124s] GC(3) Using 4 workers of 4 for evacuation
[2019-05-12T23:51:29.607+0000][7.186s] GC(3) ParNew: 65137K->21824K(109248K)
[2019-05-12T23:51:29.607+0000][7.186s] GC(3) CMS: 0K->855K(393216K)
[2019-05-12T23:51:29.607+0000][7.186s] GC(3) Metaspace: 28504K->28504K(1075200K)
[2019-05-12T23:51:29.607+0000][7.186s] GC(3) Pause Young (CMS Final Remark) 63M->22M(490M) 61.741ms
[2019-05-12T23:51:29.607+0000][7.186s] GC(3) User=0.06s Sys=0.00s Real=0.07s
[2019-05-12T23:51:29.628+0000][7.208s] GC(1) Pause Remark 63M->22M(490M) 83.506ms
[2019-05-12T23:51:29.629+0000][7.208s] GC(1) User=0.08s Sys=0.00s Real=0.09s
[2019-05-12T23:51:29.642+0000][7.221s] GC(1) Concurrent Sweep
[2019-05-12T23:51:29.643+0000][7.222s] GC(1) Concurrent Sweep 0.657ms
[2019-05-12T23:51:29.643+0000][7.222s] GC(1) User=0.00s Sys=0.00s Real=0.00s
[2019-05-12T23:51:29.643+0000][7.222s] GC(1) Concurrent Reset
[2019-05-12T23:51:29.646+0000][7.225s] GC(1) Concurrent Reset 3.239ms
[2019-05-12T23:51:29.652+0000][7.231s] GC(1) User=0.01s Sys=0.01s Real=0.01s
[2019-05-12T23:51:29.652+0000][7.231s] GC(1) Old: 0K->855K(393216K)
[2019-05-12T23:51:30.395+0000][7.974s] GC(4) Pause Young (Allocation Failure)
[2019-05-12T23:51:30.395+0000][7.974s] GC(4) Using 4 workers of 4 for evacuation
[2019-05-12T23:51:30.445+0000][8.024s] GC(4) ParNew: 109248K->21824K(109248K)
[2019-05-12T23:51:30.445+0000][8.024s] GC(4) CMS: 855K->965K(393216K)
[2019-05-12T23:51:30.445+0000][8.024s] GC(4) Metaspace: 30567K->30567K(1077248K)
[2019-05-12T23:51:30.445+0000][8.024s] GC(4) Pause Young (Allocation Failure) 107M->22M(490M) 49.947ms
[2019-05-12T23:51:30.445+0000][8.024s] GC(4) User=0.05s Sys=0.00s Real=0.05s
[2019-05-12T23:51:30.786+0000][8.365s] GC(5) Pause Young (Allocation Failure)
[2019-05-12T23:51:30.786+0000][8.365s] GC(5) Using 4 workers of 4 for evacuation
[2019-05-12T23:51:30.832+0000][8.411s] GC(5) ParNew: 109248K->21824K(109248K)
[2019-05-12T23:51:30.832+0000][8.411s] GC(5) CMS: 965K->3305K(393216K)
[2019-05-12T23:51:30.832+0000][8.411s] GC(5) Metaspace: 30975K->30975K(1077248K)
[2019-05-12T23:51:30.832+0000][8.411s] GC(5) Pause Young (Allocation Failure) 107M->24M(490M) 46.014ms
[2019-05-12T23:51:30.832+0000][8.411s] GC(5) User=0.05s Sys=0.00s Real=0.04s
[2019-05-12T23:51:31.942+0000][9.521s] GC(6) Pause Young (Allocation Failure)
[2019-05-12T23:51:31.942+0000][9.521s] GC(6) Using 4 workers of 4 for evacuation
[2019-05-12T23:51:32.001+0000][9.580s] GC(6) ParNew: 109248K->21824K(109248K)
[2019-05-12T23:51:32.001+0000][9.580s] GC(6) CMS: 3305K->4985K(393216K)
[2019-05-12T23:51:32.001+0000][9.580s] GC(6) Metaspace: 35267K->35267K(1081344K)
[2019-05-12T23:51:32.001+0000][9.580s] GC(6) Pause Young (Allocation Failure) 109M->26M(490M) 59.119ms
[2019-05-12T23:51:32.001+0000][9.580s] GC(6) User=0.06s Sys=0.00s Real=0.06s
[2019-05-12T23:56:56.690+0000][334.269s] GC(7) Pause Young (Allocation Failure)
[2019-05-12T23:56:56.690+0000][334.269s] GC(7) Using 4 workers of 4 for evacuation
[2019-05-12T23:56:56.760+0000][334.339s] GC(7) ParNew: 109248K->21824K(109248K)
[2019-05-12T23:56:56.760+0000][334.339s] GC(7) CMS: 4985K->10710K(393216K)
[2019-05-12T23:56:56.760+0000][334.339s] GC(7) Metaspace: 40946K->40946K(1087488K)
[2019-05-12T23:56:56.760+0000][334.339s] GC(7) Pause Young (Allocation Failure) 111M->31M(490M) 70.416ms
[2019-05-12T23:56:56.760+0000][334.339s] GC(7) User=0.07s Sys=0.00s Real=0.07s
[2019-05-13T00:13:14.497+0000][1312.076s] GC(8) Pause Young (Allocation Failure)
[2019-05-13T00:13:14.497+0000][1312.077s] GC(8) Using 4 workers of 4 for evacuation
[2019-05-13T00:13:14.557+0000][1312.136s] GC(8) ParNew: 109215K->21824K(109248K)
[2019-05-13T00:13:14.557+0000][1312.136s] GC(8) CMS: 10710K->17510K(393216K)
[2019-05-13T00:13:14.557+0000][1312.136s] GC(8) Metaspace: 43853K->43853K(1089536K)
[2019-05-13T00:13:14.557+0000][1312.136s] GC(8) Pause Young (Allocation Failure) 117M->38M(490M) 59.862ms
[2019-05-13T00:13:14.557+0000][1312.136s] GC(8) User=0.04s Sys=0.01s Real=0.06s
[2019-05-13T01:37:10.925+0000][6348.504s] GC(9) Pause Young (Allocation Failure)
[2019-05-13T01:37:10.925+0000][6348.504s] GC(9) Using 4 workers of 4 for evacuation
[2019-05-13T01:37:10.971+0000][6348.550s] GC(9) ParNew: 109248K->21824K(109248K)
[2019-05-13T01:37:10.971+0000][6348.550s] GC(9) CMS: 17510K->17752K(393216K)
[2019-05-13T01:37:10.971+0000][6348.550s] GC(9) Metaspace: 44870K->44870K(1089536K)
[2019-05-13T01:37:10.971+0000][6348.550s] GC(9) Pause Young (Allocation Failure) 123M->38M(490M) 45.824ms
[2019-05-13T01:37:10.971+0000][6348.550s] GC(9) User=0.04s Sys=0.00s Real=0.05s
[2019-05-13T01:37:11.168+0000][6348.747s] GC(10) Pause Young (Allocation Failure)
[2019-05-13T01:37:11.168+0000][6348.747s] GC(10) Using 4 workers of 4 for evacuation
[2019-05-13T01:37:11.214+0000][6348.793s] GC(10) ParNew: 109248K->21824K(109248K)
[2019-05-13T01:37:11.214+0000][6348.793s] GC(10) CMS: 17752K->20243K(393216K)
[2019-05-13T01:37:11.214+0000][6348.793s] GC(10) Metaspace: 44940K->44940K(1089536K)
[2019-05-13T01:37:11.214+0000][6348.793s] GC(10) Pause Young (Allocation Failure) 124M->41M(490M) 46.318ms
[2019-05-13T01:37:11.214+0000][6348.793s] GC(10) User=0.05s Sys=0.00s Real=0.04s
[2019-05-13T01:37:11.447+0000][6349.026s] GC(11) Pause Young (Allocation Failure)
[2019-05-13T01:37:11.447+0000][6349.026s] GC(11) Using 4 workers of 4 for evacuation
[2019-05-13T01:37:11.493+0000][6349.072s] GC(11) ParNew: 109248K->14915K(109248K)
[2019-05-13T01:37:11.493+0000][6349.072s] GC(11) CMS: 20243K->25171K(393216K)
[2019-05-13T01:37:11.493+0000][6349.072s] GC(11) Metaspace: 45007K->45007K(1089536K)
[2019-05-13T01:37:11.493+0000][6349.072s] GC(11) Pause Young (Allocation Failure) 126M->39M(490M) 46.421ms
[2019-05-13T01:37:11.493+0000][6349.072s] GC(11) User=0.04s Sys=0.00s Real=0.04s
[2019-05-13T01:37:12.442+0000][6350.022s] GC(12) Pause Young (Allocation Failure)
[2019-05-13T01:37:12.443+0000][6350.022s] GC(12) Using 4 workers of 4 for evacuation
[2019-05-13T01:37:12.493+0000][6350.072s] GC(12) ParNew: 102339K->21824K(109248K)
[2019-05-13T01:37:12.493+0000][6350.072s] GC(12) CMS: 25171K->25856K(393216K)
[2019-05-13T01:37:12.493+0000][6350.072s] GC(12) Metaspace: 45347K->45347K(1089536K)
[2019-05-13T01:37:12.493+0000][6350.072s] GC(12) Pause Young (Allocation Failure) 124M->46M(490M) 50.253ms
[2019-05-13T01:37:12.493+0000][6350.072s] GC(12) User=0.05s Sys=0.00s Real=0.05s
[2019-05-13T01:40:57.680+0000][6575.259s] GC(13) Pause Young (Allocation Failure)
[2019-05-13T01:40:57.680+0000][6575.259s] GC(13) Using 4 workers of 4 for evacuation
[2019-05-13T01:40:57.726+0000][6575.305s] GC(13) ParNew: 108975K->21824K(109248K)
[2019-05-13T01:40:57.726+0000][6575.305s] GC(13) CMS: 25856K->25983K(393216K)
[2019-05-13T01:40:57.726+0000][6575.305s] GC(13) Metaspace: 45548K->45548K(1091584K)
[2019-05-13T01:40:57.726+0000][6575.306s] GC(13) Pause Young (Allocation Failure) 131M->46M(490M) 46.388ms
[2019-05-13T01:40:57.726+0000][6575.306s] GC(13) User=0.04s Sys=0.00s Real=0.05s
[2019-05-13T04:47:12.428+0000][17750.008s] GC(14) Pause Young (Allocation Failure)
[2019-05-13T04:47:12.430+0000][17750.009s] GC(14) Using 4 workers of 4 for evacuation
[2019-05-13T04:47:12.480+0000][17750.059s] GC(14) ParNew: 109248K->21824K(109248K)
[2019-05-13T04:47:12.480+0000][17750.059s] GC(14) CMS: 25983K->27364K(393216K)
[2019-05-13T04:47:12.480+0000][17750.059s] GC(14) Metaspace: 46244K->46244K(1091584K)
[2019-05-13T04:47:12.480+0000][17750.059s] GC(14) Pause Young (Allocation Failure) 132M->48M(490M) 51.557ms
[2019-05-13T04:47:12.480+0000][17750.059s] GC(14) User=0.05s Sys=0.00s Real=0.05s
[2019-05-13T05:01:07.828+0000][18585.408s] GC(15) Pause Young (Allocation Failure)
[2019-05-13T05:01:07.829+0000][18585.408s] GC(15) Using 4 workers of 4 for evacuation
[2019-05-13T05:01:07.898+0000][18585.477s] GC(15) ParNew: 109229K->21824K(109248K)
[2019-05-13T05:01:07.898+0000][18585.477s] GC(15) CMS: 27364K->32975K(393216K)
[2019-05-13T05:01:07.898+0000][18585.477s] GC(15) Metaspace: 46568K->46568K(1091584K)
[2019-05-13T05:01:07.898+0000][18585.477s] GC(15) Pause Young (Allocation Failure) 133M->53M(490M) 69.477ms
[2019-05-13T05:01:07.898+0000][18585.477s] GC(15) User=0.05s Sys=0.01s Real=0.07s
[2019-05-13T05:01:08.046+0000][18585.625s] GC(16) Pause Young (Allocation Failure)
[2019-05-13T05:01:08.046+0000][18585.625s] GC(16) Using 4 workers of 4 for evacuation
[2019-05-13T05:01:08.082+0000][18585.661s] GC(16) ParNew: 109248K->16150K(109248K)
[2019-05-13T05:01:08.082+0000][18585.661s] GC(16) CMS: 32975K->33736K(393216K)
[2019-05-13T05:01:08.082+0000][18585.661s] GC(16) Metaspace: 46576K->46576K(1091584K)
[2019-05-13T05:01:08.082+0000][18585.661s] GC(16) Pause Young (Allocation Failure) 138M->48M(490M) 36.078ms
[2019-05-13T05:01:08.082+0000][18585.661s] GC(16) User=0.04s Sys=0.00s Real=0.04s
[2019-05-13T05:01:08.700+0000][18586.279s] GC(17) Pause Young (Allocation Failure)
[2019-05-13T05:01:08.700+0000][18586.279s] GC(17) Using 4 workers of 4 for evacuation
[2019-05-13T05:01:08.765+0000][18586.344s] GC(17) ParNew: 103574K->21024K(109248K)
[2019-05-13T05:01:08.765+0000][18586.344s] GC(17) CMS: 33736K->36890K(393216K)
[2019-05-13T05:01:08.765+0000][18586.344s] GC(17) Metaspace: 46638K->46638K(1091584K)
[2019-05-13T05:01:08.765+0000][18586.344s] GC(17) Pause Young (Allocation Failure) 134M->56M(490M) 65.505ms
[2019-05-13T05:01:08.765+0000][18586.344s] GC(17) User=0.06s Sys=0.00s Real=0.06s
[2019-05-13T05:01:09.525+0000][18587.104s] GC(18) Pause Young (Allocation Failure)
[2019-05-13T05:01:09.525+0000][18587.105s] GC(18) Using 4 workers of 4 for evacuation
[2019-05-13T05:01:09.574+0000][18587.153s] GC(18) ParNew: 108448K->21824K(109248K)
[2019-05-13T05:01:09.574+0000][18587.153s] GC(18) CMS: 36890K->38129K(393216K)
[2019-05-13T05:01:09.574+0000][18587.153s] GC(18) Metaspace: 46767K->46767K(1091584K)
[2019-05-13T05:01:09.574+0000][18587.153s] GC(18) Pause Young (Allocation Failure) 141M->58M(490M) 48.927ms
[2019-05-13T05:01:09.574+0000][18587.153s] GC(18) User=0.05s Sys=0.00s Real=0.05s
[2019-05-13T05:36:17.457+0000][20695.036s] GC(19) Pause Young (Allocation Failure)
[2019-05-13T05:36:17.457+0000][20695.036s] GC(19) Using 4 workers of 4 for evacuation
[2019-05-13T05:36:17.500+0000][20695.079s] GC(19) ParNew: 109233K->21824K(109248K)
[2019-05-13T05:36:17.500+0000][20695.079s] GC(19) CMS: 38129K->38256K(393216K)
[2019-05-13T05:36:17.500+0000][20695.079s] GC(19) Metaspace: 47121K->47121K(1091584K)
[2019-05-13T05:36:17.500+0000][20695.079s] GC(19) Pause Young (Allocation Failure) 143M->58M(490M) 42.848ms
[2019-05-13T05:36:17.500+0000][20695.079s] GC(19) User=0.05s Sys=0.00s Real=0.05s
[2019-05-13T05:47:52.459+0000][21390.038s] GC(20) Pause Young (Allocation Failure)
[2019-05-13T05:47:52.459+0000][21390.038s] GC(20) Using 4 workers of 4 for evacuation
[2019-05-13T05:47:52.551+0000][21390.130s] GC(20) ParNew: 109246K->16068K(109248K)
[2019-05-13T05:47:52.551+0000][21390.130s] GC(20) CMS: 38256K->45918K(393216K)
[2019-05-13T05:47:52.551+0000][21390.130s] GC(20) Metaspace: 48212K->48212K(1093632K)
[2019-05-13T05:47:52.551+0000][21390.130s] GC(20) Pause Young (Allocation Failure) 144M->60M(490M) 92.095ms
[2019-05-13T05:47:52.551+0000][21390.130s] GC(20) User=0.09s Sys=0.00s Real=0.09s
[2019-05-13T05:48:29.290+0000][21426.869s] GC(21) Pause Young (Allocation Failure)
[2019-05-13T05:48:29.290+0000][21426.869s] GC(21) Using 4 workers of 4 for evacuation
[2019-05-13T05:48:29.324+0000][21426.904s] GC(21) ParNew: 103492K->14089K(109248K)
[2019-05-13T05:48:29.324+0000][21426.904s] GC(21) CMS: 45918K->46554K(393216K)
[2019-05-13T05:48:29.324+0000][21426.904s] GC(21) Metaspace: 48245K->48245K(1093632K)
[2019-05-13T05:48:29.325+0000][21426.904s] GC(21) Pause Young (Allocation Failure) 145M->59M(490M) 34.579ms
[2019-05-13T05:48:29.325+0000][21426.904s] GC(21) User=0.03s Sys=0.00s Real=0.03s
[2019-05-13T05:49:06.007+0000][21463.587s] GC(22) Pause Young (Allocation Failure)
[2019-05-13T05:49:06.007+0000][21463.587s] GC(22) Using 4 workers of 4 for evacuation
[2019-05-13T05:49:06.041+0000][21463.620s] GC(22) ParNew: 101513K->12981K(109248K)
[2019-05-13T05:49:06.041+0000][21463.620s] GC(22) CMS: 46554K->47016K(393216K)
[2019-05-13T05:49:06.041+0000][21463.620s] GC(22) Metaspace: 48245K->48245K(1093632K)
[2019-05-13T05:49:06.041+0000][21463.620s] GC(22) Pause Young (Allocation Failure) 144M->58M(490M) 33.214ms
[2019-05-13T05:49:06.041+0000][21463.620s] GC(22) User=0.03s Sys=0.00s Real=0.03s
[2019-05-13T05:49:10.040+0000][21467.619s] GC(23) Pause Initial Mark
[2019-05-13T05:49:10.051+0000][21467.630s] GC(23) Pause Initial Mark 84M->84M(490M) 10.607ms
[2019-05-13T05:49:10.051+0000][21467.630s] GC(23) User=0.01s Sys=0.00s Real=0.01s
[2019-05-13T05:49:10.051+0000][21467.630s] GC(23) Concurrent Mark
[2019-05-13T05:49:10.051+0000][21467.630s] GC(23) Using 4 workers of 4 for marking
[2019-05-13T05:49:10.111+0000][21467.690s] GC(23) Concurrent Mark 60.230ms
[2019-05-13T05:49:10.111+0000][21467.690s] GC(23) User=0.06s Sys=0.00s Real=0.06s
[2019-05-13T05:49:10.111+0000][21467.690s] GC(23) Concurrent Preclean
[2019-05-13T05:49:10.114+0000][21467.693s] GC(23) Concurrent Preclean 2.639ms
[2019-05-13T05:49:10.114+0000][21467.693s] GC(23) User=0.00s Sys=0.00s Real=0.00s
[2019-05-13T05:49:10.114+0000][21467.693s] GC(23) Concurrent Abortable Preclean
[2019-05-13T05:49:16.128+0000][21473.707s] GC(23) Concurrent Abortable Preclean 6013.603ms
[2019-05-13T05:49:16.128+0000][21473.707s] GC(23) User=2.81s Sys=0.00s Real=6.02s
[2019-05-13T05:49:16.128+0000][21473.707s] GC(23) Pause Remark
[2019-05-13T05:49:16.128+0000][21473.707s] GC(24) Pause Young (CMS Final Remark)
[2019-05-13T05:49:16.128+0000][21473.707s] GC(24) Using 4 workers of 4 for evacuation
[2019-05-13T05:49:16.164+0000][21473.743s] GC(24) ParNew: 54137K->11348K(109248K)
[2019-05-13T05:49:16.164+0000][21473.743s] GC(24) CMS: 47016K->47778K(393216K)
[2019-05-13T05:49:16.164+0000][21473.743s] GC(24) Metaspace: 48271K->48271K(1093632K)
[2019-05-13T05:49:16.164+0000][21473.743s] GC(24) Pause Young (CMS Final Remark) 98M->57M(490M) 36.389ms
[2019-05-13T05:49:16.164+0000][21473.743s] GC(24) User=0.04s Sys=0.00s Real=0.03s
[2019-05-13T05:49:16.234+0000][21473.813s] GC(23) Pause Remark 98M->57M(490M) 106.164ms
[2019-05-13T05:49:16.234+0000][21473.813s] GC(23) User=0.11s Sys=0.00s Real=0.10s
[2019-05-13T05:49:16.235+0000][21473.814s] GC(23) Concurrent Sweep
[2019-05-13T05:49:16.252+0000][21473.831s] GC(23) Concurrent Sweep 17.053ms
[2019-05-13T05:49:16.252+0000][21473.831s] GC(23) User=0.01s Sys=0.00s Real=0.02s
[2019-05-13T05:49:16.252+0000][21473.831s] GC(23) Concurrent Reset
[2019-05-13T05:49:16.253+0000][21473.832s] GC(23) Concurrent Reset 0.882ms
[2019-05-13T05:49:16.253+0000][21473.832s] GC(23) User=0.01s Sys=0.00s Real=0.00s
[2019-05-13T05:49:16.253+0000][21473.832s] GC(23) Old: 47016K->46747K(393216K)
[2019-05-13T05:49:51.756+0000][21509.335s] GC(25) Pause Young (Allocation Failure)
[2019-05-13T05:49:51.756+0000][21509.335s] GC(25) Using 4 workers of 4 for evacuation
[2019-05-13T05:49:51.790+0000][21509.369s] GC(25) ParNew: 98772K->14054K(109248K)
[2019-05-13T05:49:51.790+0000][21509.369s] GC(25) CMS: 46747K->46827K(393216K)
[2019-05-13T05:49:51.790+0000][21509.369s] GC(25) Metaspace: 47894K->47894K(1093632K)
[2019-05-13T05:49:51.790+0000][21509.369s] GC(25) Pause Young (Allocation Failure) 142M->59M(490M) 33.576ms
[2019-05-13T05:49:51.790+0000][21509.369s] GC(25) User=0.03s Sys=0.00s Real=0.04s
[2019-05-13T05:50:25.558+0000][21543.137s] GC(26) Pause Young (Allocation Failure)
[2019-05-13T05:50:25.558+0000][21543.137s] GC(26) Using 4 workers of 4 for evacuation
[2019-05-13T05:50:25.603+0000][21543.182s] GC(26) ParNew: 101475K->5235K(109248K)
[2019-05-13T05:50:25.603+0000][21543.182s] GC(26) CMS: 46827K->53916K(393216K)
[2019-05-13T05:50:25.603+0000][21543.182s] GC(26) Metaspace: 47952K->47952K(1093632K)
[2019-05-13T05:50:25.603+0000][21543.182s] GC(26) Pause Young (Allocation Failure) 144M->57M(490M) 45.050ms
[2019-05-13T05:50:25.603+0000][21543.182s] GC(26) User=0.04s Sys=0.01s Real=0.05s
[2019-05-13T05:50:51.693+0000][21569.272s] GC(27) Pause Young (Allocation Failure)
[2019-05-13T05:50:51.693+0000][21569.272s] GC(27) Using 4 workers of 4 for evacuation
[2019-05-13T05:50:51.709+0000][21569.289s] GC(27) ParNew: 92659K->2596K(109248K)
[2019-05-13T05:50:51.709+0000][21569.289s] GC(27) CMS: 53916K->54226K(393216K)
[2019-05-13T05:50:51.709+0000][21569.289s] GC(27) Metaspace: 47952K->47952K(1093632K)
[2019-05-13T05:50:51.709+0000][21569.289s] GC(27) Pause Young (Allocation Failure) 143M->55M(490M) 16.966ms
[2019-05-13T05:50:51.710+0000][21569.289s] GC(27) User=0.01s Sys=0.00s Real=0.02s
[2019-05-13T05:51:18.259+0000][21595.838s] GC(28) Pause Young (Allocation Failure)
[2019-05-13T05:51:18.259+0000][21595.838s] GC(28) Using 4 workers of 4 for evacuation
[2019-05-13T05:51:18.273+0000][21595.852s] GC(28) ParNew: 90020K->1345K(109248K)
[2019-05-13T05:51:18.273+0000][21595.852s] GC(28) CMS: 54226K->55131K(393216K)
[2019-05-13T05:51:18.273+0000][21595.852s] GC(28) Metaspace: 47961K->47961K(1093632K)
[2019-05-13T05:51:18.273+0000][21595.852s] GC(28) Pause Young (Allocation Failure) 140M->55M(490M) 14.642ms
[2019-05-13T05:51:18.273+0000][21595.852s] GC(28) User=0.02s Sys=0.00s Real=0.01s
[2019-05-13T05:51:44.794+0000][21622.373s] GC(29) Pause Young (Allocation Failure)
[2019-05-13T05:51:44.794+0000][21622.373s] GC(29) Using 4 workers of 4 for evacuation
[2019-05-13T05:51:44.811+0000][21622.390s] GC(29) ParNew: 88769K->1286K(109248K)
[2019-05-13T05:51:44.811+0000][21622.390s] GC(29) CMS: 55131K->55409K(393216K)
[2019-05-13T05:51:44.811+0000][21622.390s] GC(29) Metaspace: 47961K->47961K(1093632K)
[2019-05-13T05:51:44.811+0000][21622.390s] GC(29) Pause Young (Allocation Failure) 140M->55M(490M) 17.278ms
[2019-05-13T05:51:44.811+0000][21622.390s] GC(29) User=0.02s Sys=0.00s Real=0.02s
[2019-05-13T05:52:10.787+0000][21648.366s] GC(30) Pause Young (Allocation Failure)
[2019-05-13T05:52:10.787+0000][21648.366s] GC(30) Using 4 workers of 4 for evacuation
[2019-05-13T05:52:10.800+0000][21648.380s] GC(30) ParNew: 88710K->864K(109248K)
[2019-05-13T05:52:10.800+0000][21648.380s] GC(30) CMS: 55409K->55418K(393216K)
[2019-05-13T05:52:10.800+0000][21648.380s] GC(30) Metaspace: 47961K->47961K(1093632K)
[2019-05-13T05:52:10.801+0000][21648.380s] GC(30) Pause Young (Allocation Failure) 140M->54M(490M) 13.892ms
[2019-05-13T05:52:10.801+0000][21648.380s] GC(30) User=0.02s Sys=0.00s Real=0.01s
[2019-05-13T05:52:36.940+0000][21674.519s] GC(31) Pause Young (Allocation Failure)
[2019-05-13T05:52:36.940+0000][21674.519s] GC(31) Using 4 workers of 4 for evacuation
[2019-05-13T05:52:36.956+0000][21674.535s] GC(31) ParNew: 88288K->1208K(109248K)
[2019-05-13T05:52:36.956+0000][21674.535s] GC(31) CMS: 55418K->55430K(393216K)
[2019-05-13T05:52:36.956+0000][21674.535s] GC(31) Metaspace: 47970K->47970K(1093632K)
[2019-05-13T05:52:36.956+0000][21674.535s] GC(31) Pause Young (Allocation Failure) 140M->55M(490M) 15.980ms
[2019-05-13T05:52:36.956+0000][21674.535s] GC(31) User=0.01s Sys=0.00s Real=0.01s
[2019-05-13T05:53:03.004+0000][21700.583s] GC(32) Pause Young (Allocation Failure)
[2019-05-13T05:53:03.004+0000][21700.583s] GC(32) Using 4 workers of 4 for evacuation
[2019-05-13T05:53:03.020+0000][21700.599s] GC(32) ParNew: 88632K->1324K(109248K)
[2019-05-13T05:53:03.020+0000][21700.599s] GC(32) CMS: 55430K->55719K(393216K)
[2019-05-13T05:53:03.020+0000][21700.599s] GC(32) Metaspace: 47970K->47970K(1093632K)
[2019-05-13T05:53:03.020+0000][21700.600s] GC(32) Pause Young (Allocation Failure) 140M->55M(490M) 16.470ms
[2019-05-13T05:53:03.020+0000][21700.600s] GC(32) User=0.01s Sys=0.00s Real=0.02s
[2019-05-13T05:53:29.336+0000][21726.915s] GC(33) Pause Young (Allocation Failure)
[2019-05-13T05:53:29.336+0000][21726.915s] GC(33) Using 4 workers of 4 for evacuation
[2019-05-13T05:53:29.352+0000][21726.931s] GC(33) ParNew: 88748K->1046K(109248K)
[2019-05-13T05:53:29.352+0000][21726.931s] GC(33) CMS: 55719K->55762K(393216K)
[2019-05-13T05:53:29.352+0000][21726.931s] GC(33) Metaspace: 47970K->47970K(1093632K)
[2019-05-13T05:53:29.352+0000][21726.931s] GC(33) Pause Young (Allocation Failure) 141M->55M(490M) 16.125ms
[2019-05-13T05:53:29.352+0000][21726.931s] GC(33) User=0.01s Sys=0.00s Real=0.02s
[2019-05-13T05:53:55.944+0000][21753.523s] GC(34) Pause Young (Allocation Failure)
[2019-05-13T05:53:55.944+0000][21753.524s] GC(34) Using 4 workers of 4 for evacuation
[2019-05-13T05:53:55.956+0000][21753.535s] GC(34) ParNew: 88470K->1340K(109248K)
[2019-05-13T05:53:55.956+0000][21753.536s] GC(34) CMS: 55762K->55850K(393216K)
[2019-05-13T05:53:55.956+0000][21753.536s] GC(34) Metaspace: 47970K->47970K(1093632K)
[2019-05-13T05:53:55.956+0000][21753.536s] GC(34) Pause Young (Allocation Failure) 140M->55M(490M) 12.061ms
[2019-05-13T05:53:55.956+0000][21753.536s] GC(34) User=0.01s Sys=0.00s Real=0.01s
[2019-05-13T05:54:31.108+0000][21788.688s] GC(35) Pause Young (Allocation Failure)
[2019-05-13T05:54:31.109+0000][21788.688s] GC(35) Using 4 workers of 4 for evacuation
[2019-05-13T05:54:31.125+0000][21788.704s] GC(35) ParNew: 88764K->1493K(109248K)
[2019-05-13T05:54:31.125+0000][21788.704s] GC(35) CMS: 55850K->55883K(393216K)
[2019-05-13T05:54:31.125+0000][21788.704s] GC(35) Metaspace: 47970K->47970K(1093632K)
[2019-05-13T05:54:31.125+0000][21788.704s] GC(35) Pause Young (Allocation Failure) 141M->56M(490M) 16.667ms
[2019-05-13T05:54:31.125+0000][21788.704s] GC(35) User=0.02s Sys=0.00s Real=0.01s
[2019-05-13T05:55:18.190+0000][21835.769s] GC(36) Pause Young (Allocation Failure)
[2019-05-13T05:55:18.190+0000][21835.769s] GC(36) Using 4 workers of 4 for evacuation
[2019-05-13T05:55:18.208+0000][21835.787s] GC(36) ParNew: 88917K->1357K(109248K)
[2019-05-13T05:55:18.208+0000][21835.787s] GC(36) CMS: 55883K->55929K(393216K)
[2019-05-13T05:55:18.208+0000][21835.787s] GC(36) Metaspace: 47976K->47976K(1093632K)
[2019-05-13T05:55:18.208+0000][21835.787s] GC(36) Pause Young (Allocation Failure) 141M->55M(490M) 18.033ms
[2019-05-13T05:55:18.208+0000][21835.787s] GC(36) User=0.02s Sys=0.00s Real=0.02s
[2019-05-13T06:32:42.179+0000][24079.758s] GC(37) Pause Young (Allocation Failure)
[2019-05-13T06:32:42.182+0000][24079.761s] GC(37) Using 4 workers of 4 for evacuation
[2019-05-13T06:32:42.205+0000][24079.784s] GC(37) ParNew: 88702K->3323K(109248K)
[2019-05-13T06:32:42.205+0000][24079.784s] GC(37) CMS: 55929K->55989K(393216K)
[2019-05-13T06:32:42.205+0000][24079.784s] GC(37) Metaspace: 48170K->48170K(1093632K)
[2019-05-13T06:32:42.205+0000][24079.784s] GC(37) Pause Young (Allocation Failure) 141M->57M(490M) 26.811ms
[2019-05-13T06:32:42.205+0000][24079.784s] GC(37) User=0.02s Sys=0.00s Real=0.02s
[2019-05-13T06:39:14.011+0000][24471.590s] GC(38) Pause Young (Allocation Failure)
[2019-05-13T06:39:14.011+0000][24471.590s] GC(38) Using 4 workers of 4 for evacuation
[2019-05-13T06:39:14.028+0000][24471.607s] GC(38) ParNew: 90747K->3610K(109248K)
[2019-05-13T06:39:14.028+0000][24471.607s] GC(38) CMS: 55989K->56090K(393216K)
[2019-05-13T06:39:14.028+0000][24471.607s] GC(38) Metaspace: 48293K->48293K(1093632K)
[2019-05-13T06:39:14.028+0000][24471.607s] GC(38) Pause Young (Allocation Failure) 143M->58M(490M) 17.715ms
[2019-05-13T06:39:14.028+0000][24471.607s] GC(38) User=0.02s Sys=0.00s Real=0.02s
[2019-05-13T07:24:46.692+0000][27204.271s] GC(39) Pause Young (Allocation Failure)
[2019-05-13T07:24:46.692+0000][27204.271s] GC(39) Using 4 workers of 4 for evacuation
[2019-05-13T07:24:46.703+0000][27204.283s] GC(39) ParNew: 90546K->3469K(109248K)
[2019-05-13T07:24:46.703+0000][27204.283s] GC(39) CMS: 56090K->56224K(393216K)
[2019-05-13T07:24:46.703+0000][27204.283s] GC(39) Metaspace: 48395K->48395K(1093632K)
[2019-05-13T07:24:46.704+0000][27204.283s] GC(39) Pause Young (Allocation Failure) 143M->58M(490M) 11.916ms
[2019-05-13T07:24:46.704+0000][27204.283s] GC(39) User=0.01s Sys=0.00s Real=0.01s
[2019-05-13T08:29:58.296+0000][31115.875s] GC(40) Pause Young (Allocation Failure)
[2019-05-13T08:29:58.296+0000][31115.875s] GC(40) Using 4 workers of 4 for evacuation
[2019-05-13T08:29:58.314+0000][31115.893s] GC(40) ParNew: 90893K->3455K(109248K)
[2019-05-13T08:29:58.314+0000][31115.893s] GC(40) CMS: 56224K->56361K(393216K)
[2019-05-13T08:29:58.314+0000][31115.893s] GC(40) Metaspace: 48493K->48493K(1093632K)
[2019-05-13T08:29:58.314+0000][31115.893s] GC(40) Pause Young (Allocation Failure) 143M->58M(490M) 18.468ms
[2019-05-13T08:29:58.314+0000][31115.893s] GC(40) User=0.02s Sys=0.00s Real=0.02s
[2019-05-13T11:23:23.422+0000][41521.001s] GC(41) Pause Young (Allocation Failure)
[2019-05-13T11:23:23.422+0000][41521.001s] GC(41) Using 4 workers of 4 for evacuation
[2019-05-13T11:23:23.443+0000][41521.022s] GC(41) ParNew: 90656K->3443K(109248K)
[2019-05-13T11:23:23.443+0000][41521.022s] GC(41) CMS: 56361K->56500K(393216K)
[2019-05-13T11:23:23.443+0000][41521.022s] GC(41) Metaspace: 48529K->48529K(1093632K)
[2019-05-13T11:23:23.443+0000][41521.022s] GC(41) Pause Young (Allocation Failure) 143M->58M(490M) 20.296ms
[2019-05-13T11:23:23.443+0000][41521.022s] GC(41) User=0.02s Sys=0.00s Real=0.02s
[2019-05-13T12:01:04.715+0000][43782.294s] GC(42) Pause Young (Allocation Failure)
[2019-05-13T12:01:04.715+0000][43782.294s] GC(42) Using 4 workers of 4 for evacuation
[2019-05-13T12:01:04.735+0000][43782.314s] GC(42) ParNew: 90867K->3054K(109248K)
[2019-05-13T12:01:04.735+0000][43782.314s] GC(42) CMS: 56500K->56648K(393216K)
[2019-05-13T12:01:04.735+0000][43782.314s] GC(42) Metaspace: 48714K->48714K(1093632K)
[2019-05-13T12:01:04.735+0000][43782.314s] GC(42) Pause Young (Allocation Failure) 143M->58M(490M) 20.218ms
[2019-05-13T12:01:04.735+0000][43782.314s] GC(42) User=0.02s Sys=0.00s Real=0.02s
[2019-05-13T16:47:30.387+0000][60967.966s] GC(43) Pause Young (Allocation Failure)
[2019-05-13T16:47:30.387+0000][60967.966s] GC(43) Using 4 workers of 4 for evacuation
[2019-05-13T16:47:30.405+0000][60967.984s] GC(43) ParNew: 90478K->2055K(109248K)
[2019-05-13T16:47:30.405+0000][60967.984s] GC(43) CMS: 56648K->56792K(393216K)
[2019-05-13T16:47:30.405+0000][60967.984s] GC(43) Metaspace: 48738K->48738K(1093632K)
[2019-05-13T16:47:30.405+0000][60967.984s] GC(43) Pause Young (Allocation Failure) 143M->57M(490M) 17.793ms
[2019-05-13T16:47:30.405+0000][60967.984s] GC(43) User=0.02s Sys=0.00s Real=0.01s
[2019-05-13T22:01:39.259+0000][79816.838s] GC(44) Pause Young (Allocation Failure)
[2019-05-13T22:01:39.260+0000][79816.839s] GC(44) Using 4 workers of 4 for evacuation
[2019-05-13T22:01:39.274+0000][79816.853s] GC(44) ParNew: 89380K->3319K(109248K)
[2019-05-13T22:01:39.274+0000][79816.853s] GC(44) CMS: 56792K->56957K(393216K)
[2019-05-13T22:01:39.274+0000][79816.853s] GC(44) Metaspace: 48758K->48758K(1093632K)
[2019-05-13T22:01:39.274+0000][79816.853s] GC(44) Pause Young (Allocation Failure) 142M->58M(490M) 15.022ms
[2019-05-13T22:01:39.274+0000][79816.853s] GC(44) User=0.01s Sys=0.00s Real=0.01s
[2019-05-13T22:42:18.644+0000][82256.223s] GC(45) Pause Young (Allocation Failure)
[2019-05-13T22:42:18.644+0000][82256.223s] GC(45) Using 4 workers of 4 for evacuation
[2019-05-13T22:42:18.662+0000][82256.241s] GC(45) ParNew: 90266K->3040K(109248K)
[2019-05-13T22:42:18.662+0000][82256.241s] GC(45) CMS: 56957K->57046K(393216K)
[2019-05-13T22:42:18.662+0000][82256.241s] GC(45) Metaspace: 48800K->48800K(1093632K)
[2019-05-13T22:42:18.662+0000][82256.241s] GC(45) Pause Young (Allocation Failure) 143M->58M(490M) 17.702ms
[2019-05-13T22:42:18.662+0000][82256.241s] GC(45) User=0.01s Sys=0.01s Real=0.02s
[2019-05-14T02:29:31.312+0000][95888.891s] GC(46) Pause Young (Allocation Failure)
[2019-05-14T02:29:31.312+0000][95888.891s] GC(46) Using 4 workers of 4 for evacuation
[2019-05-14T02:29:31.331+0000][95888.911s] GC(46) ParNew: 90464K->1942K(109248K)
[2019-05-14T02:29:31.331+0000][95888.911s] GC(46) CMS: 57046K->57067K(393216K)
[2019-05-14T02:29:31.331+0000][95888.911s] GC(46) Metaspace: 48826K->48826K(1093632K)
[2019-05-14T02:29:31.331+0000][95888.911s] GC(46) Pause Young (Allocation Failure) 144M->57M(490M) 19.477ms
[2019-05-14T02:29:31.332+0000][95888.911s] GC(46) User=0.02s Sys=0.00s Real=0.02s
[2019-05-14T07:36:31.883+0000][114309.462s] GC(47) Pause Young (Allocation Failure)
[2019-05-14T07:36:31.883+0000][114309.463s] GC(47) Using 4 workers of 4 for evacuation
[2019-05-14T07:36:31.901+0000][114309.480s] GC(47) ParNew: 89366K->1800K(109248K)
[2019-05-14T07:36:31.901+0000][114309.480s] GC(47) CMS: 57067K->57154K(393216K)
[2019-05-14T07:36:31.901+0000][114309.480s] GC(47) Metaspace: 48832K->48832K(1093632K)
[2019-05-14T07:36:31.901+0000][114309.480s] GC(47) Pause Young (Allocation Failure) 143M->57M(490M) 17.653ms
[2019-05-14T07:36:31.901+0000][114309.480s] GC(47) User=0.02s Sys=0.00s Real=0.02s
[2019-05-14T12:53:25.489+0000][133323.068s] GC(48) Pause Young (Allocation Failure)
[2019-05-14T12:53:25.489+0000][133323.068s] GC(48) Using 4 workers of 4 for evacuation
[2019-05-14T12:53:25.508+0000][133323.087s] GC(48) ParNew: 89224K->1549K(109248K)
[2019-05-14T12:53:25.508+0000][133323.087s] GC(48) CMS: 57154K->57344K(393216K)
[2019-05-14T12:53:25.508+0000][133323.087s] GC(48) Metaspace: 48832K->48832K(1093632K)
[2019-05-14T12:53:25.508+0000][133323.087s] GC(48) Pause Young (Allocation Failure) 142M->57M(490M) 19.354ms
[2019-05-14T12:53:25.508+0000][133323.087s] GC(48) User=0.02s Sys=0.00s Real=0.02s
[2019-05-14T15:47:23.733+0000][143761.313s] GC(49) Pause Young (Allocation Failure)
[2019-05-14T15:47:23.741+0000][143761.320s] GC(49) Using 4 workers of 4 for evacuation
[2019-05-14T15:47:23.759+0000][143761.338s] GC(49) ParNew: 88963K->1598K(109248K)
[2019-05-14T15:47:23.759+0000][143761.338s] GC(49) CMS: 57344K->57354K(393216K)
[2019-05-14T15:47:23.759+0000][143761.338s] GC(49) Metaspace: 48865K->48865K(1093632K)
[2019-05-14T15:47:23.759+0000][143761.338s] GC(49) Pause Young (Allocation Failure) 142M->57M(490M) 25.339ms
[2019-05-14T15:47:23.759+0000][143761.338s] GC(49) User=0.02s Sys=0.00s Real=0.03s
[2019-05-14T16:13:57.117+0000][145354.696s] GC(50) Pause Young (Allocation Failure)
[2019-05-14T16:13:57.117+0000][145354.696s] GC(50) Using 4 workers of 4 for evacuation
[2019-05-14T16:13:57.135+0000][145354.714s] GC(50) ParNew: 88618K->1878K(109248K)
[2019-05-14T16:13:57.135+0000][145354.715s] GC(50) CMS: 57354K->57462K(393216K)
[2019-05-14T16:13:57.135+0000][145354.715s] GC(50) Metaspace: 49276K->49276K(1093632K)
[2019-05-14T16:13:57.135+0000][145354.715s] GC(50) Pause Young (Allocation Failure) 142M->57M(490M) 18.775ms
[2019-05-14T16:13:57.135+0000][145354.715s] GC(50) User=0.02s Sys=0.00s Real=0.02s
[2019-05-14T16:55:58.050+0000][147875.629s] GC(51) Pause Young (Allocation Failure)
[2019-05-14T16:55:58.050+0000][147875.629s] GC(51) Using 4 workers of 4 for evacuation
[2019-05-14T16:55:58.067+0000][147875.646s] GC(51) ParNew: 89302K->1665K(109248K)
[2019-05-14T16:55:58.067+0000][147875.646s] GC(51) CMS: 57462K->57490K(393216K)
[2019-05-14T16:55:58.067+0000][147875.646s] GC(51) Metaspace: 49378K->49378K(1095680K)
[2019-05-14T16:55:58.067+0000][147875.646s] GC(51) Pause Young (Allocation Failure) 143M->57M(490M) 16.750ms
[2019-05-14T16:55:58.067+0000][147875.646s] GC(51) User=0.02s Sys=0.00s Real=0.02s
[2019-05-14T17:36:30.575+0000][150308.154s] GC(52) Pause Young (Allocation Failure)
[2019-05-14T17:36:30.575+0000][150308.154s] GC(52) Using 4 workers of 4 for evacuation
[2019-05-14T17:36:30.589+0000][150308.168s] GC(52) ParNew: 89081K->1782K(109248K)
[2019-05-14T17:36:30.589+0000][150308.168s] GC(52) CMS: 57490K->57492K(393216K)
[2019-05-14T17:36:30.589+0000][150308.168s] GC(52) Metaspace: 49411K->49411K(1095680K)
[2019-05-14T17:36:30.589+0000][150308.168s] GC(52) Pause Young (Allocation Failure) 143M->57M(490M) 13.721ms
[2019-05-14T17:36:30.589+0000][150308.168s] GC(52) User=0.01s Sys=0.00s Real=0.02s
[2019-05-14T17:43:17.408+0000][150714.987s] GC(53) Pause Young (Allocation Failure)
[2019-05-14T17:43:17.408+0000][150714.987s] GC(53) Using 4 workers of 4 for evacuation
[2019-05-14T17:43:17.424+0000][150715.003s] GC(53) ParNew: 89206K->1392K(109248K)
[2019-05-14T17:43:17.424+0000][150715.003s] GC(53) CMS: 57492K->57502K(393216K)
[2019-05-14T17:43:17.424+0000][150715.003s] GC(53) Metaspace: 49411K->49411K(1095680K)
[2019-05-14T17:43:17.424+0000][150715.003s] GC(53) Pause Young (Allocation Failure) 143M->57M(490M) 16.288ms
[2019-05-14T17:43:17.424+0000][150715.003s] GC(53) User=0.02s Sys=0.00s Real=0.01s
[2019-05-14T18:04:33.102+0000][151990.681s] GC(54) Pause Young (Allocation Failure)
[2019-05-14T18:04:33.102+0000][151990.681s] GC(54) Using 4 workers of 4 for evacuation
[2019-05-14T18:04:33.117+0000][151990.696s] GC(54) ParNew: 88816K->1345K(109248K)
[2019-05-14T18:04:33.117+0000][151990.696s] GC(54) CMS: 57502K->57512K(393216K)
[2019-05-14T18:04:33.117+0000][151990.696s] GC(54) Metaspace: 49411K->49411K(1095680K)
[2019-05-14T18:04:33.117+0000][151990.696s] GC(54) Pause Young (Allocation Failure) 142M->57M(490M) 14.900ms
[2019-05-14T18:04:33.117+0000][151990.696s] GC(54) User=0.01s Sys=0.00s Real=0.01s
[2019-05-14T18:14:28.180+0000][152585.759s] GC(55) Pause Young (Allocation Failure)
[2019-05-14T18:14:28.181+0000][152585.760s] GC(55) Using 4 workers of 4 for evacuation
[2019-05-14T18:14:28.199+0000][152585.778s] GC(55) ParNew: 88769K->1578K(109248K)
[2019-05-14T18:14:28.199+0000][152585.778s] GC(55) CMS: 57512K->57579K(393216K)
[2019-05-14T18:14:28.199+0000][152585.778s] GC(55) Metaspace: 49426K->49426K(1095680K)
[2019-05-14T18:14:28.199+0000][152585.778s] GC(55) Pause Young (Allocation Failure) 142M->57M(490M) 18.528ms
[2019-05-14T18:14:28.199+0000][152585.778s] GC(55) User=0.02s Sys=0.00s Real=0.02s
[2019-05-14T18:29:24.299+0000][153481.878s] GC(56) Pause Young (Allocation Failure)
[2019-05-14T18:29:24.299+0000][153481.878s] GC(56) Using 4 workers of 4 for evacuation
[2019-05-14T18:29:24.316+0000][153481.895s] GC(56) ParNew: 89002K->1917K(109248K)
[2019-05-14T18:29:24.316+0000][153481.895s] GC(56) CMS: 57579K->57579K(393216K)
[2019-05-14T18:29:24.316+0000][153481.895s] GC(56) Metaspace: 49428K->49428K(1095680K)
[2019-05-14T18:29:24.316+0000][153481.895s] GC(56) Pause Young (Allocation Failure) 143M->58M(490M) 16.830ms
[2019-05-14T18:29:24.316+0000][153481.895s] GC(56) User=0.01s Sys=0.00s Real=0.01s
[2019-05-14T18:48:41.377+0000][154638.956s] GC(57) Pause Young (Allocation Failure)
[2019-05-14T18:48:41.377+0000][154638.956s] GC(57) Using 4 workers of 4 for evacuation
[2019-05-14T18:48:41.386+0000][154638.965s] GC(57) ParNew: 89341K->1773K(109248K)
[2019-05-14T18:48:41.386+0000][154638.965s] GC(57) CMS: 57579K->57590K(393216K)
[2019-05-14T18:48:41.386+0000][154638.965s] GC(57) Metaspace: 49461K->49461K(1095680K)
[2019-05-14T18:48:41.386+0000][154638.965s] GC(57) Pause Young (Allocation Failure) 143M->57M(490M) 8.947ms
[2019-05-14T18:48:41.386+0000][154638.965s] GC(57) User=0.01s Sys=0.00s Real=0.02s
[2019-05-14T19:19:54.186+0000][156511.765s] GC(58) Pause Young (Allocation Failure)
[2019-05-14T19:19:54.186+0000][156511.765s] GC(58) Using 4 workers of 4 for evacuation
[2019-05-14T19:19:54.202+0000][156511.781s] GC(58) ParNew: 89197K->1669K(109248K)
[2019-05-14T19:19:54.202+0000][156511.781s] GC(58) CMS: 57590K->57633K(393216K)
[2019-05-14T19:19:54.202+0000][156511.781s] GC(58) Metaspace: 49461K->49461K(1095680K)
[2019-05-14T19:19:54.202+0000][156511.781s] GC(58) Pause Young (Allocation Failure) 143M->57M(490M) 15.399ms
[2019-05-14T19:19:54.202+0000][156511.781s] GC(58) User=0.02s Sys=0.00s Real=0.01s
[2019-05-14T19:43:24.052+0000][157921.631s] GC(59) Pause Young (Allocation Failure)
[2019-05-14T19:43:24.052+0000][157921.631s] GC(59) Using 4 workers of 4 for evacuation
[2019-05-14T19:43:24.070+0000][157921.649s] GC(59) ParNew: 89093K->1603K(109248K)
[2019-05-14T19:43:24.070+0000][157921.649s] GC(59) CMS: 57633K->57662K(393216K)
[2019-05-14T19:43:24.070+0000][157921.649s] GC(59) Metaspace: 49474K->49474K(1095680K)
[2019-05-14T19:43:24.070+0000][157921.649s] GC(59) Pause Young (Allocation Failure) 143M->57M(490M) 18.664ms
[2019-05-14T19:43:24.070+0000][157921.649s] GC(59) User=0.01s Sys=0.00s Real=0.02s
[2019-05-14T19:57:54.629+0000][158792.208s] GC(60) Pause Young (Allocation Failure)
[2019-05-14T19:57:54.629+0000][158792.208s] GC(60) Using 4 workers of 4 for evacuation
[2019-05-14T19:57:54.648+0000][158792.227s] GC(60) ParNew: 89027K->1968K(109248K)
[2019-05-14T19:57:54.648+0000][158792.227s] GC(60) CMS: 57662K->57664K(393216K)
[2019-05-14T19:57:54.648+0000][158792.227s] GC(60) Metaspace: 49477K->49477K(1095680K)
[2019-05-14T19:57:54.648+0000][158792.227s] GC(60) Pause Young (Allocation Failure) 143M->58M(490M) 18.624ms
[2019-05-14T19:57:54.648+0000][158792.227s] GC(60) User=0.02s Sys=0.00s Real=0.02s
[2019-05-14T20:15:59.323+0000][159876.902s] GC(61) Pause Young (Allocation Failure)
[2019-05-14T20:15:59.323+0000][159876.902s] GC(61) Using 4 workers of 4 for evacuation
[2019-05-14T20:15:59.339+0000][159876.918s] GC(61) ParNew: 89392K->2719K(109248K)
[2019-05-14T20:15:59.339+0000][159876.918s] GC(61) CMS: 57664K->57664K(393216K)
[2019-05-14T20:15:59.339+0000][159876.918s] GC(61) Metaspace: 49480K->49480K(1095680K)
[2019-05-14T20:15:59.339+0000][159876.918s] GC(61) Pause Young (Allocation Failure) 143M->58M(490M) 16.062ms
[2019-05-14T20:15:59.339+0000][159876.918s] GC(61) User=0.01s Sys=0.00s Real=0.02s
[2019-05-14T20:28:41.536+0000][160639.115s] GC(62) Pause Young (Allocation Failure)
[2019-05-14T20:28:41.536+0000][160639.115s] GC(62) Using 4 workers of 4 for evacuation
[2019-05-14T20:28:41.560+0000][160639.139s] GC(62) ParNew: 89665K->3016K(109248K)
[2019-05-14T20:28:41.560+0000][160639.139s] GC(62) CMS: 57664K->57664K(393216K)
[2019-05-14T20:28:41.560+0000][160639.139s] GC(62) Metaspace: 49518K->49518K(1095680K)
[2019-05-14T20:28:41.560+0000][160639.139s] GC(62) Pause Young (Allocation Failure) 143M->59M(490M) 23.945ms
[2019-05-14T20:28:41.560+0000][160639.139s] GC(62) User=0.02s Sys=0.00s Real=0.03s
[2019-05-14T20:33:31.109+0000][160928.688s] GC(63) Pause Young (Allocation Failure)
[2019-05-14T20:33:31.109+0000][160928.688s] GC(63) Using 4 workers of 4 for evacuation
[2019-05-14T20:33:31.121+0000][160928.700s] GC(63) ParNew: 90186K->3649K(109248K)
[2019-05-14T20:33:31.121+0000][160928.700s] GC(63) CMS: 57664K->57665K(393216K)
[2019-05-14T20:33:31.121+0000][160928.700s] GC(63) Metaspace: 49536K->49536K(1095680K)
[2019-05-14T20:33:31.121+0000][160928.700s] GC(63) Pause Young (Allocation Failure) 144M->59M(490M) 12.339ms
[2019-05-14T20:33:31.121+0000][160928.700s] GC(63) User=0.01s Sys=0.00s Real=0.01s
[2019-05-14T20:38:17.525+0000][161215.104s] GC(64) Pause Young (Allocation Failure)
[2019-05-14T20:38:17.525+0000][161215.104s] GC(64) Using 4 workers of 4 for evacuation
[2019-05-14T20:38:17.547+0000][161215.126s] GC(64) ParNew: 90963K->3058K(109248K)
[2019-05-14T20:38:17.547+0000][161215.126s] GC(64) CMS: 57665K->57678K(393216K)
[2019-05-14T20:38:17.547+0000][161215.126s] GC(64) Metaspace: 49584K->49584K(1095680K)
[2019-05-14T20:38:17.547+0000][161215.126s] GC(64) Pause Young (Allocation Failure) 145M->59M(490M) 22.268ms
[2019-05-14T20:38:17.547+0000][161215.126s] GC(64) User=0.02s Sys=0.00s Real=0.03s
[2019-05-14T20:52:58.367+0000][162095.946s] GC(65) Pause Young (Allocation Failure)
[2019-05-14T20:52:58.367+0000][162095.946s] GC(65) Using 4 workers of 4 for evacuation
[2019-05-14T20:52:58.384+0000][162095.963s] GC(65) ParNew: 90482K->2774K(109248K)
[2019-05-14T20:52:58.384+0000][162095.963s] GC(65) CMS: 57678K->57683K(393216K)
[2019-05-14T20:52:58.384+0000][162095.963s] GC(65) Metaspace: 49587K->49587K(1095680K)
[2019-05-14T20:52:58.384+0000][162095.963s] GC(65) Pause Young (Allocation Failure) 144M->59M(490M) 16.504ms
[2019-05-14T20:52:58.384+0000][162095.963s] GC(65) User=0.02s Sys=0.00s Real=0.01s
[2019-05-14T21:05:57.928+0000][162875.507s] GC(66) Pause Young (Allocation Failure)
[2019-05-14T21:05:57.928+0000][162875.507s] GC(66) Using 4 workers of 4 for evacuation
[2019-05-14T21:05:57.946+0000][162875.525s] GC(66) ParNew: 90198K->1760K(109248K)
[2019-05-14T21:05:57.946+0000][162875.526s] GC(66) CMS: 57683K->57683K(393216K)
[2019-05-14T21:05:57.946+0000][162875.526s] GC(66) Metaspace: 49596K->49596K(1095680K)
[2019-05-14T21:05:57.946+0000][162875.526s] GC(66) Pause Young (Allocation Failure) 144M->58M(490M) 18.420ms
[2019-05-14T21:05:57.946+0000][162875.526s] GC(66) User=0.01s Sys=0.00s Real=0.02s
[2019-05-14T21:22:43.354+0000][163880.933s] GC(67) Pause Young (Allocation Failure)
[2019-05-14T21:22:43.354+0000][163880.933s] GC(67) Using 4 workers of 4 for evacuation
[2019-05-14T21:22:43.370+0000][163880.949s] GC(67) ParNew: 89184K->1530K(109248K)
[2019-05-14T21:22:43.370+0000][163880.949s] GC(67) CMS: 57683K->57699K(393216K)
[2019-05-14T21:22:43.370+0000][163880.949s] GC(67) Metaspace: 49596K->49596K(1095680K)
[2019-05-14T21:22:43.370+0000][163880.949s] GC(67) Pause Young (Allocation Failure) 143M->57M(490M) 16.081ms
[2019-05-14T21:22:43.370+0000][163880.949s] GC(67) User=0.01s Sys=0.00s Real=0.02s
[2019-05-14T22:02:51.277+0000][166288.856s] GC(68) Pause Young (Allocation Failure)
[2019-05-14T22:02:51.277+0000][166288.856s] GC(68) Using 4 workers of 4 for evacuation
[2019-05-14T22:02:51.294+0000][166288.873s] GC(68) ParNew: 88954K->1418K(109248K)
[2019-05-14T22:02:51.294+0000][166288.873s] GC(68) CMS: 57699K->57700K(393216K)
[2019-05-14T22:02:51.294+0000][166288.873s] GC(68) Metaspace: 49601K->49601K(1095680K)
[2019-05-14T22:02:51.294+0000][166288.873s] GC(68) Pause Young (Allocation Failure) 143M->57M(490M) 17.077ms
[2019-05-14T22:02:51.294+0000][166288.873s] GC(68) User=0.02s Sys=0.00s Real=0.02s
[2019-05-14T22:24:23.878+0000][167581.457s] GC(69) Pause Young (Allocation Failure)
[2019-05-14T22:24:23.878+0000][167581.457s] GC(69) Using 4 workers of 4 for evacuation
[2019-05-14T22:24:23.895+0000][167581.474s] GC(69) ParNew: 88842K->1374K(109248K)
[2019-05-14T22:24:23.895+0000][167581.474s] GC(69) CMS: 57700K->57700K(393216K)
[2019-05-14T22:24:23.895+0000][167581.474s] GC(69) Metaspace: 49604K->49604K(1095680K)
[2019-05-14T22:24:23.895+0000][167581.474s] GC(69) Pause Young (Allocation Failure) 143M->57M(490M) 17.479ms
[2019-05-14T22:24:23.895+0000][167581.474s] GC(69) User=0.01s Sys=0.00s Real=0.02s
[2019-05-14T22:44:04.211+0000][168761.790s] GC(70) Pause Young (Allocation Failure)
[2019-05-14T22:44:04.211+0000][168761.790s] GC(70) Using 4 workers of 4 for evacuation
[2019-05-14T22:44:04.228+0000][168761.807s] GC(70) ParNew: 88798K->1804K(109248K)
[2019-05-14T22:44:04.228+0000][168761.807s] GC(70) CMS: 57700K->57704K(393216K)
[2019-05-14T22:44:04.228+0000][168761.807s] GC(70) Metaspace: 49606K->49606K(1095680K)
[2019-05-14T22:44:04.228+0000][168761.807s] GC(70) Pause Young (Allocation Failure) 143M->58M(490M) 16.970ms
[2019-05-14T22:44:04.228+0000][168761.807s] GC(70) User=0.02s Sys=0.00s Real=0.02s
[2019-05-14T22:53:14.891+0000][169312.470s] GC(71) Pause Young (Allocation Failure)
[2019-05-14T22:53:14.891+0000][169312.470s] GC(71) Using 4 workers of 4 for evacuation
[2019-05-14T22:53:14.907+0000][169312.486s] GC(71) ParNew: 89228K->1740K(109248K)
[2019-05-14T22:53:14.907+0000][169312.487s] GC(71) CMS: 57704K->57713K(393216K)
[2019-05-14T22:53:14.907+0000][169312.487s] GC(71) Metaspace: 49637K->49637K(1095680K)
[2019-05-14T22:53:14.907+0000][169312.487s] GC(71) Pause Young (Allocation Failure) 143M->58M(490M) 16.380ms
[2019-05-14T22:53:14.907+0000][169312.487s] GC(71) User=0.01s Sys=0.00s Real=0.02s
[2019-05-14T23:02:05.516+0000][169843.095s] GC(72) Pause Young (Allocation Failure)
[2019-05-14T23:02:05.516+0000][169843.096s] GC(72) Using 4 workers of 4 for evacuation
[2019-05-14T23:02:05.535+0000][169843.114s] GC(72) ParNew: 89164K->1405K(109248K)
[2019-05-14T23:02:05.535+0000][169843.114s] GC(72) CMS: 57713K->57722K(393216K)
[2019-05-14T23:02:05.535+0000][169843.114s] GC(72) Metaspace: 49650K->49650K(1095680K)
[2019-05-14T23:02:05.535+0000][169843.114s] GC(72) Pause Young (Allocation Failure) 143M->57M(490M) 18.574ms
[2019-05-14T23:02:05.535+0000][169843.114s] GC(72) User=0.02s Sys=0.00s Real=0.02s
[2019-05-14T23:12:47.307+0000][170484.886s] GC(73) Pause Young (Allocation Failure)
[2019-05-14T23:12:47.307+0000][170484.886s] GC(73) Using 4 workers of 4 for evacuation
[2019-05-14T23:12:47.321+0000][170484.900s] GC(73) ParNew: 88829K->1471K(109248K)
[2019-05-14T23:12:47.321+0000][170484.900s] GC(73) CMS: 57722K->57723K(393216K)
[2019-05-14T23:12:47.321+0000][170484.900s] GC(73) Metaspace: 49650K->49650K(1095680K)
[2019-05-14T23:12:47.321+0000][170484.900s] GC(73) Pause Young (Allocation Failure) 143M->57M(490M) 14.114ms
[2019-05-14T23:12:47.321+0000][170484.900s] GC(73) User=0.02s Sys=0.00s Real=0.01s
[2019-05-14T23:17:26.880+0000][170764.459s] GC(74) Pause Young (Allocation Failure)
[2019-05-14T23:17:26.880+0000][170764.459s] GC(74) Using 4 workers of 4 for evacuation
[2019-05-14T23:17:26.897+0000][170764.476s] GC(74) ParNew: 88895K->1689K(109248K)
[2019-05-14T23:17:26.897+0000][170764.476s] GC(74) CMS: 57723K->57727K(393216K)
[2019-05-14T23:17:26.897+0000][170764.476s] GC(74) Metaspace: 49655K->49655K(1095680K)
[2019-05-14T23:17:26.897+0000][170764.476s] GC(74) Pause Young (Allocation Failure) 143M->58M(490M) 17.305ms
[2019-05-14T23:17:26.897+0000][170764.476s] GC(74) User=0.01s Sys=0.00s Real=0.01s
[2019-05-14T23:37:25.374+0000][171962.953s] GC(75) Pause Young (Allocation Failure)
[2019-05-14T23:37:25.374+0000][171962.953s] GC(75) Using 4 workers of 4 for evacuation
[2019-05-14T23:37:25.390+0000][171962.969s] GC(75) ParNew: 89113K->1560K(109248K)
[2019-05-14T23:37:25.390+0000][171962.969s] GC(75) CMS: 57727K->57727K(393216K)
[2019-05-14T23:37:25.390+0000][171962.969s] GC(75) Metaspace: 49655K->49655K(1095680K)
[2019-05-14T23:37:25.390+0000][171962.969s] GC(75) Pause Young (Allocation Failure) 143M->57M(490M) 15.729ms
[2019-05-14T23:37:25.390+0000][171962.969s] GC(75) User=0.01s Sys=0.01s Real=0.02s
[2019-05-15T00:16:22.318+0000][174299.897s] GC(76) Pause Young (Allocation Failure)
[2019-05-15T00:16:22.318+0000][174299.897s] GC(76) Using 4 workers of 4 for evacuation
[2019-05-15T00:16:22.335+0000][174299.914s] GC(76) ParNew: 88984K->1501K(109248K)
[2019-05-15T00:16:22.335+0000][174299.914s] GC(76) CMS: 57727K->57793K(393216K)
[2019-05-15T00:16:22.335+0000][174299.914s] GC(76) Metaspace: 49655K->49655K(1095680K)
[2019-05-15T00:16:22.335+0000][174299.914s] GC(76) Pause Young (Allocation Failure) 143M->57M(490M) 17.394ms
[2019-05-15T00:16:22.335+0000][174299.914s] GC(76) User=0.01s Sys=0.01s Real=0.02s
[2019-05-15T01:46:33.622+0000][179711.201s] GC(77) Pause Young (Allocation Failure)
[2019-05-15T01:46:33.622+0000][179711.201s] GC(77) Using 4 workers of 4 for evacuation
[2019-05-15T01:46:33.638+0000][179711.218s] GC(77) ParNew: 88925K->1641K(109248K)
[2019-05-15T01:46:33.638+0000][179711.218s] GC(77) CMS: 57793K->57793K(393216K)
[2019-05-15T01:46:33.638+0000][179711.218s] GC(77) Metaspace: 49657K->49657K(1095680K)
[2019-05-15T01:46:33.639+0000][179711.218s] GC(77) Pause Young (Allocation Failure) 143M->58M(490M) 16.486ms
[2019-05-15T01:46:33.639+0000][179711.218s] GC(77) User=0.01s Sys=0.00s Real=0.02s
[2019-05-15T04:58:13.990+0000][191211.569s] GC(78) Pause Young (Allocation Failure)
[2019-05-15T04:58:13.990+0000][191211.569s] GC(78) Using 4 workers of 4 for evacuation
[2019-05-15T04:58:14.007+0000][191211.586s] GC(78) ParNew: 89065K->1431K(109248K)
[2019-05-15T04:58:14.007+0000][191211.586s] GC(78) CMS: 57793K->57794K(393216K)
[2019-05-15T04:58:14.007+0000][191211.586s] GC(78) Metaspace: 49657K->49657K(1095680K)
[2019-05-15T04:58:14.007+0000][191211.586s] GC(78) Pause Young (Allocation Failure) 143M->57M(490M) 16.784ms
[2019-05-15T04:58:14.007+0000][191211.586s] GC(78) User=0.01s Sys=0.00s Real=0.02s
[2019-05-15T05:17:26.739+0000][192364.318s] GC(79) Pause Young (Allocation Failure)
[2019-05-15T05:17:26.739+0000][192364.318s] GC(79) Using 4 workers of 4 for evacuation
[2019-05-15T05:17:26.754+0000][192364.333s] GC(79) ParNew: 88855K->1041K(109248K)
[2019-05-15T05:17:26.754+0000][192364.333s] GC(79) CMS: 57794K->58312K(393216K)
[2019-05-15T05:17:26.754+0000][192364.333s] GC(79) Metaspace: 49657K->49657K(1095680K)
[2019-05-15T05:17:26.754+0000][192364.333s] GC(79) Pause Young (Allocation Failure) 143M->57M(490M) 15.016ms
[2019-05-15T05:17:26.754+0000][192364.333s] GC(79) User=0.01s Sys=0.00s Real=0.01s
[2019-05-15T05:40:54.661+0000][193772.240s] GC(80) Pause Young (Allocation Failure)
[2019-05-15T05:40:54.661+0000][193772.240s] GC(80) Using 4 workers of 4 for evacuation
[2019-05-15T05:40:54.678+0000][193772.257s] GC(80) ParNew: 88465K->891K(109248K)
[2019-05-15T05:40:54.678+0000][193772.257s] GC(80) CMS: 58312K->58475K(393216K)
[2019-05-15T05:40:54.678+0000][193772.257s] GC(80) Metaspace: 49657K->49657K(1095680K)
[2019-05-15T05:40:54.678+0000][193772.258s] GC(80) Pause Young (Allocation Failure) 143M->57M(490M) 17.502ms
[2019-05-15T05:40:54.678+0000][193772.258s] GC(80) User=0.02s Sys=0.00s Real=0.02s
[2019-05-15T06:43:34.048+0000][197531.627s] GC(81) Pause Young (Allocation Failure)
[2019-05-15T06:43:34.059+0000][197531.638s] GC(81) Using 4 workers of 4 for evacuation
[2019-05-15T06:43:34.074+0000][197531.653s] GC(81) ParNew: 88315K->768K(109248K)
[2019-05-15T06:43:34.074+0000][197531.653s] GC(81) CMS: 58475K->58475K(393216K)
[2019-05-15T06:43:34.074+0000][197531.653s] GC(81) Metaspace: 49657K->49657K(1095680K)
[2019-05-15T06:43:34.074+0000][197531.653s] GC(81) Pause Young (Allocation Failure) 143M->57M(490M) 25.542ms
[2019-05-15T06:43:34.074+0000][197531.653s] GC(81) User=0.02s Sys=0.00s Real=0.02s
[2019-05-15T13:00:34.585+0000][220152.164s] GC(82) Pause Young (Allocation Failure)
[2019-05-15T13:00:34.585+0000][220152.164s] GC(82) Using 4 workers of 4 for evacuation
[2019-05-15T13:00:34.592+0000][220152.171s] GC(82) ParNew: 88192K->486K(109248K)
[2019-05-15T13:00:34.592+0000][220152.171s] GC(82) CMS: 58475K->58641K(393216K)
[2019-05-15T13:00:34.592+0000][220152.171s] GC(82) Metaspace: 49657K->49657K(1095680K)
[2019-05-15T13:00:34.592+0000][220152.171s] GC(82) Pause Young (Allocation Failure) 143M->57M(490M) 7.223ms
[2019-05-15T13:00:34.592+0000][220152.171s] GC(82) User=0.01s Sys=0.00s Real=0.01s
[2019-05-15T15:10:32.666+0000][227950.245s] GC(83) Pause Young (Allocation Failure)
[2019-05-15T15:10:32.666+0000][227950.246s] GC(83) Using 4 workers of 4 for evacuation
[2019-05-15T15:10:32.681+0000][227950.260s] GC(83) ParNew: 87910K->561K(109248K)
[2019-05-15T15:10:32.681+0000][227950.260s] GC(83) CMS: 58641K->58641K(393216K)
[2019-05-15T15:10:32.681+0000][227950.260s] GC(83) Metaspace: 49657K->49657K(1095680K)
[2019-05-15T15:10:32.681+0000][227950.260s] GC(83) Pause Young (Allocation Failure) 143M->57M(490M) 14.652ms
[2019-05-15T15:10:32.681+0000][227950.260s] GC(83) User=0.02s Sys=0.00s Real=0.01s
[2019-05-15T15:36:50.833+0000][229528.412s] GC(84) Pause Young (Allocation Failure)
[2019-05-15T15:36:50.833+0000][229528.413s] GC(84) Using 4 workers of 4 for evacuation
[2019-05-15T15:36:50.851+0000][229528.430s] GC(84) ParNew: 87985K->542K(109248K)
[2019-05-15T15:36:50.851+0000][229528.430s] GC(84) CMS: 58641K->58641K(393216K)
[2019-05-15T15:36:50.851+0000][229528.430s] GC(84) Metaspace: 49657K->49657K(1095680K)
[2019-05-15T15:36:50.851+0000][229528.430s] GC(84) Pause Young (Allocation Failure) 143M->57M(490M) 17.445ms
[2019-05-15T15:36:50.851+0000][229528.430s] GC(84) User=0.01s Sys=0.00s Real=0.02s
[2019-05-15T16:01:33.360+0000][231010.939s] GC(85) Pause Young (Allocation Failure)
[2019-05-15T16:01:33.360+0000][231010.939s] GC(85) Using 4 workers of 4 for evacuation
[2019-05-15T16:01:33.370+0000][231010.949s] GC(85) ParNew: 87966K->468K(109248K)
[2019-05-15T16:01:33.370+0000][231010.949s] GC(85) CMS: 58641K->58641K(393216K)
[2019-05-15T16:01:33.370+0000][231010.949s] GC(85) Metaspace: 49657K->49657K(1095680K)
[2019-05-15T16:01:33.370+0000][231010.949s] GC(85) Pause Young (Allocation Failure) 143M->57M(490M) 9.734ms
[2019-05-15T16:01:33.370+0000][231010.949s] GC(85) User=0.01s Sys=0.00s Real=0.01s
[2019-05-15T16:39:45.110+0000][233302.689s] GC(86) Pause Young (Allocation Failure)
[2019-05-15T16:39:45.110+0000][233302.689s] GC(86) Using 4 workers of 4 for evacuation
[2019-05-15T16:39:45.126+0000][233302.705s] GC(86) ParNew: 87892K->624K(109248K)
[2019-05-15T16:39:45.126+0000][233302.705s] GC(86) CMS: 58641K->58643K(393216K)
[2019-05-15T16:39:45.126+0000][233302.705s] GC(86) Metaspace: 49657K->49657K(1095680K)
[2019-05-15T16:39:45.126+0000][233302.705s] GC(86) Pause Young (Allocation Failure) 143M->57M(490M) 16.383ms
[2019-05-15T16:39:45.126+0000][233302.705s] GC(86) User=0.01s Sys=0.01s Real=0.02s
[2019-05-15T17:02:29.994+0000][234667.573s] GC(87) Pause Young (Allocation Failure)
[2019-05-15T17:02:29.994+0000][234667.573s] GC(87) Using 4 workers of 4 for evacuation
[2019-05-15T17:02:30.011+0000][234667.590s] GC(87) ParNew: 88048K->475K(109248K)
[2019-05-15T17:02:30.011+0000][234667.590s] GC(87) CMS: 58643K->58643K(393216K)
[2019-05-15T17:02:30.011+0000][234667.590s] GC(87) Metaspace: 49657K->49657K(1095680K)
[2019-05-15T17:02:30.011+0000][234667.590s] GC(87) Pause Young (Allocation Failure) 143M->57M(490M) 16.906ms
[2019-05-15T17:02:30.011+0000][234667.590s] GC(87) User=0.02s Sys=0.00s Real=0.02s
[2019-05-15T17:27:29.071+0000][236166.650s] GC(88) Pause Young (Allocation Failure)
[2019-05-15T17:27:29.071+0000][236166.650s] GC(88) Using 4 workers of 4 for evacuation
[2019-05-15T17:27:29.082+0000][236166.661s] GC(88) ParNew: 87899K->522K(109248K)
[2019-05-15T17:27:29.082+0000][236166.661s] GC(88) CMS: 58643K->58643K(393216K)
[2019-05-15T17:27:29.082+0000][236166.661s] GC(88) Metaspace: 49657K->49657K(1095680K)
[2019-05-15T17:27:29.082+0000][236166.662s] GC(88) Pause Young (Allocation Failure) 143M->57M(490M) 11.156ms
[2019-05-15T17:27:29.082+0000][236166.662s] GC(88) User=0.01s Sys=0.00s Real=0.01s
[2019-05-15T17:50:41.998+0000][237559.577s] GC(89) Pause Young (Allocation Failure)
[2019-05-15T17:50:41.998+0000][237559.577s] GC(89) Using 4 workers of 4 for evacuation
[2019-05-15T17:50:42.013+0000][237559.592s] GC(89) ParNew: 87946K->507K(109248K)
[2019-05-15T17:50:42.013+0000][237559.592s] GC(89) CMS: 58643K->58643K(393216K)
[2019-05-15T17:50:42.013+0000][237559.592s] GC(89) Metaspace: 49657K->49657K(1095680K)
[2019-05-15T17:50:42.013+0000][237559.592s] GC(89) Pause Young (Allocation Failure) 143M->57M(490M) 14.901ms
[2019-05-15T17:50:42.013+0000][237559.592s] GC(89) User=0.01s Sys=0.00s Real=0.01s
[2019-05-15T18:30:26.127+0000][239943.706s] GC(90) Pause Young (Allocation Failure)
[2019-05-15T18:30:26.127+0000][239943.706s] GC(90) Using 4 workers of 4 for evacuation
[2019-05-15T18:30:26.140+0000][239943.719s] GC(90) ParNew: 87931K->499K(109248K)
[2019-05-15T18:30:26.140+0000][239943.719s] GC(90) CMS: 58643K->58643K(393216K)
[2019-05-15T18:30:26.140+0000][239943.719s] GC(90) Metaspace: 49657K->49657K(1095680K)
[2019-05-15T18:30:26.140+0000][239943.719s] GC(90) Pause Young (Allocation Failure) 143M->57M(490M) 13.193ms
[2019-05-15T18:30:26.140+0000][239943.719s] GC(90) User=0.01s Sys=0.00s Real=0.01s
[2019-05-15T20:18:35.180+0000][246432.759s] GC(91) Pause Young (Allocation Failure)
[2019-05-15T20:18:35.180+0000][246432.759s] GC(91) Using 4 workers of 4 for evacuation
[2019-05-15T20:18:35.188+0000][246432.767s] GC(91) ParNew: 87923K->500K(109248K)
[2019-05-15T20:18:35.188+0000][246432.767s] GC(91) CMS: 58643K->58643K(393216K)
[2019-05-15T20:18:35.188+0000][246432.767s] GC(91) Metaspace: 49659K->49659K(1095680K)
[2019-05-15T20:18:35.188+0000][246432.767s] GC(91) Pause Young (Allocation Failure) 143M->57M(490M) 8.210ms
[2019-05-15T20:18:35.188+0000][246432.767s] GC(91) User=0.00s Sys=0.00s Real=0.01s
[2019-05-16T00:29:54.150+0000][261511.729s] GC(92) Pause Young (Allocation Failure)
[2019-05-16T00:29:54.150+0000][261511.729s] GC(92) Using 4 workers of 4 for evacuation
[2019-05-16T00:29:54.166+0000][261511.745s] GC(92) ParNew: 87924K->550K(109248K)
[2019-05-16T00:29:54.166+0000][261511.745s] GC(92) CMS: 58643K->58643K(393216K)
[2019-05-16T00:29:54.166+0000][261511.745s] GC(92) Metaspace: 49664K->49664K(1095680K)
[2019-05-16T00:29:54.166+0000][261511.745s] GC(92) Pause Young (Allocation Failure) 143M->57M(490M) 16.711ms
[2019-05-16T00:29:54.166+0000][261511.745s] GC(92) User=0.01s Sys=0.00s Real=0.02s
[2019-05-16T02:08:35.664+0000][267433.243s] GC(93) Pause Young (Allocation Failure)
[2019-05-16T02:08:35.664+0000][267433.243s] GC(93) Using 4 workers of 4 for evacuation
[2019-05-16T02:08:35.673+0000][267433.252s] GC(93) ParNew: 87974K->517K(109248K)
[2019-05-16T02:08:35.673+0000][267433.252s] GC(93) CMS: 58643K->58643K(393216K)
[2019-05-16T02:08:35.673+0000][267433.252s] GC(93) Metaspace: 49664K->49664K(1095680K)
[2019-05-16T02:08:35.673+0000][267433.252s] GC(93) Pause Young (Allocation Failure) 143M->57M(490M) 9.326ms
[2019-05-16T02:08:35.673+0000][267433.252s] GC(93) User=0.01s Sys=0.00s Real=0.01s
[2019-05-16T08:10:36.170+0000][289153.749s] GC(94) Pause Young (Allocation Failure)
[2019-05-16T08:10:36.171+0000][289153.750s] GC(94) Using 4 workers of 4 for evacuation
[2019-05-16T08:10:36.177+0000][289153.756s] GC(94) ParNew: 87941K->493K(109248K)
[2019-05-16T08:10:36.177+0000][289153.756s] GC(94) CMS: 58643K->58643K(393216K)
[2019-05-16T08:10:36.177+0000][289153.756s] GC(94) Metaspace: 49664K->49664K(1095680K)
[2019-05-16T08:10:36.177+0000][289153.756s] GC(94) Pause Young (Allocation Failure) 143M->57M(490M) 6.832ms
[2019-05-16T08:10:36.177+0000][289153.756s] GC(94) User=0.00s Sys=0.00s Real=0.00s
[2019-05-16T14:30:36.695+0000][311954.274s] GC(95) Pause Young (Allocation Failure)
[2019-05-16T14:30:36.695+0000][311954.274s] GC(95) Using 4 workers of 4 for evacuation
[2019-05-16T14:30:36.707+0000][311954.286s] GC(95) ParNew: 87917K->528K(109248K)
[2019-05-16T14:30:36.707+0000][311954.286s] GC(95) CMS: 58643K->58643K(393216K)
[2019-05-16T14:30:36.707+0000][311954.286s] GC(95) Metaspace: 49664K->49664K(1095680K)
[2019-05-16T14:30:36.707+0000][311954.286s] GC(95) Pause Young (Allocation Failure) 143M->57M(490M) 12.063ms
[2019-05-16T14:30:36.707+0000][311954.286s] GC(95) User=0.01s Sys=0.00s Real=0.02s
[2019-05-16T17:55:31.798+0000][324249.377s] GC(96) Pause Young (Allocation Failure)
[2019-05-16T17:55:31.798+0000][324249.377s] GC(96) Using 4 workers of 4 for evacuation
[2019-05-16T17:55:31.814+0000][324249.393s] GC(96) ParNew: 87952K->351K(109248K)
[2019-05-16T17:55:31.814+0000][324249.393s] GC(96) CMS: 58643K->58643K(393216K)
[2019-05-16T17:55:31.814+0000][324249.393s] GC(96) Metaspace: 49664K->49664K(1095680K)
[2019-05-16T17:55:31.814+0000][324249.393s] GC(96) Pause Young (Allocation Failure) 143M->57M(490M) 15.967ms
[2019-05-16T17:55:31.814+0000][324249.393s] GC(96) User=0.02s Sys=0.00s Real=0.01s
[2019-05-16T18:21:05.083+0000][325782.662s] GC(97) Pause Young (Allocation Failure)
[2019-05-16T18:21:05.083+0000][325782.662s] GC(97) Using 4 workers of 4 for evacuation
[2019-05-16T18:21:05.095+0000][325782.674s] GC(97) ParNew: 87760K->496K(109248K)
[2019-05-16T18:21:05.095+0000][325782.674s] GC(97) CMS: 58643K->58643K(393216K)
[2019-05-16T18:21:05.095+0000][325782.674s] GC(97) Metaspace: 49664K->49664K(1095680K)
[2019-05-16T18:21:05.095+0000][325782.674s] GC(97) Pause Young (Allocation Failure) 142M->57M(490M) 11.279ms
[2019-05-16T18:21:05.095+0000][325782.674s] GC(97) User=0.01s Sys=0.00s Real=0.01s
[2019-05-16T18:45:10.056+0000][327227.635s] GC(98) Pause Young (Allocation Failure)
[2019-05-16T18:45:10.056+0000][327227.635s] GC(98) Using 4 workers of 4 for evacuation
[2019-05-16T18:45:10.067+0000][327227.646s] GC(98) ParNew: 87920K->469K(109248K)
[2019-05-16T18:45:10.067+0000][327227.646s] GC(98) CMS: 58643K->58643K(393216K)
[2019-05-16T18:45:10.067+0000][327227.646s] GC(98) Metaspace: 49664K->49664K(1095680K)
[2019-05-16T18:45:10.067+0000][327227.646s] GC(98) Pause Young (Allocation Failure) 143M->57M(490M) 11.376ms
[2019-05-16T18:45:10.067+0000][327227.646s] GC(98) User=0.01s Sys=0.00s Real=0.02s
[2019-05-16T19:09:34.971+0000][328692.550s] GC(99) Pause Young (Allocation Failure)
[2019-05-16T19:09:34.971+0000][328692.550s] GC(99) Using 4 workers of 4 for evacuation
[2019-05-16T19:09:34.984+0000][328692.563s] GC(99) ParNew: 87893K->512K(109248K)
[2019-05-16T19:09:34.984+0000][328692.563s] GC(99) CMS: 58643K->58643K(393216K)
[2019-05-16T19:09:34.984+0000][328692.563s] GC(99) Metaspace: 49664K->49664K(1095680K)
[2019-05-16T19:09:34.984+0000][328692.563s] GC(99) Pause Young (Allocation Failure) 143M->57M(490M) 13.807ms
[2019-05-16T19:09:34.984+0000][328692.563s] GC(99) User=0.02s Sys=0.00s Real=0.01s
[2019-05-16T19:32:40.900+0000][330078.479s] GC(100) Pause Young (Allocation Failure)
[2019-05-16T19:32:40.900+0000][330078.479s] GC(100) Using 4 workers of 4 for evacuation
[2019-05-16T19:32:40.915+0000][330078.494s] GC(100) ParNew: 87936K->527K(109248K)
[2019-05-16T19:32:40.915+0000][330078.494s] GC(100) CMS: 58643K->58643K(393216K)
[2019-05-16T19:32:40.915+0000][330078.494s] GC(100) Metaspace: 49665K->49665K(1095680K)
[2019-05-16T19:32:40.915+0000][330078.494s] GC(100) Pause Young (Allocation Failure) 143M->57M(490M) 14.561ms
[2019-05-16T19:32:40.915+0000][330078.494s] GC(100) User=0.01s Sys=0.00s Real=0.01s
[2019-05-16T19:55:56.821+0000][331474.400s] GC(101) Pause Young (Allocation Failure)
[2019-05-16T19:55:56.821+0000][331474.400s] GC(101) Using 4 workers of 4 for evacuation
[2019-05-16T19:55:56.834+0000][331474.413s] GC(101) ParNew: 87951K->439K(109248K)
[2019-05-16T19:55:56.834+0000][331474.413s] GC(101) CMS: 58643K->58643K(393216K)
[2019-05-16T19:55:56.834+0000][331474.413s] GC(101) Metaspace: 49665K->49665K(1095680K)
[2019-05-16T19:55:56.834+0000][331474.413s] GC(101) Pause Young (Allocation Failure) 143M->57M(490M) 13.548ms
[2019-05-16T19:55:56.834+0000][331474.413s] GC(101) User=0.01s Sys=0.00s Real=0.01s
[2019-05-16T20:19:45.316+0000][332902.895s] GC(102) Pause Young (Allocation Failure)
[2019-05-16T20:19:45.316+0000][332902.895s] GC(102) Using 4 workers of 4 for evacuation
[2019-05-16T20:19:45.327+0000][332902.906s] GC(102) ParNew: 87863K->545K(109248K)
[2019-05-16T20:19:45.327+0000][332902.907s] GC(102) CMS: 58643K->58644K(393216K)
[2019-05-16T20:19:45.327+0000][332902.907s] GC(102) Metaspace: 49665K->49665K(1095680K)
[2019-05-16T20:19:45.327+0000][332902.907s] GC(102) Pause Young (Allocation Failure) 143M->57M(490M) 11.663ms
[2019-05-16T20:19:45.327+0000][332902.907s] GC(102) User=0.01s Sys=0.00s Real=0.02s
[2019-05-16T20:44:53.486+0000][334411.065s] GC(103) Pause Young (Allocation Failure)
[2019-05-16T20:44:53.486+0000][334411.065s] GC(103) Using 4 workers of 4 for evacuation
[2019-05-16T20:44:53.503+0000][334411.082s] GC(103) ParNew: 87969K->539K(109248K)
[2019-05-16T20:44:53.503+0000][334411.082s] GC(103) CMS: 58644K->58644K(393216K)
[2019-05-16T20:44:53.503+0000][334411.082s] GC(103) Metaspace: 49665K->49665K(1095680K)
[2019-05-16T20:44:53.503+0000][334411.082s] GC(103) Pause Young (Allocation Failure) 143M->57M(490M) 17.064ms
[2019-05-16T20:44:53.503+0000][334411.082s] GC(103) User=0.02s Sys=0.00s Real=0.02s
[2019-05-16T21:09:10.457+0000][335868.036s] GC(104) Pause Young (Allocation Failure)
[2019-05-16T21:09:10.457+0000][335868.036s] GC(104) Using 4 workers of 4 for evacuation
[2019-05-16T21:09:10.473+0000][335868.052s] GC(104) ParNew: 87963K->472K(109248K)
[2019-05-16T21:09:10.473+0000][335868.052s] GC(104) CMS: 58644K->58657K(393216K)
[2019-05-16T21:09:10.473+0000][335868.052s] GC(104) Metaspace: 49668K->49668K(1095680K)
[2019-05-16T21:09:10.473+0000][335868.052s] GC(104) Pause Young (Allocation Failure) 143M->57M(490M) 16.502ms
[2019-05-16T21:09:10.473+0000][335868.052s] GC(104) User=0.02s Sys=0.00s Real=0.02s
[2019-05-17T01:22:37.589+0000][351075.168s] GC(105) Pause Young (Allocation Failure)
[2019-05-17T01:22:37.589+0000][351075.168s] GC(105) Using 4 workers of 4 for evacuation
[2019-05-17T01:22:37.594+0000][351075.173s] GC(105) ParNew: 87896K->673K(109248K)
[2019-05-17T01:22:37.594+0000][351075.173s] GC(105) CMS: 58657K->58657K(393216K)
[2019-05-17T01:22:37.594+0000][351075.173s] GC(105) Metaspace: 49668K->49668K(1095680K)
[2019-05-17T01:22:37.594+0000][351075.173s] GC(105) Pause Young (Allocation Failure) 143M->57M(490M) 5.039ms
[2019-05-17T01:22:37.594+0000][351075.173s] GC(105) User=0.01s Sys=0.00s Real=0.00s
[2019-05-17T05:40:37.938+0000][366555.517s] GC(106) Pause Young (Allocation Failure)
[2019-05-17T05:40:37.938+0000][366555.517s] GC(106) Using 4 workers of 4 for evacuation
[2019-05-17T05:40:37.953+0000][366555.532s] GC(106) ParNew: 88097K->430K(109248K)
[2019-05-17T05:40:37.953+0000][366555.532s] GC(106) CMS: 58657K->58657K(393216K)
[2019-05-17T05:40:37.953+0000][366555.532s] GC(106) Metaspace: 49670K->49670K(1095680K)
[2019-05-17T05:40:37.953+0000][366555.532s] GC(106) Pause Young (Allocation Failure) 143M->57M(490M) 14.658ms
[2019-05-17T05:40:37.953+0000][366555.532s] GC(106) User=0.01s Sys=0.00s Real=0.01s
[2019-05-17T06:03:31.672+0000][367929.251s] GC(107) Pause Young (Allocation Failure)
[2019-05-17T06:03:31.672+0000][367929.251s] GC(107) Using 4 workers of 4 for evacuation
[2019-05-17T06:03:31.687+0000][367929.266s] GC(107) ParNew: 87854K->510K(109248K)
[2019-05-17T06:03:31.687+0000][367929.266s] GC(107) CMS: 58657K->58657K(393216K)
[2019-05-17T06:03:31.687+0000][367929.266s] GC(107) Metaspace: 49670K->49670K(1095680K)
[2019-05-17T06:03:31.687+0000][367929.266s] GC(107) Pause Young (Allocation Failure) 143M->57M(490M) 14.773ms
[2019-05-17T06:03:31.687+0000][367929.266s] GC(107) User=0.02s Sys=0.00s Real=0.02s
[2019-05-17T06:23:10.770+0000][369108.349s] GC(108) Pause Young (Allocation Failure)
[2019-05-17T06:23:10.770+0000][369108.349s] GC(108) Using 4 workers of 4 for evacuation
[2019-05-17T06:23:10.785+0000][369108.364s] GC(108) ParNew: 87934K->485K(109248K)
[2019-05-17T06:23:10.785+0000][369108.365s] GC(108) CMS: 58657K->58658K(393216K)
[2019-05-17T06:23:10.785+0000][369108.365s] GC(108) Metaspace: 49670K->49670K(1095680K)
[2019-05-17T06:23:10.785+0000][369108.365s] GC(108) Pause Young (Allocation Failure) 143M->57M(490M) 15.169ms
[2019-05-17T06:23:10.785+0000][369108.365s] GC(108) User=0.02s Sys=0.00s Real=0.01s
[2019-05-17T06:43:02.281+0000][370299.860s] GC(109) Pause Young (Allocation Failure)
[2019-05-17T06:43:02.281+0000][370299.860s] GC(109) Using 4 workers of 4 for evacuation
[2019-05-17T06:43:02.295+0000][370299.874s] GC(109) ParNew: 87909K->497K(109248K)
[2019-05-17T06:43:02.295+0000][370299.874s] GC(109) CMS: 58658K->58658K(393216K)
[2019-05-17T06:43:02.295+0000][370299.874s] GC(109) Metaspace: 49670K->49670K(1095680K)
[2019-05-17T06:43:02.295+0000][370299.874s] GC(109) Pause Young (Allocation Failure) 143M->57M(490M) 14.457ms
[2019-05-17T06:43:02.295+0000][370299.874s] GC(109) User=0.01s Sys=0.00s Real=0.01s
[2019-05-17T07:38:38.110+0000][373635.689s] GC(110) Pause Young (Allocation Failure)
[2019-05-17T07:38:38.110+0000][373635.689s] GC(110) Using 4 workers of 4 for evacuation
[2019-05-17T07:38:38.126+0000][373635.705s] GC(110) ParNew: 87921K->491K(109248K)
[2019-05-17T07:38:38.126+0000][373635.705s] GC(110) CMS: 58658K->58658K(393216K)
[2019-05-17T07:38:38.126+0000][373635.705s] GC(110) Metaspace: 49670K->49670K(1095680K)
[2019-05-17T07:38:38.126+0000][373635.705s] GC(110) Pause Young (Allocation Failure) 143M->57M(490M) 16.586ms
[2019-05-17T07:38:38.126+0000][373635.705s] GC(110) User=0.01s Sys=0.00s Real=0.02s
[2019-05-17T13:56:38.632+0000][396316.212s] GC(111) Pause Young (Allocation Failure)
[2019-05-17T13:56:38.633+0000][396316.212s] GC(111) Using 4 workers of 4 for evacuation
[2019-05-17T13:56:38.640+0000][396316.219s] GC(111) ParNew: 87915K->490K(109248K)
[2019-05-17T13:56:38.640+0000][396316.219s] GC(111) CMS: 58658K->58658K(393216K)
[2019-05-17T13:56:38.640+0000][396316.219s] GC(111) Metaspace: 49670K->49670K(1095680K)
[2019-05-17T13:56:38.640+0000][396316.219s] GC(111) Pause Young (Allocation Failure) 143M->57M(490M) 7.162ms
[2019-05-17T13:56:38.640+0000][396316.219s] GC(111) User=0.01s Sys=0.00s Real=0.01s
[2019-05-17T17:16:39.401+0000][408316.980s] GC(112) Pause Young (Allocation Failure)
[2019-05-17T17:16:39.401+0000][408316.980s] GC(112) Using 4 workers of 4 for evacuation
[2019-05-17T17:16:39.416+0000][408316.995s] GC(112) ParNew: 87914K->579K(109248K)
[2019-05-17T17:16:39.416+0000][408316.995s] GC(112) CMS: 58658K->58658K(393216K)
[2019-05-17T17:16:39.416+0000][408316.995s] GC(112) Metaspace: 49670K->49670K(1095680K)
[2019-05-17T17:16:39.416+0000][408316.995s] GC(112) Pause Young (Allocation Failure) 143M->57M(490M) 15.128ms
[2019-05-17T17:16:39.416+0000][408316.995s] GC(112) User=0.01s Sys=0.00s Real=0.01s
[2019-05-17T17:31:24.239+0000][409201.818s] GC(113) Pause Young (Allocation Failure)
[2019-05-17T17:31:24.240+0000][409201.819s] GC(113) Using 4 workers of 4 for evacuation
[2019-05-17T17:31:24.250+0000][409201.829s] GC(113) ParNew: 88003K->1029K(109248K)
[2019-05-17T17:31:24.250+0000][409201.829s] GC(113) CMS: 58658K->58659K(393216K)
[2019-05-17T17:31:24.250+0000][409201.829s] GC(113) Metaspace: 49676K->49676K(1095680K)
[2019-05-17T17:31:24.250+0000][409201.829s] GC(113) Pause Young (Allocation Failure) 143M->58M(490M) 11.419ms
[2019-05-17T17:31:24.250+0000][409201.829s] GC(113) User=0.01s Sys=0.00s Real=0.01s
[2019-05-17T17:46:24.231+0000][410101.810s] GC(114) Pause Young (Allocation Failure)
[2019-05-17T17:46:24.231+0000][410101.810s] GC(114) Using 4 workers of 4 for evacuation
[2019-05-17T17:46:24.245+0000][410101.824s] GC(114) ParNew: 88453K->824K(109248K)
[2019-05-17T17:46:24.245+0000][410101.824s] GC(114) CMS: 58659K->58659K(393216K)
[2019-05-17T17:46:24.245+0000][410101.824s] GC(114) Metaspace: 49676K->49676K(1095680K)
[2019-05-17T17:46:24.245+0000][410101.824s] GC(114) Pause Young (Allocation Failure) 143M->58M(490M) 13.960ms
[2019-05-17T17:46:24.245+0000][410101.824s] GC(114) User=0.01s Sys=0.00s Real=0.01s
[2019-05-17T17:56:49.834+0000][410727.413s] GC(115) Pause Young (Allocation Failure)
[2019-05-17T17:56:49.834+0000][410727.413s] GC(115) Using 4 workers of 4 for evacuation
[2019-05-17T17:56:49.851+0000][410727.430s] GC(115) ParNew: 88248K->1072K(109248K)
[2019-05-17T17:56:49.851+0000][410727.430s] GC(115) CMS: 58659K->58659K(393216K)
[2019-05-17T17:56:49.851+0000][410727.430s] GC(115) Metaspace: 49676K->49676K(1095680K)
[2019-05-17T17:56:49.851+0000][410727.430s] GC(115) Pause Young (Allocation Failure) 143M->58M(490M) 17.383ms
[2019-05-17T17:56:49.851+0000][410727.430s] GC(115) User=0.01s Sys=0.01s Real=0.02s
[2019-05-17T18:07:19.483+0000][411357.062s] GC(116) Pause Young (Allocation Failure)
[2019-05-17T18:07:19.483+0000][411357.062s] GC(116) Using 4 workers of 4 for evacuation
[2019-05-17T18:07:19.496+0000][411357.075s] GC(116) ParNew: 88496K->924K(109248K)
[2019-05-17T18:07:19.496+0000][411357.075s] GC(116) CMS: 58659K->58659K(393216K)
[2019-05-17T18:07:19.496+0000][411357.075s] GC(116) Metaspace: 49676K->49676K(1095680K)
[2019-05-17T18:07:19.496+0000][411357.075s] GC(116) Pause Young (Allocation Failure) 143M->58M(490M) 13.054ms
[2019-05-17T18:07:19.496+0000][411357.075s] GC(116) User=0.01s Sys=0.00s Real=0.01s
[2019-05-17T18:17:04.347+0000][411941.926s] GC(117) Pause Young (Allocation Failure)
[2019-05-17T18:17:04.347+0000][411941.926s] GC(117) Using 4 workers of 4 for evacuation
[2019-05-17T18:17:04.359+0000][411941.938s] GC(117) ParNew: 88348K->1009K(109248K)
[2019-05-17T18:17:04.359+0000][411941.938s] GC(117) CMS: 58659K->58659K(393216K)
[2019-05-17T18:17:04.359+0000][411941.938s] GC(117) Metaspace: 49676K->49676K(1095680K)
[2019-05-17T18:17:04.359+0000][411941.938s] GC(117) Pause Young (Allocation Failure) 143M->58M(490M) 12.488ms
[2019-05-17T18:17:04.359+0000][411941.938s] GC(117) User=0.02s Sys=0.00s Real=0.01s
[2019-05-17T18:26:59.347+0000][412536.926s] GC(118) Pause Young (Allocation Failure)
[2019-05-17T18:26:59.347+0000][412536.926s] GC(118) Using 4 workers of 4 for evacuation
[2019-05-17T18:26:59.360+0000][412536.939s] GC(118) ParNew: 88433K->845K(109248K)
[2019-05-17T18:26:59.360+0000][412536.939s] GC(118) CMS: 58659K->58659K(393216K)
[2019-05-17T18:26:59.360+0000][412536.939s] GC(118) Metaspace: 49676K->49676K(1095680K)
[2019-05-17T18:26:59.360+0000][412536.939s] GC(118) Pause Young (Allocation Failure) 143M->58M(490M) 13.582ms
[2019-05-17T18:26:59.360+0000][412536.939s] GC(118) User=0.02s Sys=0.00s Real=0.01s
[2019-05-17T18:33:46.553+0000][412944.132s] GC(119) Pause Young (Allocation Failure)
[2019-05-17T18:33:46.553+0000][412944.132s] GC(119) Using 4 workers of 4 for evacuation
[2019-05-17T18:33:46.568+0000][412944.147s] GC(119) ParNew: 88269K->1149K(109248K)
[2019-05-17T18:33:46.568+0000][412944.147s] GC(119) CMS: 58659K->58659K(393216K)
[2019-05-17T18:33:46.568+0000][412944.147s] GC(119) Metaspace: 49676K->49676K(1095680K)
[2019-05-17T18:33:46.568+0000][412944.147s] GC(119) Pause Young (Allocation Failure) 143M->58M(490M) 15.442ms
[2019-05-17T18:33:46.568+0000][412944.147s] GC(119) User=0.02s Sys=0.00s Real=0.02s
[2019-05-17T18:40:32.560+0000][413350.139s] GC(120) Pause Young (Allocation Failure)
[2019-05-17T18:40:32.560+0000][413350.139s] GC(120) Using 4 workers of 4 for evacuation
[2019-05-17T18:40:32.575+0000][413350.154s] GC(120) ParNew: 88573K->971K(109248K)
[2019-05-17T18:40:32.575+0000][413350.154s] GC(120) CMS: 58659K->58672K(393216K)
[2019-05-17T18:40:32.575+0000][413350.154s] GC(120) Metaspace: 49676K->49676K(1095680K)
[2019-05-17T18:40:32.575+0000][413350.154s] GC(120) Pause Young (Allocation Failure) 143M->58M(490M) 15.430ms
[2019-05-17T18:40:32.575+0000][413350.154s] GC(120) User=0.02s Sys=0.00s Real=0.01s
[2019-05-17T18:47:18.800+0000][413756.379s] GC(121) Pause Young (Allocation Failure)
[2019-05-17T18:47:18.800+0000][413756.379s] GC(121) Using 4 workers of 4 for evacuation
[2019-05-17T18:47:18.817+0000][413756.396s] GC(121) ParNew: 88395K->673K(109248K)
[2019-05-17T18:47:18.817+0000][413756.396s] GC(121) CMS: 58672K->59052K(393216K)
[2019-05-17T18:47:18.817+0000][413756.396s] GC(121) Metaspace: 49676K->49676K(1095680K)
[2019-05-17T18:47:18.817+0000][413756.396s] GC(121) Pause Young (Allocation Failure) 143M->58M(490M) 16.645ms
[2019-05-17T18:47:18.817+0000][413756.396s] GC(121) User=0.01s Sys=0.00s Real=0.01s
[2019-05-17T18:55:47.177+0000][414264.756s] GC(122) Pause Young (Allocation Failure)
[2019-05-17T18:55:47.177+0000][414264.756s] GC(122) Using 4 workers of 4 for evacuation
[2019-05-17T18:55:47.193+0000][414264.772s] GC(122) ParNew: 88097K->481K(109248K)
[2019-05-17T18:55:47.193+0000][414264.772s] GC(122) CMS: 59052K->59052K(393216K)
[2019-05-17T18:55:47.193+0000][414264.772s] GC(122) Metaspace: 49676K->49676K(1095680K)
[2019-05-17T18:55:47.193+0000][414264.772s] GC(122) Pause Young (Allocation Failure) 143M->58M(490M) 16.097ms
[2019-05-17T18:55:47.193+0000][414264.772s] GC(122) User=0.02s Sys=0.00s Real=0.02s
[2019-05-17T19:06:11.478+0000][414889.057s] GC(123) Pause Young (Allocation Failure)
[2019-05-17T19:06:11.478+0000][414889.057s] GC(123) Using 4 workers of 4 for evacuation
[2019-05-17T19:06:11.496+0000][414889.075s] GC(123) ParNew: 87905K->523K(109248K)
[2019-05-17T19:06:11.496+0000][414889.075s] GC(123) CMS: 59052K->59052K(393216K)
[2019-05-17T19:06:11.496+0000][414889.075s] GC(123) Metaspace: 49676K->49676K(1095680K)
[2019-05-17T19:06:11.496+0000][414889.075s] GC(123) Pause Young (Allocation Failure) 143M->58M(490M) 18.322ms
[2019-05-17T19:06:11.496+0000][414889.075s] GC(123) User=0.01s Sys=0.00s Real=0.02s
[2019-05-17T19:16:15.701+0000][415493.280s] GC(124) Pause Young (Allocation Failure)
[2019-05-17T19:16:15.701+0000][415493.280s] GC(124) Using 4 workers of 4 for evacuation
[2019-05-17T19:16:15.717+0000][415493.296s] GC(124) ParNew: 87947K->473K(109248K)
[2019-05-17T19:16:15.717+0000][415493.296s] GC(124) CMS: 59052K->59052K(393216K)
[2019-05-17T19:16:15.717+0000][415493.296s] GC(124) Metaspace: 49676K->49676K(1095680K)
[2019-05-17T19:16:15.717+0000][415493.296s] GC(124) Pause Young (Allocation Failure) 143M->58M(490M) 16.052ms
[2019-05-17T19:16:15.717+0000][415493.296s] GC(124) User=0.02s Sys=0.00s Real=0.01s
[2019-05-17T19:26:08.387+0000][416085.966s] GC(125) Pause Young (Allocation Failure)
[2019-05-17T19:26:08.387+0000][416085.966s] GC(125) Using 4 workers of 4 for evacuation
[2019-05-17T19:26:08.400+0000][416085.979s] GC(125) ParNew: 87897K->521K(109248K)
[2019-05-17T19:26:08.400+0000][416085.979s] GC(125) CMS: 59052K->59053K(393216K)
[2019-05-17T19:26:08.400+0000][416085.979s] GC(125) Metaspace: 49676K->49676K(1095680K)
[2019-05-17T19:26:08.400+0000][416085.979s] GC(125) Pause Young (Allocation Failure) 143M->58M(490M) 13.087ms
[2019-05-17T19:26:08.400+0000][416085.979s] GC(125) User=0.02s Sys=0.00s Real=0.01s
[2019-05-17T19:35:59.784+0000][416677.363s] GC(126) Pause Young (Allocation Failure)
[2019-05-17T19:35:59.784+0000][416677.363s] GC(126) Using 4 workers of 4 for evacuation
[2019-05-17T19:35:59.799+0000][416677.378s] GC(126) ParNew: 87945K->456K(109248K)
[2019-05-17T19:35:59.799+0000][416677.378s] GC(126) CMS: 59053K->59053K(393216K)
[2019-05-17T19:35:59.799+0000][416677.378s] GC(126) Metaspace: 49676K->49676K(1095680K)
[2019-05-17T19:35:59.799+0000][416677.378s] GC(126) Pause Young (Allocation Failure) 143M->58M(490M) 14.726ms
[2019-05-17T19:35:59.799+0000][416677.378s] GC(126) User=0.01s Sys=0.00s Real=0.02s
[2019-05-17T19:45:54.112+0000][417271.691s] GC(127) Pause Young (Allocation Failure)
[2019-05-17T19:45:54.112+0000][417271.691s] GC(127) Using 4 workers of 4 for evacuation
[2019-05-17T19:45:54.125+0000][417271.704s] GC(127) ParNew: 87880K->460K(109248K)
[2019-05-17T19:45:54.125+0000][417271.704s] GC(127) CMS: 59053K->59053K(393216K)
[2019-05-17T19:45:54.125+0000][417271.704s] GC(127) Metaspace: 49676K->49676K(1095680K)
[2019-05-17T19:45:54.125+0000][417271.704s] GC(127) Pause Young (Allocation Failure) 143M->58M(490M) 13.327ms
[2019-05-17T19:45:54.125+0000][417271.704s] GC(127) User=0.01s Sys=0.00s Real=0.01s
[2019-05-17T19:55:37.982+0000][417855.562s] GC(128) Pause Young (Allocation Failure)
[2019-05-17T19:55:37.983+0000][417855.562s] GC(128) Using 4 workers of 4 for evacuation
[2019-05-17T19:55:37.996+0000][417855.575s] GC(128) ParNew: 87884K->478K(109248K)
[2019-05-17T19:55:37.996+0000][417855.575s] GC(128) CMS: 59053K->59054K(393216K)
[2019-05-17T19:55:37.996+0000][417855.575s] GC(128) Metaspace: 49676K->49676K(1095680K)
[2019-05-17T19:55:37.996+0000][417855.575s] GC(128) Pause Young (Allocation Failure) 143M->58M(490M) 13.970ms
[2019-05-17T19:55:37.996+0000][417855.576s] GC(128) User=0.02s Sys=0.00s Real=0.01s
[2019-05-17T20:05:20.086+0000][418437.665s] GC(129) Pause Young (Allocation Failure)
[2019-05-17T20:05:20.086+0000][418437.665s] GC(129) Using 4 workers of 4 for evacuation
[2019-05-17T20:05:20.102+0000][418437.681s] GC(129) ParNew: 87902K->579K(109248K)
[2019-05-17T20:05:20.102+0000][418437.681s] GC(129) CMS: 59054K->59054K(393216K)
[2019-05-17T20:05:20.102+0000][418437.681s] GC(129) Metaspace: 49676K->49676K(1095680K)
[2019-05-17T20:05:20.102+0000][418437.681s] GC(129) Pause Young (Allocation Failure) 143M->58M(490M) 16.297ms
[2019-05-17T20:05:20.102+0000][418437.681s] GC(129) User=0.02s Sys=0.00s Real=0.02s
[2019-05-17T20:15:17.112+0000][419034.691s] GC(130) Pause Young (Allocation Failure)
[2019-05-17T20:15:17.112+0000][419034.691s] GC(130) Using 4 workers of 4 for evacuation
[2019-05-17T20:15:17.123+0000][419034.702s] GC(130) ParNew: 88003K->382K(109248K)
[2019-05-17T20:15:17.123+0000][419034.702s] GC(130) CMS: 59054K->59054K(393216K)
[2019-05-17T20:15:17.123+0000][419034.702s] GC(130) Metaspace: 49676K->49676K(1095680K)
[2019-05-17T20:15:17.123+0000][419034.702s] GC(130) Pause Young (Allocation Failure) 143M->58M(490M) 11.418ms
[2019-05-17T20:15:17.123+0000][419034.702s] GC(130) User=0.01s Sys=0.00s Real=0.01s
[2019-05-17T20:25:39.182+0000][419656.761s] GC(131) Pause Young (Allocation Failure)
[2019-05-17T20:25:39.182+0000][419656.761s] GC(131) Using 4 workers of 4 for evacuation
[2019-05-17T20:25:39.197+0000][419656.776s] GC(131) ParNew: 87806K->498K(109248K)
[2019-05-17T20:25:39.197+0000][419656.776s] GC(131) CMS: 59054K->59054K(393216K)
[2019-05-17T20:25:39.197+0000][419656.776s] GC(131) Metaspace: 49676K->49676K(1095680K)
[2019-05-17T20:25:39.197+0000][419656.776s] GC(131) Pause Young (Allocation Failure) 143M->58M(490M) 14.372ms
[2019-05-17T20:25:39.197+0000][419656.776s] GC(131) User=0.02s Sys=0.00s Real=0.01s
[2019-05-17T20:35:47.199+0000][420264.778s] GC(132) Pause Young (Allocation Failure)
[2019-05-17T20:35:47.199+0000][420264.778s] GC(132) Using 4 workers of 4 for evacuation
[2019-05-17T20:35:47.211+0000][420264.790s] GC(132) ParNew: 87922K->449K(109248K)
[2019-05-17T20:35:47.211+0000][420264.790s] GC(132) CMS: 59054K->59054K(393216K)
[2019-05-17T20:35:47.211+0000][420264.790s] GC(132) Metaspace: 49676K->49676K(1095680K)
[2019-05-17T20:35:47.211+0000][420264.790s] GC(132) Pause Young (Allocation Failure) 143M->58M(490M) 12.291ms
[2019-05-17T20:35:47.211+0000][420264.790s] GC(132) User=0.01s Sys=0.00s Real=0.01s
[2019-05-17T20:45:40.870+0000][420858.449s] GC(133) Pause Young (Allocation Failure)
[2019-05-17T20:45:40.870+0000][420858.449s] GC(133) Using 4 workers of 4 for evacuation
[2019-05-17T20:45:40.886+0000][420858.465s] GC(133) ParNew: 87873K->637K(109248K)
[2019-05-17T20:45:40.886+0000][420858.465s] GC(133) CMS: 59054K->59054K(393216K)
[2019-05-17T20:45:40.886+0000][420858.465s] GC(133) Metaspace: 49676K->49676K(1095680K)
[2019-05-17T20:45:40.886+0000][420858.465s] GC(133) Pause Young (Allocation Failure) 143M->58M(490M) 16.578ms
[2019-05-17T20:45:40.886+0000][420858.465s] GC(133) User=0.01s Sys=0.00s Real=0.02s
[2019-05-17T20:55:28.248+0000][421445.827s] GC(134) Pause Young (Allocation Failure)
[2019-05-17T20:55:28.248+0000][421445.827s] GC(134) Using 4 workers of 4 for evacuation
[2019-05-17T20:55:28.261+0000][421445.840s] GC(134) ParNew: 88061K->462K(109248K)
[2019-05-17T20:55:28.261+0000][421445.840s] GC(134) CMS: 59054K->59055K(393216K)
[2019-05-17T20:55:28.261+0000][421445.840s] GC(134) Metaspace: 49676K->49676K(1095680K)
[2019-05-17T20:55:28.261+0000][421445.840s] GC(134) Pause Young (Allocation Failure) 143M->58M(490M) 12.895ms
[2019-05-17T20:55:28.261+0000][421445.840s] GC(134) User=0.01s Sys=0.00s Real=0.01s
[2019-05-17T21:05:08.515+0000][422026.094s] GC(135) Pause Young (Allocation Failure)
[2019-05-17T21:05:08.515+0000][422026.094s] GC(135) Using 4 workers of 4 for evacuation
[2019-05-17T21:05:08.527+0000][422026.106s] GC(135) ParNew: 87886K->503K(109248K)
[2019-05-17T21:05:08.527+0000][422026.106s] GC(135) CMS: 59055K->59055K(393216K)
[2019-05-17T21:05:08.527+0000][422026.106s] GC(135) Metaspace: 49676K->49676K(1095680K)
[2019-05-17T21:05:08.527+0000][422026.106s] GC(135) Pause Young (Allocation Failure) 143M->58M(490M) 12.066ms
[2019-05-17T21:05:08.527+0000][422026.106s] GC(135) User=0.01s Sys=0.00s Real=0.02s
[2019-05-17T21:14:55.818+0000][422613.397s] GC(136) Pause Young (Allocation Failure)
[2019-05-17T21:14:55.818+0000][422613.397s] GC(136) Using 4 workers of 4 for evacuation
[2019-05-17T21:14:55.835+0000][422613.414s] GC(136) ParNew: 87927K->459K(109248K)
[2019-05-17T21:14:55.835+0000][422613.414s] GC(136) CMS: 59055K->59055K(393216K)
[2019-05-17T21:14:55.835+0000][422613.414s] GC(136) Metaspace: 49676K->49676K(1095680K)
[2019-05-17T21:14:55.835+0000][422613.414s] GC(136) Pause Young (Allocation Failure) 143M->58M(490M) 16.896ms
[2019-05-17T21:14:55.835+0000][422613.414s] GC(136) User=0.02s Sys=0.00s Real=0.01s
[2019-05-17T21:24:46.575+0000][423204.154s] GC(137) Pause Young (Allocation Failure)
[2019-05-17T21:24:46.575+0000][423204.154s] GC(137) Using 4 workers of 4 for evacuation
[2019-05-17T21:24:46.587+0000][423204.166s] GC(137) ParNew: 87883K->524K(109248K)
[2019-05-17T21:24:46.587+0000][423204.166s] GC(137) CMS: 59055K->59055K(393216K)
[2019-05-17T21:24:46.587+0000][423204.166s] GC(137) Metaspace: 49676K->49676K(1095680K)
[2019-05-17T21:24:46.587+0000][423204.166s] GC(137) Pause Young (Allocation Failure) 143M->58M(490M) 11.507ms
[2019-05-17T21:24:46.587+0000][423204.166s] GC(137) User=0.01s Sys=0.00s Real=0.02s
[2019-05-17T21:34:33.568+0000][423791.147s] GC(138) Pause Young (Allocation Failure)
[2019-05-17T21:34:33.568+0000][423791.147s] GC(138) Using 4 workers of 4 for evacuation
[2019-05-17T21:34:33.581+0000][423791.160s] GC(138) ParNew: 87948K->464K(109248K)
[2019-05-17T21:34:33.581+0000][423791.160s] GC(138) CMS: 59055K->59055K(393216K)
[2019-05-17T21:34:33.581+0000][423791.160s] GC(138) Metaspace: 49676K->49676K(1095680K)
[2019-05-17T21:34:33.581+0000][423791.160s] GC(138) Pause Young (Allocation Failure) 143M->58M(490M) 12.933ms
[2019-05-17T21:34:33.581+0000][423791.160s] GC(138) User=0.02s Sys=0.00s Real=0.01s
[2019-05-17T21:44:16.813+0000][424374.392s] GC(139) Pause Young (Allocation Failure)
[2019-05-17T21:44:16.813+0000][424374.392s] GC(139) Using 4 workers of 4 for evacuation
[2019-05-17T21:44:16.820+0000][424374.399s] GC(139) ParNew: 87888K->520K(109248K)
[2019-05-17T21:44:16.820+0000][424374.399s] GC(139) CMS: 59055K->59055K(393216K)
[2019-05-17T21:44:16.820+0000][424374.399s] GC(139) Metaspace: 49676K->49676K(1095680K)
[2019-05-17T21:44:16.820+0000][424374.399s] GC(139) Pause Young (Allocation Failure) 143M->58M(490M) 7.048ms
[2019-05-17T21:44:16.820+0000][424374.399s] GC(139) User=0.01s Sys=0.00s Real=0.01s
[2019-05-17T21:54:02.128+0000][424959.707s] GC(140) Pause Young (Allocation Failure)
[2019-05-17T21:54:02.128+0000][424959.707s] GC(140) Using 4 workers of 4 for evacuation
[2019-05-17T21:54:02.140+0000][424959.720s] GC(140) ParNew: 87944K->458K(109248K)
[2019-05-17T21:54:02.140+0000][424959.720s] GC(140) CMS: 59055K->59055K(393216K)
[2019-05-17T21:54:02.140+0000][424959.720s] GC(140) Metaspace: 49676K->49676K(1095680K)
[2019-05-17T21:54:02.140+0000][424959.720s] GC(140) Pause Young (Allocation Failure) 143M->58M(490M) 12.612ms
[2019-05-17T21:54:02.141+0000][424959.720s] GC(140) User=0.01s Sys=0.00s Real=0.01s
[2019-05-17T22:03:49.715+0000][425547.294s] GC(141) Pause Young (Allocation Failure)
[2019-05-17T22:03:49.715+0000][425547.294s] GC(141) Using 4 workers of 4 for evacuation
[2019-05-17T22:03:49.727+0000][425547.306s] GC(141) ParNew: 87882K->530K(109248K)
[2019-05-17T22:03:49.727+0000][425547.306s] GC(141) CMS: 59055K->59055K(393216K)
[2019-05-17T22:03:49.727+0000][425547.306s] GC(141) Metaspace: 49676K->49676K(1095680K)
[2019-05-17T22:03:49.727+0000][425547.306s] GC(141) Pause Young (Allocation Failure) 143M->58M(490M) 12.333ms
[2019-05-17T22:03:49.727+0000][425547.306s] GC(141) User=0.01s Sys=0.00s Real=0.02s
[2019-05-17T22:13:32.399+0000][426129.978s] GC(142) Pause Young (Allocation Failure)
[2019-05-17T22:13:32.399+0000][426129.978s] GC(142) Using 4 workers of 4 for evacuation
[2019-05-17T22:13:32.411+0000][426129.990s] GC(142) ParNew: 87954K->400K(109248K)
[2019-05-17T22:13:32.411+0000][426129.990s] GC(142) CMS: 59055K->59055K(393216K)
[2019-05-17T22:13:32.411+0000][426129.990s] GC(142) Metaspace: 49676K->49676K(1095680K)
[2019-05-17T22:13:32.411+0000][426129.990s] GC(142) Pause Young (Allocation Failure) 143M->58M(490M) 11.548ms
[2019-05-17T22:13:32.411+0000][426129.990s] GC(142) User=0.01s Sys=0.00s Real=0.01s
[2019-05-17T22:23:15.798+0000][426713.377s] GC(143) Pause Young (Allocation Failure)
[2019-05-17T22:23:15.798+0000][426713.378s] GC(143) Using 4 workers of 4 for evacuation
[2019-05-17T22:23:15.813+0000][426713.392s] GC(143) ParNew: 87824K->507K(109248K)
[2019-05-17T22:23:15.813+0000][426713.392s] GC(143) CMS: 59055K->59055K(393216K)
[2019-05-17T22:23:15.813+0000][426713.392s] GC(143) Metaspace: 49676K->49676K(1095680K)
[2019-05-17T22:23:15.813+0000][426713.392s] GC(143) Pause Young (Allocation Failure) 143M->58M(490M) 14.886ms
[2019-05-17T22:23:15.813+0000][426713.392s] GC(143) User=0.02s Sys=0.00s Real=0.01s
[2019-05-17T22:33:08.365+0000][427305.944s] GC(144) Pause Young (Allocation Failure)
[2019-05-17T22:33:08.365+0000][427305.944s] GC(144) Using 4 workers of 4 for evacuation
[2019-05-17T22:33:08.382+0000][427305.961s] GC(144) ParNew: 87931K->515K(109248K)
[2019-05-17T22:33:08.382+0000][427305.961s] GC(144) CMS: 59055K->59055K(393216K)
[2019-05-17T22:33:08.382+0000][427305.961s] GC(144) Metaspace: 49676K->49676K(1095680K)
[2019-05-17T22:33:08.382+0000][427305.961s] GC(144) Pause Young (Allocation Failure) 143M->58M(490M) 16.574ms
[2019-05-17T22:33:08.382+0000][427305.961s] GC(144) User=0.01s Sys=0.00s Real=0.02s
[2019-05-17T22:40:26.696+0000][427744.275s] GC(145) Pause Young (Allocation Failure)
[2019-05-17T22:40:26.696+0000][427744.275s] GC(145) Using 4 workers of 4 for evacuation
[2019-05-17T22:40:26.709+0000][427744.288s] GC(145) ParNew: 87939K->512K(109248K)
[2019-05-17T22:40:26.709+0000][427744.288s] GC(145) CMS: 59055K->59055K(393216K)
[2019-05-17T22:40:26.709+0000][427744.288s] GC(145) Metaspace: 49676K->49676K(1095680K)
[2019-05-17T22:40:26.709+0000][427744.288s] GC(145) Pause Young (Allocation Failure) 143M->58M(490M) 12.965ms
[2019-05-17T22:40:26.709+0000][427744.288s] GC(145) User=0.01s Sys=0.00s Real=0.02s
[2019-05-17T22:48:39.398+0000][428236.977s] GC(146) Pause Young (Allocation Failure)
[2019-05-17T22:48:39.398+0000][428236.977s] GC(146) Using 4 workers of 4 for evacuation
[2019-05-17T22:48:39.414+0000][428236.993s] GC(146) ParNew: 87936K->620K(109248K)
[2019-05-17T22:48:39.414+0000][428236.993s] GC(146) CMS: 59055K->59055K(393216K)
[2019-05-17T22:48:39.414+0000][428236.993s] GC(146) Metaspace: 49676K->49676K(1095680K)
[2019-05-17T22:48:39.414+0000][428236.993s] GC(146) Pause Young (Allocation Failure) 143M->58M(490M) 16.522ms
[2019-05-17T22:48:39.414+0000][428236.993s] GC(146) User=0.01s Sys=0.00s Real=0.02s
[2019-05-17T22:58:55.090+0000][428852.669s] GC(147) Pause Young (Allocation Failure)
[2019-05-17T22:58:55.090+0000][428852.669s] GC(147) Using 4 workers of 4 for evacuation
[2019-05-17T22:58:55.108+0000][428852.687s] GC(147) ParNew: 88044K->420K(109248K)
[2019-05-17T22:58:55.108+0000][428852.687s] GC(147) CMS: 59055K->59055K(393216K)
[2019-05-17T22:58:55.108+0000][428852.687s] GC(147) Metaspace: 49676K->49676K(1095680K)
[2019-05-17T22:58:55.108+0000][428852.687s] GC(147) Pause Young (Allocation Failure) 143M->58M(490M) 18.114ms
[2019-05-17T22:58:55.108+0000][428852.687s] GC(147) User=0.02s Sys=0.00s Real=0.02s
[2019-05-17T23:08:51.717+0000][429449.296s] GC(148) Pause Young (Allocation Failure)
[2019-05-17T23:08:51.717+0000][429449.296s] GC(148) Using 4 workers of 4 for evacuation
[2019-05-17T23:08:51.732+0000][429449.311s] GC(148) ParNew: 87844K->491K(109248K)
[2019-05-17T23:08:51.732+0000][429449.311s] GC(148) CMS: 59055K->59055K(393216K)
[2019-05-17T23:08:51.732+0000][429449.311s] GC(148) Metaspace: 49676K->49676K(1095680K)
[2019-05-17T23:08:51.732+0000][429449.311s] GC(148) Pause Young (Allocation Failure) 143M->58M(490M) 15.173ms
[2019-05-17T23:08:51.732+0000][429449.311s] GC(148) User=0.01s Sys=0.00s Real=0.02s
[2019-05-17T23:18:40.218+0000][430037.797s] GC(149) Pause Young (Allocation Failure)
[2019-05-17T23:18:40.218+0000][430037.797s] GC(149) Using 4 workers of 4 for evacuation
[2019-05-17T23:18:40.234+0000][430037.813s] GC(149) ParNew: 87915K->393K(109248K)
[2019-05-17T23:18:40.234+0000][430037.813s] GC(149) CMS: 59055K->59055K(393216K)
[2019-05-17T23:18:40.234+0000][430037.813s] GC(149) Metaspace: 49676K->49676K(1095680K)
[2019-05-17T23:18:40.234+0000][430037.813s] GC(149) Pause Young (Allocation Failure) 143M->58M(490M) 16.190ms
[2019-05-17T23:18:40.234+0000][430037.813s] GC(149) User=0.01s Sys=0.00s Real=0.01s
[2019-05-17T23:27:41.804+0000][430579.383s] GC(150) Pause Young (Allocation Failure)
[2019-05-17T23:27:41.804+0000][430579.383s] GC(150) Using 4 workers of 4 for evacuation
[2019-05-17T23:27:41.819+0000][430579.398s] GC(150) ParNew: 87817K->425K(109248K)
[2019-05-17T23:27:41.819+0000][430579.398s] GC(150) CMS: 59055K->59055K(393216K)
[2019-05-17T23:27:41.819+0000][430579.398s] GC(150) Metaspace: 49676K->49676K(1095680K)
[2019-05-17T23:27:41.819+0000][430579.398s] GC(150) Pause Young (Allocation Failure) 143M->58M(490M) 14.854ms
[2019-05-17T23:27:41.819+0000][430579.398s] GC(150) User=0.02s Sys=0.00s Real=0.02s
