[2019-05-09T19:49:06.600+0000][0.012s] Using Concurrent Mark Sweep
[2019-05-09T19:49:06.600+0000][0.012s] Heap address: 0x00000000e0000000, size: 512 MB, Compressed Oops mode: 32-bit
[2019-05-09T19:49:09.675+0000][3.087s] GC(0) Pause Young (Allocation Failure)
[2019-05-09T19:49:09.676+0000][3.087s] GC(0) Using 4 workers of 4 for evacuation
[2019-05-09T19:49:09.712+0000][3.124s] GC(0) ParNew: 87424K->10562K(109248K)
[2019-05-09T19:49:09.712+0000][3.124s] GC(0) CMS: 0K->0K(393216K)
[2019-05-09T19:49:09.712+0000][3.124s] GC(0) Metaspace: 14697K->14697K(1062912K)
[2019-05-09T19:49:09.713+0000][3.124s] GC(0) Pause Young (Allocation Failure) 85M->10M(490M) 37.125ms
[2019-05-09T19:49:09.713+0000][3.124s] GC(0) User=0.03s Sys=0.00s Real=0.04s
[2019-05-09T19:49:11.722+0000][5.134s] GC(1) Pause Initial Mark
[2019-05-09T19:49:11.746+0000][5.157s] GC(1) Pause Initial Mark 66M->66M(490M) 23.532ms
[2019-05-09T19:49:11.746+0000][5.157s] GC(1) User=0.02s Sys=0.00s Real=0.02s
[2019-05-09T19:49:11.750+0000][5.161s] GC(1) Concurrent Mark
[2019-05-09T19:49:11.750+0000][5.162s] GC(1) Using 4 workers of 4 for marking
[2019-05-09T19:49:11.765+0000][5.176s] GC(1) Concurrent Mark 15.219ms
[2019-05-09T19:49:11.765+0000][5.177s] GC(1) User=0.01s Sys=0.00s Real=0.01s
[2019-05-09T19:49:11.765+0000][5.177s] GC(1) Concurrent Preclean
[2019-05-09T19:49:11.766+0000][5.177s] GC(1) Concurrent Preclean 0.518ms
[2019-05-09T19:49:11.766+0000][5.177s] GC(1) User=0.00s Sys=0.00s Real=0.00s
[2019-05-09T19:49:11.766+0000][5.177s] GC(1) Concurrent Abortable Preclean
[2019-05-09T19:49:12.924+0000][6.336s] GC(2) Pause Young (Allocation Failure)
[2019-05-09T19:49:12.924+0000][6.336s] GC(2) Using 4 workers of 4 for evacuation
[2019-05-09T19:49:12.965+0000][6.377s] GC(2) ParNew: 97986K->15365K(109248K)
[2019-05-09T19:49:12.965+0000][6.377s] GC(2) CMS: 0K->0K(393216K)
[2019-05-09T19:49:12.965+0000][6.377s] GC(2) Metaspace: 24837K->24837K(1071104K)
[2019-05-09T19:49:12.965+0000][6.377s] GC(2) Pause Young (Allocation Failure) 95M->15M(490M) 41.165ms
[2019-05-09T19:49:12.965+0000][6.377s] GC(2) User=0.04s Sys=0.01s Real=0.04s
[2019-05-09T19:49:14.187+0000][7.598s] GC(1) Concurrent Abortable Preclean 2421.197ms
[2019-05-09T19:49:14.187+0000][7.598s] GC(1) User=2.18s Sys=0.09s Real=2.43s
[2019-05-09T19:49:14.187+0000][7.598s] GC(1) Pause Remark
[2019-05-09T19:49:14.187+0000][7.598s] GC(3) Pause Young (CMS Final Remark)
[2019-05-09T19:49:14.187+0000][7.598s] GC(3) Using 4 workers of 4 for evacuation
[2019-05-09T19:49:14.253+0000][7.665s] GC(3) ParNew: 60473K->21824K(109248K)
[2019-05-09T19:49:14.253+0000][7.665s] GC(3) CMS: 0K->0K(393216K)
[2019-05-09T19:49:14.253+0000][7.665s] GC(3) Metaspace: 28319K->28319K(1075200K)
[2019-05-09T19:49:14.253+0000][7.665s] GC(3) Pause Young (CMS Final Remark) 59M->21M(490M) 66.523ms
[2019-05-09T19:49:14.253+0000][7.665s] GC(3) User=0.05s Sys=0.00s Real=0.06s
[2019-05-09T19:49:14.283+0000][7.695s] GC(1) Pause Remark 59M->21M(490M) 96.435ms
[2019-05-09T19:49:14.283+0000][7.695s] GC(1) User=0.08s Sys=0.00s Real=0.09s
[2019-05-09T19:49:14.286+0000][7.697s] GC(1) Concurrent Sweep
[2019-05-09T19:49:14.286+0000][7.697s] GC(1) Concurrent Sweep 0.040ms
[2019-05-09T19:49:14.286+0000][7.697s] GC(1) User=0.00s Sys=0.00s Real=0.00s
[2019-05-09T19:49:14.286+0000][7.697s] GC(1) Concurrent Reset
[2019-05-09T19:49:14.289+0000][7.701s] GC(1) Concurrent Reset 3.241ms
[2019-05-09T19:49:14.289+0000][7.701s] GC(1) User=0.01s Sys=0.00s Real=0.00s
[2019-05-09T19:49:14.289+0000][7.701s] GC(1) Old: 0K->0K(393216K)
[2019-05-09T19:49:15.014+0000][8.426s] GC(4) Pause Young (Allocation Failure)
[2019-05-09T19:49:15.014+0000][8.426s] GC(4) Using 4 workers of 4 for evacuation
[2019-05-09T19:49:15.076+0000][8.488s] GC(4) ParNew: 109248K->21824K(109248K)
[2019-05-09T19:49:15.076+0000][8.488s] GC(4) CMS: 0K->1026K(393216K)
[2019-05-09T19:49:15.076+0000][8.488s] GC(4) Metaspace: 29878K->29878K(1077248K)
[2019-05-09T19:49:15.076+0000][8.488s] GC(4) Pause Young (Allocation Failure) 106M->22M(490M) 62.302ms
[2019-05-09T19:49:15.076+0000][8.488s] GC(4) User=0.06s Sys=0.01s Real=0.06s
[2019-05-09T19:49:15.489+0000][8.901s] GC(5) Pause Young (Allocation Failure)
[2019-05-09T19:49:15.489+0000][8.901s] GC(5) Using 4 workers of 4 for evacuation
[2019-05-09T19:49:15.532+0000][8.944s] GC(5) ParNew: 109248K->21824K(109248K)
[2019-05-09T19:49:15.532+0000][8.944s] GC(5) CMS: 1026K->2714K(393216K)
[2019-05-09T19:49:15.532+0000][8.944s] GC(5) Metaspace: 30883K->30883K(1077248K)
[2019-05-09T19:49:15.532+0000][8.944s] GC(5) Pause Young (Allocation Failure) 107M->23M(490M) 42.994ms
[2019-05-09T19:49:15.532+0000][8.944s] GC(5) User=0.04s Sys=0.00s Real=0.04s
[2019-05-09T19:49:16.639+0000][10.050s] GC(6) Pause Young (Allocation Failure)
[2019-05-09T19:49:16.639+0000][10.050s] GC(6) Using 4 workers of 4 for evacuation
[2019-05-09T19:49:16.702+0000][10.114s] GC(6) ParNew: 109248K->21824K(109248K)
[2019-05-09T19:49:16.702+0000][10.114s] GC(6) CMS: 2714K->5334K(393216K)
[2019-05-09T19:49:16.702+0000][10.114s] GC(6) Metaspace: 34962K->34962K(1081344K)
[2019-05-09T19:49:16.703+0000][10.114s] GC(6) Pause Young (Allocation Failure) 109M->26M(490M) 63.617ms
[2019-05-09T19:49:16.703+0000][10.114s] GC(6) User=0.06s Sys=0.00s Real=0.06s
[2019-05-09T19:49:24.223+0000][17.635s] GC(7) Pause Young (Allocation Failure)
[2019-05-09T19:49:24.223+0000][17.635s] GC(7) Using 4 workers of 4 for evacuation
[2019-05-09T19:49:24.326+0000][17.738s] GC(7) ParNew: 109248K->21824K(109248K)
[2019-05-09T19:49:24.326+0000][17.738s] GC(7) CMS: 5334K->12115K(393216K)
[2019-05-09T19:49:24.326+0000][17.738s] GC(7) Metaspace: 40188K->40188K(1085440K)
[2019-05-09T19:49:24.326+0000][17.738s] GC(7) Pause Young (Allocation Failure) 111M->33M(490M) 102.886ms
[2019-05-09T19:49:24.326+0000][17.738s] GC(7) User=0.06s Sys=0.01s Real=0.11s
[2019-05-09T23:58:40.063+0000][14973.475s] GC(8) Pause Young (Allocation Failure)
[2019-05-09T23:58:40.063+0000][14973.475s] GC(8) Using 4 workers of 4 for evacuation
[2019-05-09T23:58:40.119+0000][14973.530s] GC(8) ParNew: 109248K->21824K(109248K)
[2019-05-09T23:58:40.119+0000][14973.530s] GC(8) CMS: 12115K->19239K(393216K)
[2019-05-09T23:58:40.119+0000][14973.530s] GC(8) Metaspace: 43930K->43930K(1089536K)
[2019-05-09T23:58:40.119+0000][14973.530s] GC(8) Pause Young (Allocation Failure) 118M->40M(490M) 55.484ms
[2019-05-09T23:58:40.119+0000][14973.530s] GC(8) User=0.06s Sys=0.00s Real=0.06s
[2019-05-10T04:00:40.366+0000][29493.778s] GC(9) Pause Young (Allocation Failure)
[2019-05-10T04:00:40.367+0000][29493.778s] GC(9) Using 4 workers of 4 for evacuation
[2019-05-10T04:00:40.407+0000][29493.819s] GC(9) ParNew: 109248K->18892K(109248K)
[2019-05-10T04:00:40.407+0000][29493.819s] GC(9) CMS: 19239K->19239K(393216K)
[2019-05-10T04:00:40.407+0000][29493.819s] GC(9) Metaspace: 44433K->44433K(1089536K)
[2019-05-10T04:00:40.407+0000][29493.819s] GC(9) Pause Young (Allocation Failure) 125M->37M(490M) 40.893ms
[2019-05-10T04:00:40.407+0000][29493.819s] GC(9) User=0.04s Sys=0.00s Real=0.04s
[2019-05-10T04:00:40.618+0000][29494.030s] GC(10) Pause Young (Allocation Failure)
[2019-05-10T04:00:40.618+0000][29494.030s] GC(10) Using 4 workers of 4 for evacuation
[2019-05-10T04:00:40.657+0000][29494.068s] GC(10) ParNew: 106316K->21824K(109248K)
[2019-05-10T04:00:40.657+0000][29494.068s] GC(10) CMS: 19239K->21694K(393216K)
[2019-05-10T04:00:40.657+0000][29494.068s] GC(10) Metaspace: 44512K->44512K(1089536K)
[2019-05-10T04:00:40.657+0000][29494.068s] GC(10) Pause Young (Allocation Failure) 122M->42M(490M) 38.752ms
[2019-05-10T04:00:40.657+0000][29494.068s] GC(10) User=0.04s Sys=0.00s Real=0.03s
[2019-05-10T04:00:40.886+0000][29494.298s] GC(11) Pause Young (Allocation Failure)
[2019-05-10T04:00:40.886+0000][29494.298s] GC(11) Using 4 workers of 4 for evacuation
[2019-05-10T04:00:40.930+0000][29494.342s] GC(11) ParNew: 109248K->11988K(109248K)
[2019-05-10T04:00:40.930+0000][29494.342s] GC(11) CMS: 21694K->26191K(393216K)
[2019-05-10T04:00:40.930+0000][29494.342s] GC(11) Metaspace: 44573K->44573K(1089536K)
[2019-05-10T04:00:40.930+0000][29494.342s] GC(11) Pause Young (Allocation Failure) 127M->37M(490M) 44.101ms
[2019-05-10T04:00:40.930+0000][29494.342s] GC(11) User=0.05s Sys=0.00s Real=0.04s
[2019-05-10T04:01:46.817+0000][29560.229s] GC(12) Pause Young (Allocation Failure)
[2019-05-10T04:01:46.817+0000][29560.229s] GC(12) Using 4 workers of 4 for evacuation
[2019-05-10T04:01:46.882+0000][29560.294s] GC(12) ParNew: 99412K->18262K(109248K)
[2019-05-10T04:01:46.882+0000][29560.294s] GC(12) CMS: 26191K->26558K(393216K)
[2019-05-10T04:01:46.882+0000][29560.294s] GC(12) Metaspace: 45190K->45190K(1089536K)
[2019-05-10T04:01:46.882+0000][29560.294s] GC(12) Pause Young (Allocation Failure) 122M->43M(490M) 64.925ms
[2019-05-10T04:01:46.882+0000][29560.294s] GC(12) User=0.06s Sys=0.00s Real=0.07s
[2019-05-10T04:01:47.055+0000][29560.466s] GC(13) Pause Young (Allocation Failure)
[2019-05-10T04:01:47.055+0000][29560.466s] GC(13) Using 4 workers of 4 for evacuation
[2019-05-10T04:01:47.085+0000][29560.496s] GC(13) ParNew: 105686K->17139K(109248K)
[2019-05-10T04:01:47.085+0000][29560.496s] GC(13) CMS: 26558K->26654K(393216K)
[2019-05-10T04:01:47.085+0000][29560.496s] GC(13) Metaspace: 45209K->45209K(1089536K)
[2019-05-10T04:01:47.085+0000][29560.496s] GC(13) Pause Young (Allocation Failure) 129M->42M(490M) 30.376ms
[2019-05-10T04:01:47.085+0000][29560.496s] GC(13) User=0.03s Sys=0.00s Real=0.03s
[2019-05-10T04:01:47.421+0000][29560.832s] GC(14) Pause Young (Allocation Failure)
[2019-05-10T04:01:47.421+0000][29560.833s] GC(14) Using 4 workers of 4 for evacuation
[2019-05-10T04:01:47.455+0000][29560.867s] GC(14) ParNew: 104563K->10081K(109248K)
[2019-05-10T04:01:47.455+0000][29560.867s] GC(14) CMS: 26654K->27789K(393216K)
[2019-05-10T04:01:47.455+0000][29560.867s] GC(14) Metaspace: 45243K->45243K(1089536K)
[2019-05-10T04:01:47.455+0000][29560.867s] GC(14) Pause Young (Allocation Failure) 128M->36M(490M) 34.131ms
[2019-05-10T04:01:47.455+0000][29560.867s] GC(14) User=0.03s Sys=0.00s Real=0.03s
[2019-05-10T04:02:24.734+0000][29598.146s] GC(15) Pause Young (Allocation Failure)
[2019-05-10T04:02:24.734+0000][29598.146s] GC(15) Using 4 workers of 4 for evacuation
[2019-05-10T04:02:24.810+0000][29598.221s] GC(15) ParNew: 97505K->15416K(109248K)
[2019-05-10T04:02:24.810+0000][29598.221s] GC(15) CMS: 27789K->32520K(393216K)
[2019-05-10T04:02:24.810+0000][29598.221s] GC(15) Metaspace: 45316K->45316K(1089536K)
[2019-05-10T04:02:24.810+0000][29598.221s] GC(15) Pause Young (Allocation Failure) 122M->46M(490M) 75.633ms
[2019-05-10T04:02:24.810+0000][29598.221s] GC(15) User=0.06s Sys=0.00s Real=0.08s
[2019-05-10T04:02:24.941+0000][29598.352s] GC(16) Pause Young (Allocation Failure)
[2019-05-10T04:02:24.941+0000][29598.352s] GC(16) Using 4 workers of 4 for evacuation
[2019-05-10T04:02:24.959+0000][29598.370s] GC(16) ParNew: 102840K->11175K(109248K)
[2019-05-10T04:02:24.959+0000][29598.370s] GC(16) CMS: 32520K->33291K(393216K)
[2019-05-10T04:02:24.959+0000][29598.370s] GC(16) Metaspace: 45341K->45341K(1089536K)
[2019-05-10T04:02:24.959+0000][29598.370s] GC(16) Pause Young (Allocation Failure) 132M->43M(490M) 18.077ms
[2019-05-10T04:02:24.959+0000][29598.370s] GC(16) User=0.02s Sys=0.00s Real=0.02s
[2019-05-10T04:03:10.745+0000][29644.156s] Heap
[2019-05-10T04:03:10.745+0000][29644.156s]  par new generation   total 109248K, used 84421K [0x00000000e0000000, 0x00000000e8000000, 0x00000000e8000000)
[2019-05-10T04:03:10.745+0000][29644.156s]   eden space 87424K,  83% used [0x00000000e0000000, 0x00000000e47878f0, 0x00000000e5560000)
[2019-05-10T04:03:10.745+0000][29644.156s]   from space 21824K,  51% used [0x00000000e5560000, 0x00000000e6049ee0, 0x00000000e6ab0000)
[2019-05-10T04:03:10.745+0000][29644.156s]   to   space 21824K,   0% used [0x00000000e6ab0000, 0x00000000e6ab0000, 0x00000000e8000000)
[2019-05-10T04:03:10.745+0000][29644.156s]  concurrent mark-sweep generation total 393216K, used 33291K [0x00000000e8000000, 0x0000000100000000, 0x0000000100000000)
[2019-05-10T04:03:10.745+0000][29644.156s]  Metaspace       used 45587K, capacity 46780K, committed 47056K, reserved 1091584K
[2019-05-10T04:03:10.745+0000][29644.156s]   class space    used 5383K, capacity 5839K, committed 5912K, reserved 1048576K
