[2019-05-12T00:57:50.756+0000][0.014s] Using Concurrent Mark Sweep
[2019-05-12T00:57:50.756+0000][0.014s] Heap address: 0x00000000e0000000, size: 512 MB, Compressed Oops mode: 32-bit
[2019-05-12T00:57:53.665+0000][2.924s] GC(0) Pause Young (Allocation Failure)
[2019-05-12T00:57:53.665+0000][2.924s] GC(0) Using 4 workers of 4 for evacuation
[2019-05-12T00:57:53.698+0000][2.956s] GC(0) ParNew: 87424K->10597K(109248K)
[2019-05-12T00:57:53.698+0000][2.956s] GC(0) CMS: 0K->0K(393216K)
[2019-05-12T00:57:53.698+0000][2.956s] GC(0) Metaspace: 14729K->14729K(1062912K)
[2019-05-12T00:57:53.698+0000][2.956s] GC(0) Pause Young (Allocation Failure) 85M->10M(490M) 32.617ms
[2019-05-12T00:57:53.698+0000][2.956s] GC(0) User=0.03s Sys=0.00s Real=0.03s
[2019-05-12T00:57:55.709+0000][4.968s] GC(1) Pause Initial Mark
[2019-05-12T00:57:55.734+0000][4.993s] GC(1) Pause Initial Mark 74M->74M(490M) 24.856ms
[2019-05-12T00:57:55.734+0000][4.993s] GC(1) User=0.02s Sys=0.00s Real=0.02s
[2019-05-12T00:57:55.734+0000][4.993s] GC(1) Concurrent Mark
[2019-05-12T00:57:55.754+0000][5.013s] GC(1) Using 4 workers of 4 for marking
[2019-05-12T00:57:55.762+0000][5.020s] GC(1) Concurrent Mark 27.448ms
[2019-05-12T00:57:55.762+0000][5.020s] GC(1) User=0.03s Sys=0.00s Real=0.03s
[2019-05-12T00:57:55.762+0000][5.020s] GC(1) Concurrent Preclean
[2019-05-12T00:57:55.762+0000][5.021s] GC(1) Concurrent Preclean 0.504ms
[2019-05-12T00:57:55.762+0000][5.021s] GC(1) User=0.00s Sys=0.00s Real=0.00s
[2019-05-12T00:57:55.762+0000][5.021s] GC(1) Concurrent Abortable Preclean
[2019-05-12T00:57:56.375+0000][5.633s] GC(2) Pause Young (Allocation Failure)
[2019-05-12T00:57:56.375+0000][5.633s] GC(2) Using 4 workers of 4 for evacuation
[2019-05-12T00:57:56.419+0000][5.677s] GC(2) ParNew: 98021K->16148K(109248K)
[2019-05-12T00:57:56.419+0000][5.677s] GC(2) CMS: 0K->0K(393216K)
[2019-05-12T00:57:56.419+0000][5.678s] GC(2) Metaspace: 25091K->25091K(1073152K)
[2019-05-12T00:57:56.419+0000][5.678s] GC(2) Pause Young (Allocation Failure) 95M->15M(490M) 44.241ms
[2019-05-12T00:57:56.419+0000][5.678s] GC(2) User=0.04s Sys=0.01s Real=0.05s
[2019-05-12T00:57:57.642+0000][6.901s] GC(1) Concurrent Abortable Preclean 1879.748ms
[2019-05-12T00:57:57.642+0000][6.901s] GC(1) User=1.78s Sys=0.04s Real=1.88s
[2019-05-12T00:57:57.644+0000][6.902s] GC(1) Pause Remark
[2019-05-12T00:57:57.644+0000][6.902s] GC(3) Pause Young (CMS Final Remark)
[2019-05-12T00:57:57.644+0000][6.902s] GC(3) Using 4 workers of 4 for evacuation
[2019-05-12T00:57:57.690+0000][6.948s] GC(3) ParNew: 73733K->21824K(109248K)
[2019-05-12T00:57:57.690+0000][6.948s] GC(3) CMS: 0K->191K(393216K)
[2019-05-12T00:57:57.690+0000][6.948s] GC(3) Metaspace: 28584K->28584K(1075200K)
[2019-05-12T00:57:57.690+0000][6.948s] GC(3) Pause Young (CMS Final Remark) 72M->21M(490M) 46.275ms
[2019-05-12T00:57:57.690+0000][6.948s] GC(3) User=0.05s Sys=0.00s Real=0.05s
[2019-05-12T00:57:57.712+0000][6.970s] GC(1) Pause Remark 72M->21M(490M) 68.086ms
[2019-05-12T00:57:57.712+0000][6.970s] GC(1) User=0.07s Sys=0.00s Real=0.07s
[2019-05-12T00:57:57.726+0000][6.984s] GC(1) Concurrent Sweep
[2019-05-12T00:57:57.726+0000][6.985s] GC(1) Concurrent Sweep 0.296ms
[2019-05-12T00:57:57.726+0000][6.985s] GC(1) User=0.00s Sys=0.00s Real=0.00s
[2019-05-12T00:57:57.726+0000][6.985s] GC(1) Concurrent Reset
[2019-05-12T00:57:57.729+0000][6.988s] GC(1) Concurrent Reset 3.255ms
[2019-05-12T00:57:57.729+0000][6.988s] GC(1) User=0.01s Sys=0.00s Real=0.00s
[2019-05-12T00:57:57.730+0000][6.988s] GC(1) Old: 0K->191K(393216K)
[2019-05-12T00:57:58.414+0000][7.672s] GC(4) Pause Young (Allocation Failure)
[2019-05-12T00:57:58.414+0000][7.673s] GC(4) Using 4 workers of 4 for evacuation
[2019-05-12T00:57:58.473+0000][7.732s] GC(4) ParNew: 109248K->21824K(109248K)
[2019-05-12T00:57:58.473+0000][7.732s] GC(4) CMS: 191K->842K(393216K)
[2019-05-12T00:57:58.473+0000][7.732s] GC(4) Metaspace: 30577K->30577K(1077248K)
[2019-05-12T00:57:58.473+0000][7.732s] GC(4) Pause Young (Allocation Failure) 106M->22M(490M) 59.233ms
[2019-05-12T00:57:58.473+0000][7.732s] GC(4) User=0.05s Sys=0.00s Real=0.06s
[2019-05-12T00:57:58.811+0000][8.070s] GC(5) Pause Young (Allocation Failure)
[2019-05-12T00:57:58.811+0000][8.070s] GC(5) Using 4 workers of 4 for evacuation
[2019-05-12T00:57:58.862+0000][8.120s] GC(5) ParNew: 109248K->21824K(109248K)
[2019-05-12T00:57:58.862+0000][8.120s] GC(5) CMS: 842K->2750K(393216K)
[2019-05-12T00:57:58.862+0000][8.120s] GC(5) Metaspace: 31224K->31224K(1077248K)
[2019-05-12T00:57:58.862+0000][8.120s] GC(5) Pause Young (Allocation Failure) 107M->23M(490M) 50.528ms
[2019-05-12T00:57:58.862+0000][8.120s] GC(5) User=0.04s Sys=0.01s Real=0.05s
[2019-05-12T00:58:00.157+0000][9.415s] GC(6) Pause Young (Allocation Failure)
[2019-05-12T00:58:00.157+0000][9.415s] GC(6) Using 4 workers of 4 for evacuation
[2019-05-12T00:58:00.217+0000][9.475s] GC(6) ParNew: 109248K->21824K(109248K)
[2019-05-12T00:58:00.217+0000][9.475s] GC(6) CMS: 2750K->3492K(393216K)
[2019-05-12T00:58:00.217+0000][9.475s] GC(6) Metaspace: 35451K->35451K(1081344K)
[2019-05-12T00:58:00.217+0000][9.475s] GC(6) Pause Young (Allocation Failure) 109M->24M(490M) 60.301ms
[2019-05-12T00:58:00.217+0000][9.475s] GC(6) User=0.05s Sys=0.01s Real=0.06s
[2019-05-12T01:01:19.850+0000][209.109s] GC(7) Pause Young (Allocation Failure)
[2019-05-12T01:01:19.850+0000][209.109s] GC(7) Using 4 workers of 4 for evacuation
[2019-05-12T01:01:19.931+0000][209.189s] GC(7) ParNew: 109248K->21824K(109248K)
[2019-05-12T01:01:19.931+0000][209.189s] GC(7) CMS: 3492K->12537K(393216K)
[2019-05-12T01:01:19.931+0000][209.189s] GC(7) Metaspace: 42108K->42108K(1087488K)
[2019-05-12T01:01:19.931+0000][209.189s] GC(7) Pause Young (Allocation Failure) 110M->33M(490M) 80.891ms
[2019-05-12T01:01:19.931+0000][209.189s] GC(7) User=0.08s Sys=0.00s Real=0.08s
[2019-05-12T01:01:20.138+0000][209.396s] GC(8) Pause Young (Allocation Failure)
[2019-05-12T01:01:20.138+0000][209.396s] GC(8) Using 4 workers of 4 for evacuation
[2019-05-12T01:01:20.191+0000][209.449s] GC(8) ParNew: 109248K->21824K(109248K)
[2019-05-12T01:01:20.191+0000][209.449s] GC(8) CMS: 12537K->20787K(393216K)
[2019-05-12T01:01:20.191+0000][209.449s] GC(8) Metaspace: 42172K->42172K(1087488K)
[2019-05-12T01:01:20.191+0000][209.449s] GC(8) Pause Young (Allocation Failure) 118M->41M(490M) 53.026ms
[2019-05-12T01:01:20.191+0000][209.449s] GC(8) User=0.05s Sys=0.00s Real=0.06s
[2019-05-12T01:01:20.477+0000][209.735s] GC(9) Pause Young (Allocation Failure)
[2019-05-12T01:01:20.477+0000][209.735s] GC(9) Using 4 workers of 4 for evacuation
[2019-05-12T01:01:20.509+0000][209.768s] GC(9) ParNew: 109248K->17765K(109248K)
[2019-05-12T01:01:20.509+0000][209.768s] GC(9) CMS: 20787K->20787K(393216K)
[2019-05-12T01:01:20.509+0000][209.768s] GC(9) Metaspace: 42268K->42268K(1087488K)
[2019-05-12T01:01:20.509+0000][209.768s] GC(9) Pause Young (Allocation Failure) 126M->37M(490M) 32.820ms
[2019-05-12T01:01:20.509+0000][209.768s] GC(9) User=0.04s Sys=0.00s Real=0.04s
[2019-05-12T01:01:25.605+0000][214.863s] GC(10) Pause Young (Allocation Failure)
[2019-05-12T01:01:25.605+0000][214.863s] GC(10) Using 4 workers of 4 for evacuation
[2019-05-12T01:01:25.667+0000][214.926s] GC(10) ParNew: 105072K->21824K(109248K)
[2019-05-12T01:01:25.667+0000][214.926s] GC(10) CMS: 20787K->25122K(393216K)
[2019-05-12T01:01:25.667+0000][214.926s] GC(10) Metaspace: 44296K->44296K(1089536K)
[2019-05-12T01:01:25.667+0000][214.926s] GC(10) Pause Young (Allocation Failure) 122M->45M(490M) 62.886ms
[2019-05-12T01:01:25.667+0000][214.926s] GC(10) User=0.06s Sys=0.01s Real=0.07s
[2019-05-12T01:02:53.658+0000][302.916s] GC(11) Pause Young (Allocation Failure)
[2019-05-12T01:02:53.658+0000][302.917s] GC(11) Using 4 workers of 4 for evacuation
[2019-05-12T01:02:53.713+0000][302.971s] GC(11) ParNew: 109248K->21824K(109248K)
[2019-05-12T01:02:53.713+0000][302.971s] GC(11) CMS: 25122K->30138K(393216K)
[2019-05-12T01:02:53.713+0000][302.971s] GC(11) Metaspace: 44549K->44549K(1089536K)
[2019-05-12T01:02:53.713+0000][302.971s] GC(11) Pause Young (Allocation Failure) 131M->50M(490M) 55.006ms
[2019-05-12T01:02:53.713+0000][302.971s] GC(11) User=0.06s Sys=0.00s Real=0.05s
[2019-05-12T01:02:53.862+0000][303.120s] GC(12) Pause Young (Allocation Failure)
[2019-05-12T01:02:53.862+0000][303.120s] GC(12) Using 4 workers of 4 for evacuation
[2019-05-12T01:02:53.901+0000][303.159s] GC(12) ParNew: 109248K->20552K(109248K)
[2019-05-12T01:02:53.901+0000][303.159s] GC(12) CMS: 30138K->30463K(393216K)
[2019-05-12T01:02:53.901+0000][303.159s] GC(12) Metaspace: 44566K->44566K(1089536K)
[2019-05-12T01:02:53.901+0000][303.159s] GC(12) Pause Young (Allocation Failure) 136M->49M(490M) 38.938ms
[2019-05-12T01:02:53.901+0000][303.159s] GC(12) User=0.03s Sys=0.00s Real=0.04s
[2019-05-12T01:02:54.419+0000][303.678s] GC(13) Pause Young (Allocation Failure)
[2019-05-12T01:02:54.419+0000][303.678s] GC(13) Using 4 workers of 4 for evacuation
[2019-05-12T01:02:54.485+0000][303.744s] GC(13) ParNew: 107971K->21824K(109248K)
[2019-05-12T01:02:54.485+0000][303.744s] GC(13) CMS: 30463K->32246K(393216K)
[2019-05-12T01:02:54.485+0000][303.744s] GC(13) Metaspace: 44647K->44647K(1089536K)
[2019-05-12T01:02:54.485+0000][303.744s] GC(13) Pause Young (Allocation Failure) 135M->52M(490M) 66.014ms
[2019-05-12T01:02:54.485+0000][303.744s] GC(13) User=0.06s Sys=0.01s Real=0.06s
[2019-05-12T01:08:54.845+0000][664.103s] GC(14) Pause Young (Allocation Failure)
[2019-05-12T01:08:54.845+0000][664.103s] GC(14) Using 4 workers of 4 for evacuation
[2019-05-12T01:08:54.914+0000][664.172s] GC(14) ParNew: 109248K->21824K(109248K)
[2019-05-12T01:08:54.914+0000][664.172s] GC(14) CMS: 32246K->38282K(393216K)
[2019-05-12T01:08:54.914+0000][664.172s] GC(14) Metaspace: 45088K->45088K(1089536K)
[2019-05-12T01:08:54.914+0000][664.172s] GC(14) Pause Young (Allocation Failure) 138M->58M(490M) 69.254ms
[2019-05-12T01:08:54.914+0000][664.172s] GC(14) User=0.07s Sys=0.00s Real=0.07s
[2019-05-12T01:08:55.060+0000][664.319s] GC(15) Pause Young (Allocation Failure)
[2019-05-12T01:08:55.061+0000][664.319s] GC(15) Using 4 workers of 4 for evacuation
[2019-05-12T01:08:55.110+0000][664.369s] GC(15) ParNew: 109248K->21824K(109248K)
[2019-05-12T01:08:55.110+0000][664.369s] GC(15) CMS: 38282K->38785K(393216K)
[2019-05-12T01:08:55.110+0000][664.369s] GC(15) Metaspace: 45106K->45106K(1089536K)
[2019-05-12T01:08:55.110+0000][664.369s] GC(15) Pause Young (Allocation Failure) 144M->59M(490M) 49.703ms
[2019-05-12T01:08:55.110+0000][664.369s] GC(15) User=0.05s Sys=0.00s Real=0.05s
[2019-05-12T01:08:55.395+0000][664.654s] GC(16) Pause Young (Allocation Failure)
[2019-05-12T01:08:55.395+0000][664.654s] GC(16) Using 4 workers of 4 for evacuation
[2019-05-12T01:08:55.474+0000][664.732s] GC(16) ParNew: 109248K->21824K(109248K)
[2019-05-12T01:08:55.474+0000][664.732s] GC(16) CMS: 38785K->43951K(393216K)
[2019-05-12T01:08:55.474+0000][664.732s] GC(16) Metaspace: 45182K->45182K(1089536K)
[2019-05-12T01:08:55.474+0000][664.732s] GC(16) Pause Young (Allocation Failure) 144M->64M(490M) 78.495ms
[2019-05-12T01:08:55.474+0000][664.732s] GC(16) User=0.07s Sys=0.01s Real=0.08s
[2019-05-12T01:09:52.807+0000][722.065s] GC(17) Pause Young (Allocation Failure)
[2019-05-12T01:09:52.807+0000][722.065s] GC(17) Using 4 workers of 4 for evacuation
[2019-05-12T01:09:52.877+0000][722.135s] GC(17) ParNew: 109248K->21824K(109248K)
[2019-05-12T01:09:52.877+0000][722.136s] GC(17) CMS: 43951K->49895K(393216K)
[2019-05-12T01:09:52.877+0000][722.136s] GC(17) Metaspace: 45254K->45254K(1089536K)
[2019-05-12T01:09:52.877+0000][722.136s] GC(17) Pause Young (Allocation Failure) 149M->70M(490M) 70.288ms
[2019-05-12T01:09:52.877+0000][722.136s] GC(17) User=0.06s Sys=0.00s Real=0.06s
[2019-05-12T01:09:52.998+0000][722.256s] GC(18) Pause Young (Allocation Failure)
[2019-05-12T01:09:52.998+0000][722.257s] GC(18) Using 4 workers of 4 for evacuation
[2019-05-12T01:09:53.040+0000][722.299s] GC(18) ParNew: 109248K->21824K(109248K)
[2019-05-12T01:09:53.040+0000][722.299s] GC(18) CMS: 49895K->49895K(393216K)
[2019-05-12T01:09:53.040+0000][722.299s] GC(18) Metaspace: 45256K->45256K(1089536K)
[2019-05-12T01:09:53.040+0000][722.299s] GC(18) Pause Young (Allocation Failure) 155M->70M(490M) 42.167ms
[2019-05-12T01:09:53.040+0000][722.299s] GC(18) User=0.04s Sys=0.00s Real=0.04s
[2019-05-12T01:09:53.458+0000][722.716s] GC(19) Pause Young (Allocation Failure)
[2019-05-12T01:09:53.458+0000][722.717s] GC(19) Using 4 workers of 4 for evacuation
[2019-05-12T01:09:53.535+0000][722.793s] GC(19) ParNew: 109248K->21824K(109248K)
[2019-05-12T01:09:53.535+0000][722.793s] GC(19) CMS: 49895K->52868K(393216K)
[2019-05-12T01:09:53.535+0000][722.793s] GC(19) Metaspace: 45316K->45316K(1089536K)
[2019-05-12T01:09:53.535+0000][722.793s] GC(19) Pause Young (Allocation Failure) 155M->72M(490M) 76.654ms
[2019-05-12T01:09:53.535+0000][722.793s] GC(19) User=0.08s Sys=0.00s Real=0.07s
[2019-05-12T01:14:13.822+0000][983.080s] GC(20) Pause Young (Allocation Failure)
[2019-05-12T01:14:13.822+0000][983.080s] GC(20) Using 4 workers of 4 for evacuation
[2019-05-12T01:14:13.897+0000][983.156s] GC(20) ParNew: 109236K->21824K(109248K)
[2019-05-12T01:14:13.897+0000][983.156s] GC(20) CMS: 52868K->61205K(393216K)
[2019-05-12T01:14:13.897+0000][983.156s] GC(20) Metaspace: 46064K->46064K(1091584K)
[2019-05-12T01:14:13.897+0000][983.156s] GC(20) Pause Young (Allocation Failure) 158M->81M(490M) 75.668ms
[2019-05-12T01:14:13.897+0000][983.156s] GC(20) User=0.07s Sys=0.00s Real=0.07s
[2019-05-12T01:19:10.510+0000][1279.768s] GC(21) Pause Young (Allocation Failure)
[2019-05-12T01:19:10.510+0000][1279.769s] GC(21) Using 4 workers of 4 for evacuation
[2019-05-12T01:19:10.553+0000][1279.811s] GC(21) ParNew: 109238K->20713K(109248K)
[2019-05-12T01:19:10.553+0000][1279.811s] GC(21) CMS: 61205K->61205K(393216K)
[2019-05-12T01:19:10.553+0000][1279.811s] GC(21) Metaspace: 46168K->46168K(1091584K)
[2019-05-12T01:19:10.553+0000][1279.811s] GC(21) Pause Young (Allocation Failure) 166M->79M(490M) 42.870ms
[2019-05-12T01:19:10.553+0000][1279.811s] GC(21) User=0.04s Sys=0.00s Real=0.04s
[2019-05-12T01:19:10.691+0000][1279.950s] GC(22) Pause Young (Allocation Failure)
[2019-05-12T01:19:10.691+0000][1279.950s] GC(22) Using 4 workers of 4 for evacuation
[2019-05-12T01:19:10.738+0000][1279.997s] GC(22) ParNew: 108120K->17245K(109248K)
[2019-05-12T01:19:10.738+0000][1279.997s] GC(22) CMS: 61205K->62466K(393216K)
[2019-05-12T01:19:10.738+0000][1279.997s] GC(22) Metaspace: 46177K->46177K(1091584K)
[2019-05-12T01:19:10.738+0000][1279.997s] GC(22) Pause Young (Allocation Failure) 165M->77M(490M) 47.041ms
[2019-05-12T01:19:10.738+0000][1279.997s] GC(22) User=0.05s Sys=0.00s Real=0.05s
[2019-05-12T01:23:42.900+0000][1552.159s] GC(23) Pause Young (Allocation Failure)
[2019-05-12T01:23:42.900+0000][1552.159s] GC(23) Using 4 workers of 4 for evacuation
[2019-05-12T01:23:42.954+0000][1552.213s] GC(23) ParNew: 104669K->21824K(109248K)
[2019-05-12T01:23:42.954+0000][1552.213s] GC(23) CMS: 62466K->63304K(393216K)
[2019-05-12T01:23:42.954+0000][1552.213s] GC(23) Metaspace: 46303K->46303K(1091584K)
[2019-05-12T01:23:42.954+0000][1552.213s] GC(23) Pause Young (Allocation Failure) 163M->83M(490M) 54.027ms
[2019-05-12T01:23:42.954+0000][1552.213s] GC(23) User=0.05s Sys=0.00s Real=0.05s
[2019-05-12T01:26:11.683+0000][1700.942s] GC(24) Pause Young (Allocation Failure)
[2019-05-12T01:26:11.683+0000][1700.942s] GC(24) Using 4 workers of 4 for evacuation
[2019-05-12T01:26:11.752+0000][1701.011s] GC(24) ParNew: 109248K->21824K(109248K)
[2019-05-12T01:26:11.753+0000][1701.011s] GC(24) CMS: 63304K->68381K(393216K)
[2019-05-12T01:26:11.753+0000][1701.011s] GC(24) Metaspace: 46367K->46367K(1091584K)
[2019-05-12T01:26:11.753+0000][1701.011s] GC(24) Pause Young (Allocation Failure) 168M->88M(490M) 69.477ms
[2019-05-12T01:26:11.753+0000][1701.011s] GC(24) User=0.06s Sys=0.00s Real=0.07s
[2019-05-12T01:26:11.910+0000][1701.168s] GC(25) Pause Young (Allocation Failure)
[2019-05-12T01:26:11.910+0000][1701.169s] GC(25) Using 4 workers of 4 for evacuation
[2019-05-12T01:26:11.959+0000][1701.217s] GC(25) ParNew: 109248K->21824K(109248K)
[2019-05-12T01:26:11.959+0000][1701.217s] GC(25) CMS: 68381K->69463K(393216K)
[2019-05-12T01:26:11.959+0000][1701.217s] GC(25) Metaspace: 46369K->46369K(1091584K)
[2019-05-12T01:26:11.959+0000][1701.217s] GC(25) Pause Young (Allocation Failure) 173M->89M(490M) 48.827ms
[2019-05-12T01:26:11.959+0000][1701.217s] GC(25) User=0.05s Sys=0.00s Real=0.05s
[2019-05-12T01:31:26.803+0000][2016.062s] GC(26) Pause Young (Allocation Failure)
[2019-05-12T01:31:26.803+0000][2016.062s] GC(26) Using 4 workers of 4 for evacuation
[2019-05-12T01:31:26.884+0000][2016.143s] GC(26) ParNew: 109234K->21824K(109248K)
[2019-05-12T01:31:26.884+0000][2016.143s] GC(26) CMS: 69463K->72046K(393216K)
[2019-05-12T01:31:26.884+0000][2016.143s] GC(26) Metaspace: 46438K->46438K(1091584K)
[2019-05-12T01:31:26.884+0000][2016.143s] GC(26) Pause Young (Allocation Failure) 174M->91M(490M) 81.106ms
[2019-05-12T01:31:26.884+0000][2016.143s] GC(26) User=0.08s Sys=0.01s Real=0.08s
[2019-05-12T01:31:27.014+0000][2016.273s] GC(27) Pause Young (Allocation Failure)
[2019-05-12T01:31:27.014+0000][2016.273s] GC(27) Using 4 workers of 4 for evacuation
[2019-05-12T01:31:27.089+0000][2016.348s] GC(27) ParNew: 109248K->21824K(109248K)
[2019-05-12T01:31:27.089+0000][2016.348s] GC(27) CMS: 72046K->78517K(393216K)
[2019-05-12T01:31:27.089+0000][2016.348s] GC(27) Metaspace: 46485K->46485K(1091584K)
[2019-05-12T01:31:27.089+0000][2016.348s] GC(27) Pause Young (Allocation Failure) 177M->97M(490M) 74.973ms
[2019-05-12T01:31:27.089+0000][2016.348s] GC(27) User=0.07s Sys=0.00s Real=0.08s
[2019-05-12T01:31:27.274+0000][2016.532s] GC(28) Pause Young (Allocation Failure)
[2019-05-12T01:31:27.274+0000][2016.533s] GC(28) Using 4 workers of 4 for evacuation
[2019-05-12T01:31:27.317+0000][2016.575s] GC(28) ParNew: 109248K->21344K(109248K)
[2019-05-12T01:31:27.317+0000][2016.575s] GC(28) CMS: 78517K->79464K(393216K)
[2019-05-12T01:31:27.317+0000][2016.575s] GC(28) Metaspace: 46533K->46533K(1091584K)
[2019-05-12T01:31:27.317+0000][2016.575s] GC(28) Pause Young (Allocation Failure) 183M->98M(490M) 43.011ms
[2019-05-12T01:31:27.317+0000][2016.575s] GC(28) User=0.05s Sys=0.00s Real=0.04s
[2019-05-12T01:32:17.307+0000][2066.566s] GC(29) Pause Initial Mark
[2019-05-12T01:32:17.345+0000][2066.604s] GC(29) Pause Initial Mark 165M->165M(490M) 38.133ms
[2019-05-12T01:32:17.345+0000][2066.604s] GC(29) User=0.04s Sys=0.00s Real=0.03s
[2019-05-12T01:32:17.345+0000][2066.604s] GC(29) Concurrent Mark
[2019-05-12T01:32:17.345+0000][2066.604s] GC(29) Using 4 workers of 4 for marking
[2019-05-12T01:32:17.397+0000][2066.655s] GC(29) Concurrent Mark 51.116ms
[2019-05-12T01:32:17.397+0000][2066.655s] GC(29) User=0.05s Sys=0.00s Real=0.05s
[2019-05-12T01:32:17.397+0000][2066.655s] GC(29) Concurrent Preclean
[2019-05-12T01:32:17.400+0000][2066.658s] GC(29) Concurrent Preclean 3.310ms
[2019-05-12T01:32:17.400+0000][2066.658s] GC(29) User=0.00s Sys=0.00s Real=0.01s
[2019-05-12T01:32:17.400+0000][2066.658s] GC(29) Concurrent Abortable Preclean
[2019-05-12T01:32:23.469+0000][2072.727s] GC(29) Concurrent Abortable Preclean 6068.951ms
[2019-05-12T01:32:23.469+0000][2072.727s] GC(29) User=3.42s Sys=0.00s Real=6.07s
[2019-05-12T01:32:23.469+0000][2072.728s] GC(29) Pause Remark
[2019-05-12T01:32:23.469+0000][2072.728s] GC(30) Pause Young (CMS Final Remark)
[2019-05-12T01:32:23.469+0000][2072.728s] GC(30) Using 4 workers of 4 for evacuation
[2019-05-12T01:32:23.539+0000][2072.798s] GC(30) ParNew: 89569K->21824K(109248K)
[2019-05-12T01:32:23.539+0000][2072.798s] GC(30) CMS: 79464K->81951K(393216K)
[2019-05-12T01:32:23.539+0000][2072.798s] GC(30) Metaspace: 48258K->48258K(1093632K)
[2019-05-12T01:32:23.539+0000][2072.798s] GC(30) Pause Young (CMS Final Remark) 165M->101M(490M) 70.079ms
[2019-05-12T01:32:23.539+0000][2072.798s] GC(30) User=0.07s Sys=0.00s Real=0.07s
[2019-05-12T01:32:23.651+0000][2072.909s] GC(29) Pause Remark 165M->101M(490M) 181.741ms
[2019-05-12T01:32:23.651+0000][2072.909s] GC(29) User=0.18s Sys=0.00s Real=0.18s
[2019-05-12T01:32:23.651+0000][2072.909s] GC(29) Concurrent Sweep
[2019-05-12T01:32:23.685+0000][2072.944s] GC(29) Concurrent Sweep 34.059ms
[2019-05-12T01:32:23.685+0000][2072.944s] GC(29) User=0.04s Sys=0.00s Real=0.03s
[2019-05-12T01:32:23.685+0000][2072.944s] GC(29) Concurrent Reset
[2019-05-12T01:32:23.686+0000][2072.944s] GC(29) Concurrent Reset 0.886ms
[2019-05-12T01:32:23.686+0000][2072.944s] GC(29) User=0.00s Sys=0.00s Real=0.01s
[2019-05-12T01:32:23.686+0000][2072.944s] GC(29) Old: 79464K->80471K(393216K)
[2019-05-12T01:40:36.260+0000][2565.519s] Heap
[2019-05-12T01:40:36.260+0000][2565.519s]  par new generation   total 109248K, used 30325K [0x00000000e0000000, 0x00000000e8000000, 0x00000000e8000000)
[2019-05-12T01:40:36.260+0000][2565.519s]   eden space 87424K,   9% used [0x00000000e0000000, 0x00000000e084d4d8, 0x00000000e5560000)
[2019-05-12T01:40:36.260+0000][2565.519s]   from space 21824K, 100% used [0x00000000e6ab0000, 0x00000000e8000000, 0x00000000e8000000)
[2019-05-12T01:40:36.260+0000][2565.519s]   to   space 21824K,   0% used [0x00000000e5560000, 0x00000000e5560000, 0x00000000e6ab0000)
[2019-05-12T01:40:36.260+0000][2565.519s]  concurrent mark-sweep generation total 393216K, used 80471K [0x00000000e8000000, 0x0000000100000000, 0x0000000100000000)
[2019-05-12T01:40:36.260+0000][2565.519s]  Metaspace       used 48098K, capacity 49195K, committed 49932K, reserved 1093632K
[2019-05-12T01:40:36.260+0000][2565.519s]   class space    used 5528K, capacity 5960K, committed 6168K, reserved 1048576K
