[2019-05-10T04:03:12.854+0000][0.017s] Using Concurrent Mark Sweep
[2019-05-10T04:03:12.854+0000][0.017s] Heap address: 0x00000000e0000000, size: 512 MB, Compressed Oops mode: 32-bit
[2019-05-10T04:03:15.703+0000][2.866s] GC(0) Pause Young (Allocation Failure)
[2019-05-10T04:03:15.705+0000][2.867s] GC(0) Using 4 workers of 4 for evacuation
[2019-05-10T04:03:15.737+0000][2.900s] GC(0) ParNew: 87424K->10569K(109248K)
[2019-05-10T04:03:15.737+0000][2.900s] GC(0) CMS: 0K->0K(393216K)
[2019-05-10T04:03:15.737+0000][2.900s] GC(0) Metaspace: 14714K->14714K(1062912K)
[2019-05-10T04:03:15.737+0000][2.900s] GC(0) Pause Young (Allocation Failure) 85M->10M(490M) 34.758ms
[2019-05-10T04:03:15.737+0000][2.900s] GC(0) User=0.04s Sys=0.00s Real=0.03s
[2019-05-10T04:03:17.753+0000][4.916s] GC(1) Pause Initial Mark
[2019-05-10T04:03:17.792+0000][4.954s] GC(1) Pause Initial Mark 86M->86M(490M) 38.275ms
[2019-05-10T04:03:17.792+0000][4.954s] GC(1) User=0.04s Sys=0.00s Real=0.04s
[2019-05-10T04:03:17.792+0000][4.955s] GC(1) Concurrent Mark
[2019-05-10T04:03:17.802+0000][4.965s] GC(1) Using 4 workers of 4 for marking
[2019-05-10T04:03:17.817+0000][4.979s] GC(1) Concurrent Mark 24.930ms
[2019-05-10T04:03:17.817+0000][4.979s] GC(1) User=0.02s Sys=0.00s Real=0.02s
[2019-05-10T04:03:17.817+0000][4.979s] GC(1) Concurrent Preclean
[2019-05-10T04:03:17.817+0000][4.980s] GC(1) Concurrent Preclean 0.513ms
[2019-05-10T04:03:17.817+0000][4.980s] GC(1) User=0.00s Sys=0.00s Real=0.00s
[2019-05-10T04:03:17.817+0000][4.980s] GC(1) Concurrent Abortable Preclean
[2019-05-10T04:03:18.249+0000][5.412s] GC(2) Pause Young (Allocation Failure)
[2019-05-10T04:03:18.249+0000][5.412s] GC(2) Using 4 workers of 4 for evacuation
[2019-05-10T04:03:18.291+0000][5.454s] GC(2) ParNew: 97993K->15580K(109248K)
[2019-05-10T04:03:18.291+0000][5.454s] GC(2) CMS: 0K->0K(393216K)
[2019-05-10T04:03:18.291+0000][5.454s] GC(2) Metaspace: 23271K->23271K(1071104K)
[2019-05-10T04:03:18.291+0000][5.454s] GC(2) Pause Young (Allocation Failure) 95M->15M(490M) 41.912ms
[2019-05-10T04:03:18.291+0000][5.454s] GC(2) User=0.04s Sys=0.00s Real=0.04s
[2019-05-10T04:03:19.583+0000][6.746s] GC(1) Concurrent Abortable Preclean 1765.551ms
[2019-05-10T04:03:19.583+0000][6.746s] GC(1) User=1.65s Sys=0.05s Real=1.77s
[2019-05-10T04:03:19.586+0000][6.748s] GC(1) Pause Remark
[2019-05-10T04:03:19.586+0000][6.749s] GC(3) Pause Young (CMS Final Remark)
[2019-05-10T04:03:19.586+0000][6.749s] GC(3) Using 4 workers of 4 for evacuation
[2019-05-10T04:03:19.630+0000][6.793s] GC(3) ParNew: 59370K->21824K(109248K)
[2019-05-10T04:03:19.630+0000][6.793s] GC(3) CMS: 0K->0K(393216K)
[2019-05-10T04:03:19.630+0000][6.793s] GC(3) Metaspace: 27075K->27075K(1073152K)
[2019-05-10T04:03:19.630+0000][6.793s] GC(3) Pause Young (CMS Final Remark) 57M->21M(490M) 44.296ms
[2019-05-10T04:03:19.630+0000][6.793s] GC(3) User=0.04s Sys=0.01s Real=0.05s
[2019-05-10T04:03:19.658+0000][6.821s] GC(1) Pause Remark 57M->21M(490M) 72.577ms
[2019-05-10T04:03:19.658+0000][6.821s] GC(1) User=0.07s Sys=0.01s Real=0.08s
[2019-05-10T04:03:19.661+0000][6.824s] GC(1) Concurrent Sweep
[2019-05-10T04:03:19.661+0000][6.824s] GC(1) Concurrent Sweep 0.115ms
[2019-05-10T04:03:19.661+0000][6.824s] GC(1) User=0.00s Sys=0.00s Real=0.00s
[2019-05-10T04:03:19.661+0000][6.824s] GC(1) Concurrent Reset
[2019-05-10T04:03:19.665+0000][6.828s] GC(1) Concurrent Reset 4.299ms
[2019-05-10T04:03:19.666+0000][6.828s] GC(1) User=0.00s Sys=0.00s Real=0.00s
[2019-05-10T04:03:19.666+0000][6.828s] GC(1) Old: 0K->0K(393216K)
[2019-05-10T04:03:20.622+0000][7.785s] GC(4) Pause Young (Allocation Failure)
[2019-05-10T04:03:20.623+0000][7.785s] GC(4) Using 4 workers of 4 for evacuation
[2019-05-10T04:03:20.678+0000][7.841s] GC(4) ParNew: 109248K->21824K(109248K)
[2019-05-10T04:03:20.678+0000][7.841s] GC(4) CMS: 0K->129K(393216K)
[2019-05-10T04:03:20.678+0000][7.841s] GC(4) Metaspace: 30097K->30097K(1077248K)
[2019-05-10T04:03:20.679+0000][7.841s] GC(4) Pause Young (Allocation Failure) 106M->21M(490M) 56.059ms
[2019-05-10T04:03:20.679+0000][7.841s] GC(4) User=0.05s Sys=0.00s Real=0.06s
[2019-05-10T04:03:21.022+0000][8.184s] GC(5) Pause Young (Allocation Failure)
[2019-05-10T04:03:21.022+0000][8.185s] GC(5) Using 4 workers of 4 for evacuation
[2019-05-10T04:03:21.077+0000][8.240s] GC(5) ParNew: 109248K->19796K(109248K)
[2019-05-10T04:03:21.077+0000][8.240s] GC(5) CMS: 129K->10704K(393216K)
[2019-05-10T04:03:21.077+0000][8.240s] GC(5) Metaspace: 30814K->30814K(1077248K)
[2019-05-10T04:03:21.077+0000][8.240s] GC(5) Pause Young (Allocation Failure) 106M->29M(490M) 55.423ms
[2019-05-10T04:03:21.077+0000][8.240s] GC(5) User=0.05s Sys=0.01s Real=0.05s
[2019-05-10T04:03:21.958+0000][9.121s] GC(6) Pause Young (Allocation Failure)
[2019-05-10T04:03:21.958+0000][9.121s] GC(6) Using 4 workers of 4 for evacuation
[2019-05-10T04:03:21.994+0000][9.157s] GC(6) ParNew: 107220K->13119K(109248K)
[2019-05-10T04:03:21.994+0000][9.157s] GC(6) CMS: 10704K->10704K(393216K)
[2019-05-10T04:03:21.994+0000][9.157s] GC(6) Metaspace: 34179K->34179K(1079296K)
[2019-05-10T04:03:21.994+0000][9.157s] GC(6) Pause Young (Allocation Failure) 115M->23M(490M) 36.398ms
[2019-05-10T04:03:21.994+0000][9.157s] GC(6) User=0.04s Sys=0.00s Real=0.03s
[2019-05-10T04:03:22.966+0000][10.129s] GC(7) Pause Young (Allocation Failure)
[2019-05-10T04:03:22.966+0000][10.129s] GC(7) Using 4 workers of 4 for evacuation
[2019-05-10T04:03:23.027+0000][10.189s] GC(7) ParNew: 100543K->21824K(109248K)
[2019-05-10T04:03:23.027+0000][10.189s] GC(7) CMS: 10704K->11987K(393216K)
[2019-05-10T04:03:23.027+0000][10.189s] GC(7) Metaspace: 38301K->38301K(1083392K)
[2019-05-10T04:03:23.027+0000][10.189s] GC(7) Pause Young (Allocation Failure) 108M->33M(490M) 60.631ms
[2019-05-10T04:03:23.027+0000][10.189s] GC(7) User=0.06s Sys=0.00s Real=0.06s
[2019-05-10T05:26:19.329+0000][4986.492s] GC(8) Pause Young (Allocation Failure)
[2019-05-10T05:26:19.329+0000][4986.492s] GC(8) Using 4 workers of 4 for evacuation
[2019-05-10T05:26:19.379+0000][4986.541s] GC(8) ParNew: 109248K->21824K(109248K)
[2019-05-10T05:26:19.379+0000][4986.541s] GC(8) CMS: 11987K->12197K(393216K)
[2019-05-10T05:26:19.379+0000][4986.541s] GC(8) Metaspace: 44100K->44100K(1089536K)
[2019-05-10T05:26:19.379+0000][4986.542s] GC(8) Pause Young (Allocation Failure) 118M->33M(490M) 49.472ms
[2019-05-10T05:26:19.379+0000][4986.542s] GC(8) User=0.05s Sys=0.00s Real=0.05s
[2019-05-10T12:20:20.155+0000][29827.318s] GC(9) Pause Young (Allocation Failure)
[2019-05-10T12:20:20.155+0000][29827.318s] GC(9) Using 4 workers of 4 for evacuation
[2019-05-10T12:20:20.206+0000][29827.369s] GC(9) ParNew: 109248K->21824K(109248K)
[2019-05-10T12:20:20.206+0000][29827.369s] GC(9) CMS: 12197K->15183K(393216K)
[2019-05-10T12:20:20.206+0000][29827.369s] GC(9) Metaspace: 44280K->44280K(1089536K)
[2019-05-10T12:20:20.206+0000][29827.369s] GC(9) Pause Young (Allocation Failure) 118M->36M(490M) 51.103ms
[2019-05-10T12:20:20.206+0000][29827.369s] GC(9) User=0.05s Sys=0.01s Real=0.06s
[2019-05-10T18:58:15.549+0000][53702.712s] GC(10) Pause Young (Allocation Failure)
[2019-05-10T18:58:15.550+0000][53702.713s] GC(10) Using 4 workers of 4 for evacuation
[2019-05-10T18:58:15.585+0000][53702.748s] GC(10) ParNew: 109248K->19403K(109248K)
[2019-05-10T18:58:15.585+0000][53702.748s] GC(10) CMS: 15183K->15183K(393216K)
[2019-05-10T18:58:15.585+0000][53702.748s] GC(10) Metaspace: 44642K->44642K(1089536K)
[2019-05-10T18:58:15.585+0000][53702.748s] GC(10) Pause Young (Allocation Failure) 121M->33M(490M) 35.301ms
[2019-05-10T18:58:15.585+0000][53702.748s] GC(10) User=0.04s Sys=0.00s Real=0.03s
[2019-05-11T01:44:21.392+0000][78068.555s] GC(11) Pause Young (Allocation Failure)
[2019-05-11T01:44:21.392+0000][78068.555s] GC(11) Using 4 workers of 4 for evacuation
[2019-05-11T01:44:21.434+0000][78068.597s] GC(11) ParNew: 106827K->19842K(109248K)
[2019-05-11T01:44:21.434+0000][78068.597s] GC(11) CMS: 15183K->16914K(393216K)
[2019-05-11T01:44:21.434+0000][78068.597s] GC(11) Metaspace: 44834K->44834K(1089536K)
[2019-05-11T01:44:21.434+0000][78068.597s] GC(11) Pause Young (Allocation Failure) 119M->35M(490M) 41.831ms
[2019-05-11T01:44:21.434+0000][78068.597s] GC(11) User=0.04s Sys=0.00s Real=0.04s
[2019-05-11T08:59:22.027+0000][104169.190s] GC(12) Pause Young (Allocation Failure)
[2019-05-11T08:59:22.027+0000][104169.190s] GC(12) Using 4 workers of 4 for evacuation
[2019-05-11T08:59:22.066+0000][104169.229s] GC(12) ParNew: 107266K->13677K(109248K)
[2019-05-11T08:59:22.066+0000][104169.229s] GC(12) CMS: 16914K->21739K(393216K)
[2019-05-11T08:59:22.066+0000][104169.229s] GC(12) Metaspace: 44844K->44844K(1089536K)
[2019-05-11T08:59:22.066+0000][104169.229s] GC(12) Pause Young (Allocation Failure) 121M->34M(490M) 39.342ms
[2019-05-11T08:59:22.066+0000][104169.229s] GC(12) User=0.04s Sys=0.00s Real=0.04s
[2019-05-11T16:18:22.664+0000][130509.827s] GC(13) Pause Young (Allocation Failure)
[2019-05-11T16:18:22.664+0000][130509.827s] GC(13) Using 4 workers of 4 for evacuation
[2019-05-11T16:18:22.698+0000][130509.860s] GC(13) ParNew: 101101K->12144K(109248K)
[2019-05-11T16:18:22.698+0000][130509.860s] GC(13) CMS: 21739K->21895K(393216K)
[2019-05-11T16:18:22.698+0000][130509.860s] GC(13) Metaspace: 44845K->44845K(1089536K)
[2019-05-11T16:18:22.698+0000][130509.861s] GC(13) Pause Young (Allocation Failure) 119M->33M(490M) 33.490ms
[2019-05-11T16:18:22.698+0000][130509.861s] GC(13) User=0.03s Sys=0.00s Real=0.03s
[2019-05-11T21:41:22.456+0000][149889.618s] GC(14) Pause Young (Allocation Failure)
[2019-05-11T21:41:22.456+0000][149889.619s] GC(14) Using 4 workers of 4 for evacuation
[2019-05-11T21:41:22.497+0000][149889.660s] GC(14) ParNew: 99568K->13439K(109248K)
[2019-05-11T21:41:22.497+0000][149889.660s] GC(14) CMS: 21895K->22924K(393216K)
[2019-05-11T21:41:22.497+0000][149889.660s] GC(14) Metaspace: 45547K->45547K(1089536K)
[2019-05-11T21:41:22.497+0000][149889.660s] GC(14) Pause Young (Allocation Failure) 118M->35M(490M) 41.827ms
[2019-05-11T21:41:22.497+0000][149889.660s] GC(14) User=0.04s Sys=0.00s Real=0.04s
[2019-05-11T21:41:22.726+0000][149889.889s] GC(15) Pause Young (Allocation Failure)
[2019-05-11T21:41:22.727+0000][149889.889s] GC(15) Using 4 workers of 4 for evacuation
[2019-05-11T21:41:22.779+0000][149889.942s] GC(15) ParNew: 100863K->7192K(109248K)
[2019-05-11T21:41:22.779+0000][149889.942s] GC(15) CMS: 22924K->31368K(393216K)
[2019-05-11T21:41:22.779+0000][149889.942s] GC(15) Metaspace: 45630K->45630K(1089536K)
[2019-05-11T21:41:22.779+0000][149889.942s] GC(15) Pause Young (Allocation Failure) 120M->37M(490M) 52.354ms
[2019-05-11T21:41:22.779+0000][149889.942s] GC(15) User=0.05s Sys=0.00s Real=0.05s
[2019-05-11T21:41:23.123+0000][149890.286s] GC(16) Pause Young (Allocation Failure)
[2019-05-11T21:41:23.124+0000][149890.286s] GC(16) Using 4 workers of 4 for evacuation
[2019-05-11T21:41:23.148+0000][149890.311s] GC(16) ParNew: 94616K->3335K(109248K)
[2019-05-11T21:41:23.148+0000][149890.311s] GC(16) CMS: 31368K->32942K(393216K)
[2019-05-11T21:41:23.148+0000][149890.311s] GC(16) Metaspace: 45747K->45747K(1091584K)
[2019-05-11T21:41:23.148+0000][149890.311s] GC(16) Pause Young (Allocation Failure) 123M->35M(490M) 24.692ms
[2019-05-11T21:41:23.148+0000][149890.311s] GC(16) User=0.03s Sys=0.00s Real=0.03s
[2019-05-11T21:41:23.149+0000][149890.312s] GC(17) Pause Initial Mark
[2019-05-11T21:41:23.151+0000][149890.314s] GC(17) Pause Initial Mark 36M->36M(490M) 2.339ms
[2019-05-11T21:41:23.151+0000][149890.314s] GC(17) User=0.00s Sys=0.00s Real=0.00s
[2019-05-11T21:41:23.152+0000][149890.314s] GC(17) Concurrent Mark
[2019-05-11T21:41:23.152+0000][149890.314s] GC(17) Using 4 workers of 4 for marking
[2019-05-11T21:41:23.227+0000][149890.390s] GC(17) Concurrent Mark 75.554ms
[2019-05-11T21:41:23.227+0000][149890.390s] GC(17) User=0.08s Sys=0.00s Real=0.08s
[2019-05-11T21:41:23.227+0000][149890.390s] GC(17) Concurrent Preclean
[2019-05-11T21:41:23.230+0000][149890.392s] GC(17) Concurrent Preclean 2.328ms
[2019-05-11T21:41:23.230+0000][149890.392s] GC(17) User=0.00s Sys=0.00s Real=0.00s
[2019-05-11T21:41:23.230+0000][149890.392s] GC(17) Concurrent Abortable Preclean
[2019-05-11T21:41:29.231+0000][149896.394s] GC(17) Concurrent Abortable Preclean 6001.332ms
[2019-05-11T21:41:29.231+0000][149896.394s] GC(17) User=1.07s Sys=0.00s Real=6.00s
[2019-05-11T21:41:29.231+0000][149896.394s] GC(17) Pause Remark
[2019-05-11T21:41:29.231+0000][149896.394s] GC(18) Pause Young (CMS Final Remark)
[2019-05-11T21:41:29.231+0000][149896.394s] GC(18) Using 4 workers of 4 for evacuation
[2019-05-11T21:41:29.259+0000][149896.422s] GC(18) ParNew: 22317K->10332K(109248K)
[2019-05-11T21:41:29.259+0000][149896.422s] GC(18) CMS: 32942K->32950K(393216K)
[2019-05-11T21:41:29.259+0000][149896.422s] GC(18) Metaspace: 45774K->45774K(1091584K)
[2019-05-11T21:41:29.259+0000][149896.422s] GC(18) Pause Young (CMS Final Remark) 53M->42M(490M) 28.335ms
[2019-05-11T21:41:29.259+0000][149896.422s] GC(18) User=0.03s Sys=0.00s Real=0.03s
[2019-05-11T21:41:29.299+0000][149896.462s] GC(17) Pause Remark 53M->42M(490M) 67.952ms
[2019-05-11T21:41:29.299+0000][149896.462s] GC(17) User=0.07s Sys=0.00s Real=0.07s
[2019-05-11T21:41:29.299+0000][149896.462s] GC(17) Concurrent Sweep
[2019-05-11T21:41:29.311+0000][149896.474s] GC(17) Concurrent Sweep 11.593ms
[2019-05-11T21:41:29.311+0000][149896.474s] GC(17) User=0.01s Sys=0.00s Real=0.01s
[2019-05-11T21:41:29.311+0000][149896.474s] GC(17) Concurrent Reset
[2019-05-11T21:41:29.312+0000][149896.475s] GC(17) Concurrent Reset 0.991ms
[2019-05-11T21:41:29.312+0000][149896.475s] GC(17) User=0.00s Sys=0.00s Real=0.00s
[2019-05-11T21:41:29.312+0000][149896.475s] GC(17) Old: 32942K->31976K(393216K)
[2019-05-11T21:42:30.585+0000][149957.748s] GC(19) Pause Young (Allocation Failure)
[2019-05-11T21:42:30.585+0000][149957.748s] GC(19) Using 4 workers of 4 for evacuation
[2019-05-11T21:42:30.624+0000][149957.787s] GC(19) ParNew: 97756K->14719K(109248K)
[2019-05-11T21:42:30.624+0000][149957.787s] GC(19) CMS: 31976K->32033K(393216K)
[2019-05-11T21:42:30.624+0000][149957.787s] GC(19) Metaspace: 45507K->45507K(1091584K)
[2019-05-11T21:42:30.624+0000][149957.787s] GC(19) Pause Young (Allocation Failure) 126M->45M(490M) 39.123ms
[2019-05-11T21:42:30.624+0000][149957.787s] GC(19) User=0.04s Sys=0.00s Real=0.04s
[2019-05-11T21:42:30.772+0000][149957.935s] GC(20) Pause Young (Allocation Failure)
[2019-05-11T21:42:30.772+0000][149957.935s] GC(20) Using 4 workers of 4 for evacuation
[2019-05-11T21:42:30.790+0000][149957.953s] GC(20) ParNew: 102143K->4417K(109248K)
[2019-05-11T21:42:30.790+0000][149957.953s] GC(20) CMS: 32033K->32058K(393216K)
[2019-05-11T21:42:30.790+0000][149957.953s] GC(20) Metaspace: 45518K->45518K(1091584K)
[2019-05-11T21:42:30.790+0000][149957.953s] GC(20) Pause Young (Allocation Failure) 131M->35M(490M) 17.942ms
[2019-05-11T21:42:30.790+0000][149957.953s] GC(20) User=0.02s Sys=0.00s Real=0.02s
[2019-05-11T21:55:53.495+0000][150760.658s] GC(21) Pause Young (Allocation Failure)
[2019-05-11T21:55:53.502+0000][150760.665s] GC(21) Using 4 workers of 4 for evacuation
[2019-05-11T21:55:53.536+0000][150760.699s] GC(21) ParNew: 91841K->11174K(109248K)
[2019-05-11T21:55:53.536+0000][150760.699s] GC(21) CMS: 32058K->32061K(393216K)
[2019-05-11T21:55:53.536+0000][150760.699s] GC(21) Metaspace: 45987K->45987K(1091584K)
[2019-05-11T21:55:53.536+0000][150760.699s] GC(21) Pause Young (Allocation Failure) 120M->42M(490M) 41.147ms
[2019-05-11T21:55:53.536+0000][150760.699s] GC(21) User=0.03s Sys=0.00s Real=0.04s
[2019-05-12T00:25:17.040+0000][159724.203s] GC(22) Pause Young (Allocation Failure)
[2019-05-12T00:25:17.040+0000][159724.203s] GC(22) Using 4 workers of 4 for evacuation
[2019-05-12T00:25:17.065+0000][159724.228s] GC(22) ParNew: 98598K->14092K(109248K)
[2019-05-12T00:25:17.066+0000][159724.228s] GC(22) CMS: 32061K->32061K(393216K)
[2019-05-12T00:25:17.066+0000][159724.228s] GC(22) Metaspace: 46335K->46335K(1091584K)
[2019-05-12T00:25:17.066+0000][159724.228s] GC(22) Pause Young (Allocation Failure) 127M->45M(490M) 25.276ms
[2019-05-12T00:25:17.066+0000][159724.228s] GC(22) User=0.03s Sys=0.00s Real=0.02s
[2019-05-12T00:26:41.792+0000][159808.955s] GC(23) Pause Young (Allocation Failure)
[2019-05-12T00:26:41.793+0000][159808.956s] GC(23) Using 4 workers of 4 for evacuation
[2019-05-12T00:26:41.862+0000][159809.025s] GC(23) ParNew: 101501K->12910K(109248K)
[2019-05-12T00:26:41.862+0000][159809.025s] GC(23) CMS: 32061K->32361K(393216K)
[2019-05-12T00:26:41.862+0000][159809.025s] GC(23) Metaspace: 46600K->46600K(1091584K)
[2019-05-12T00:26:41.862+0000][159809.025s] GC(23) Pause Young (Allocation Failure) 130M->44M(490M) 70.017ms
[2019-05-12T00:26:41.862+0000][159809.025s] GC(23) User=0.07s Sys=0.00s Real=0.07s
[2019-05-12T00:26:42.044+0000][159809.207s] GC(24) Pause Young (Allocation Failure)
[2019-05-12T00:26:42.044+0000][159809.207s] GC(24) Using 4 workers of 4 for evacuation
[2019-05-12T00:26:42.063+0000][159809.226s] GC(24) ParNew: 100334K->7219K(109248K)
[2019-05-12T00:26:42.063+0000][159809.226s] GC(24) CMS: 32361K->32368K(393216K)
[2019-05-12T00:26:42.063+0000][159809.226s] GC(24) Metaspace: 46622K->46622K(1091584K)
[2019-05-12T00:26:42.063+0000][159809.226s] GC(24) Pause Young (Allocation Failure) 129M->38M(490M) 19.312ms
[2019-05-12T00:26:42.063+0000][159809.226s] GC(24) User=0.02s Sys=0.00s Real=0.02s
[2019-05-12T00:26:42.578+0000][159809.741s] GC(25) Pause Young (Allocation Failure)
[2019-05-12T00:26:42.579+0000][159809.741s] GC(25) Using 4 workers of 4 for evacuation
[2019-05-12T00:26:42.612+0000][159809.775s] GC(25) ParNew: 94643K->11224K(109248K)
[2019-05-12T00:26:42.612+0000][159809.775s] GC(25) CMS: 32368K->32387K(393216K)
[2019-05-12T00:26:42.612+0000][159809.775s] GC(25) Metaspace: 46713K->46713K(1091584K)
[2019-05-12T00:26:42.612+0000][159809.775s] GC(25) Pause Young (Allocation Failure) 124M->42M(490M) 33.938ms
[2019-05-12T00:26:42.612+0000][159809.775s] GC(25) User=0.03s Sys=0.00s Real=0.03s
[2019-05-12T00:28:59.291+0000][159946.454s] GC(26) Pause Young (Allocation Failure)
[2019-05-12T00:28:59.291+0000][159946.454s] GC(26) Using 4 workers of 4 for evacuation
[2019-05-12T00:28:59.321+0000][159946.484s] GC(26) ParNew: 98382K->13952K(109248K)
[2019-05-12T00:28:59.321+0000][159946.484s] GC(26) CMS: 32387K->32395K(393216K)
[2019-05-12T00:28:59.321+0000][159946.484s] GC(26) Metaspace: 46976K->46976K(1091584K)
[2019-05-12T00:28:59.321+0000][159946.484s] GC(26) Pause Young (Allocation Failure) 127M->45M(490M) 30.208ms
[2019-05-12T00:28:59.321+0000][159946.484s] GC(26) User=0.03s Sys=0.00s Real=0.03s
[2019-05-12T00:33:25.436+0000][160212.599s] GC(27) Pause Young (Allocation Failure)
[2019-05-12T00:33:25.436+0000][160212.599s] GC(27) Using 4 workers of 4 for evacuation
[2019-05-12T00:33:25.479+0000][160212.642s] GC(27) ParNew: 101376K->17883K(109248K)
[2019-05-12T00:33:25.479+0000][160212.642s] GC(27) CMS: 32395K->32538K(393216K)
[2019-05-12T00:33:25.479+0000][160212.642s] GC(27) Metaspace: 47216K->47216K(1091584K)
[2019-05-12T00:33:25.479+0000][160212.642s] GC(27) Pause Young (Allocation Failure) 130M->49M(490M) 42.869ms
[2019-05-12T00:33:25.479+0000][160212.642s] GC(27) User=0.04s Sys=0.00s Real=0.05s
[2019-05-12T00:33:25.628+0000][160212.791s] GC(28) Pause Young (Allocation Failure)
[2019-05-12T00:33:25.628+0000][160212.791s] GC(28) Using 4 workers of 4 for evacuation
[2019-05-12T00:33:25.647+0000][160212.809s] GC(28) ParNew: 105307K->5448K(109248K)
[2019-05-12T00:33:25.647+0000][160212.810s] GC(28) CMS: 32538K->32542K(393216K)
[2019-05-12T00:33:25.647+0000][160212.810s] GC(28) Metaspace: 47229K->47229K(1091584K)
[2019-05-12T00:33:25.647+0000][160212.810s] GC(28) Pause Young (Allocation Failure) 134M->37M(490M) 18.515ms
[2019-05-12T00:33:25.647+0000][160212.810s] GC(28) User=0.02s Sys=0.00s Real=0.02s
[2019-05-12T00:33:40.121+0000][160227.283s] GC(29) Pause Young (Allocation Failure)
[2019-05-12T00:33:40.121+0000][160227.284s] GC(29) Using 4 workers of 4 for evacuation
[2019-05-12T00:33:40.151+0000][160227.314s] GC(29) ParNew: 92828K->11085K(109248K)
[2019-05-12T00:33:40.151+0000][160227.314s] GC(29) CMS: 32542K->32606K(393216K)
[2019-05-12T00:33:40.151+0000][160227.314s] GC(29) Metaspace: 47285K->47285K(1091584K)
[2019-05-12T00:33:40.151+0000][160227.314s] GC(29) Pause Young (Allocation Failure) 122M->42M(490M) 30.774ms
[2019-05-12T00:33:40.151+0000][160227.314s] GC(29) User=0.03s Sys=0.00s Real=0.03s
[2019-05-12T00:36:00.674+0000][160367.837s] GC(30) Pause Young (Allocation Failure)
[2019-05-12T00:36:00.674+0000][160367.837s] GC(30) Using 4 workers of 4 for evacuation
[2019-05-12T00:36:00.724+0000][160367.886s] GC(30) ParNew: 98496K->16201K(109248K)
[2019-05-12T00:36:00.724+0000][160367.887s] GC(30) CMS: 32606K->32669K(393216K)
[2019-05-12T00:36:00.724+0000][160367.887s] GC(30) Metaspace: 47966K->47966K(1093632K)
[2019-05-12T00:36:00.724+0000][160367.887s] GC(30) Pause Young (Allocation Failure) 128M->47M(490M) 49.644ms
[2019-05-12T00:36:00.724+0000][160367.887s] GC(30) User=0.05s Sys=0.00s Real=0.05s
[2019-05-12T00:36:00.822+0000][160367.985s] GC(31) Pause Young (Allocation Failure)
[2019-05-12T00:36:00.822+0000][160367.985s] GC(31) Using 4 workers of 4 for evacuation
[2019-05-12T00:36:00.841+0000][160368.004s] GC(31) ParNew: 103625K->4959K(109248K)
[2019-05-12T00:36:00.842+0000][160368.004s] GC(31) CMS: 32669K->32856K(393216K)
[2019-05-12T00:36:00.842+0000][160368.004s] GC(31) Metaspace: 47983K->47983K(1093632K)
[2019-05-12T00:36:00.842+0000][160368.004s] GC(31) Pause Young (Allocation Failure) 133M->36M(490M) 19.532ms
[2019-05-12T00:36:00.842+0000][160368.004s] GC(31) User=0.02s Sys=0.00s Real=0.02s
[2019-05-12T00:36:01.182+0000][160368.345s] GC(32) Pause Young (Allocation Failure)
[2019-05-12T00:36:01.182+0000][160368.345s] GC(32) Using 4 workers of 4 for evacuation
[2019-05-12T00:36:01.223+0000][160368.386s] GC(32) ParNew: 92383K->10872K(109248K)
[2019-05-12T00:36:01.223+0000][160368.386s] GC(32) CMS: 32856K->32875K(393216K)
[2019-05-12T00:36:01.223+0000][160368.386s] GC(32) Metaspace: 48053K->48053K(1093632K)
[2019-05-12T00:36:01.223+0000][160368.386s] GC(32) Pause Young (Allocation Failure) 122M->42M(490M) 41.067ms
[2019-05-12T00:36:01.223+0000][160368.386s] GC(32) User=0.04s Sys=0.00s Real=0.04s
[2019-05-12T00:37:24.500+0000][160451.663s] GC(33) Pause Young (Allocation Failure)
[2019-05-12T00:37:24.500+0000][160451.663s] GC(33) Using 4 workers of 4 for evacuation
[2019-05-12T00:37:24.541+0000][160451.703s] GC(33) ParNew: 98296K->16240K(109248K)
[2019-05-12T00:37:24.541+0000][160451.703s] GC(33) CMS: 32875K->32960K(393216K)
[2019-05-12T00:37:24.541+0000][160451.703s] GC(33) Metaspace: 48197K->48197K(1093632K)
[2019-05-12T00:37:24.541+0000][160451.703s] GC(33) Pause Young (Allocation Failure) 128M->48M(490M) 40.595ms
[2019-05-12T00:37:24.541+0000][160451.703s] GC(33) User=0.04s Sys=0.00s Real=0.04s
[2019-05-12T00:37:24.669+0000][160451.831s] GC(34) Pause Young (Allocation Failure)
[2019-05-12T00:37:24.669+0000][160451.832s] GC(34) Using 4 workers of 4 for evacuation
[2019-05-12T00:37:24.687+0000][160451.850s] GC(34) ParNew: 103664K->6282K(109248K)
[2019-05-12T00:37:24.687+0000][160451.850s] GC(34) CMS: 32960K->32991K(393216K)
[2019-05-12T00:37:24.687+0000][160451.850s] GC(34) Metaspace: 48207K->48207K(1093632K)
[2019-05-12T00:37:24.687+0000][160451.850s] GC(34) Pause Young (Allocation Failure) 133M->38M(490M) 18.851ms
[2019-05-12T00:37:24.687+0000][160451.850s] GC(34) User=0.02s Sys=0.00s Real=0.02s
[2019-05-12T00:37:24.934+0000][160452.097s] GC(35) Pause Young (Allocation Failure)
[2019-05-12T00:37:24.934+0000][160452.097s] GC(35) Using 4 workers of 4 for evacuation
[2019-05-12T00:37:24.960+0000][160452.123s] GC(35) ParNew: 93706K->3799K(109248K)
[2019-05-12T00:37:24.960+0000][160452.123s] GC(35) CMS: 32991K->33166K(393216K)
[2019-05-12T00:37:24.960+0000][160452.123s] GC(35) Metaspace: 48245K->48245K(1093632K)
[2019-05-12T00:37:24.960+0000][160452.123s] GC(35) Pause Young (Allocation Failure) 123M->36M(490M) 25.945ms
[2019-05-12T00:37:24.960+0000][160452.123s] GC(35) User=0.03s Sys=0.00s Real=0.03s
[2019-05-12T00:39:17.646+0000][160564.809s] GC(36) Pause Young (Allocation Failure)
[2019-05-12T00:39:17.646+0000][160564.809s] GC(36) Using 4 workers of 4 for evacuation
[2019-05-12T00:39:17.687+0000][160564.850s] GC(36) ParNew: 91223K->11627K(109248K)
[2019-05-12T00:39:17.687+0000][160564.850s] GC(36) CMS: 33166K->33170K(393216K)
[2019-05-12T00:39:17.687+0000][160564.850s] GC(36) Metaspace: 48302K->48302K(1093632K)
[2019-05-12T00:39:17.688+0000][160564.850s] GC(36) Pause Young (Allocation Failure) 121M->43M(490M) 41.511ms
[2019-05-12T00:39:17.688+0000][160564.850s] GC(36) User=0.04s Sys=0.00s Real=0.04s
[2019-05-12T00:39:17.794+0000][160564.957s] GC(37) Pause Young (Allocation Failure)
[2019-05-12T00:39:17.794+0000][160564.957s] GC(37) Using 4 workers of 4 for evacuation
[2019-05-12T00:39:17.810+0000][160564.973s] GC(37) ParNew: 99051K->6292K(109248K)
[2019-05-12T00:39:17.810+0000][160564.973s] GC(37) CMS: 33170K->33203K(393216K)
[2019-05-12T00:39:17.810+0000][160564.973s] GC(37) Metaspace: 48303K->48303K(1093632K)
[2019-05-12T00:39:17.810+0000][160564.973s] GC(37) Pause Young (Allocation Failure) 129M->38M(490M) 15.992ms
[2019-05-12T00:39:17.810+0000][160564.973s] GC(37) User=0.02s Sys=0.00s Real=0.02s
[2019-05-12T00:39:18.128+0000][160565.291s] GC(38) Pause Young (Allocation Failure)
[2019-05-12T00:39:18.128+0000][160565.291s] GC(38) Using 4 workers of 4 for evacuation
[2019-05-12T00:39:18.173+0000][160565.336s] GC(38) ParNew: 93685K->10932K(109248K)
[2019-05-12T00:39:18.174+0000][160565.336s] GC(38) CMS: 33203K->33711K(393216K)
[2019-05-12T00:39:18.174+0000][160565.336s] GC(38) Metaspace: 48351K->48351K(1093632K)
[2019-05-12T00:39:18.174+0000][160565.336s] GC(38) Pause Young (Allocation Failure) 123M->43M(490M) 45.294ms
[2019-05-12T00:39:18.174+0000][160565.336s] GC(38) User=0.04s Sys=0.00s Real=0.04s
[2019-05-12T00:40:25.074+0000][160632.237s] GC(39) Pause Young (Allocation Failure)
[2019-05-12T00:40:25.074+0000][160632.237s] GC(39) Using 4 workers of 4 for evacuation
[2019-05-12T00:40:25.121+0000][160632.284s] GC(39) ParNew: 98352K->15624K(109248K)
[2019-05-12T00:40:25.121+0000][160632.284s] GC(39) CMS: 33711K->33715K(393216K)
[2019-05-12T00:40:25.121+0000][160632.284s] GC(39) Metaspace: 48429K->48429K(1093632K)
[2019-05-12T00:40:25.121+0000][160632.284s] GC(39) Pause Young (Allocation Failure) 128M->48M(490M) 47.088ms
[2019-05-12T00:40:25.121+0000][160632.284s] GC(39) User=0.05s Sys=0.00s Real=0.05s
[2019-05-12T00:40:25.238+0000][160632.401s] GC(40) Pause Young (Allocation Failure)
[2019-05-12T00:40:25.238+0000][160632.401s] GC(40) Using 4 workers of 4 for evacuation
[2019-05-12T00:40:25.254+0000][160632.416s] GC(40) ParNew: 103048K->2995K(109248K)
[2019-05-12T00:40:25.254+0000][160632.416s] GC(40) CMS: 33715K->33747K(393216K)
[2019-05-12T00:40:25.254+0000][160632.416s] GC(40) Metaspace: 48438K->48438K(1093632K)
[2019-05-12T00:40:25.254+0000][160632.416s] GC(40) Pause Young (Allocation Failure) 133M->35M(490M) 15.281ms
[2019-05-12T00:40:25.254+0000][160632.417s] GC(40) User=0.02s Sys=0.00s Real=0.01s
[2019-05-12T00:40:25.442+0000][160632.605s] GC(41) Pause Young (Allocation Failure)
[2019-05-12T00:40:25.442+0000][160632.605s] GC(41) Using 4 workers of 4 for evacuation
[2019-05-12T00:40:25.463+0000][160632.626s] GC(41) ParNew: 90419K->2445K(109248K)
[2019-05-12T00:40:25.463+0000][160632.626s] GC(41) CMS: 33747K->33948K(393216K)
[2019-05-12T00:40:25.463+0000][160632.626s] GC(41) Metaspace: 48439K->48439K(1093632K)
[2019-05-12T00:40:25.463+0000][160632.626s] GC(41) Pause Young (Allocation Failure) 121M->35M(490M) 20.930ms
[2019-05-12T00:40:25.463+0000][160632.626s] GC(41) User=0.02s Sys=0.00s Real=0.02s
[2019-05-12T00:40:34.962+0000][160642.125s] GC(42) Pause Young (Allocation Failure)
[2019-05-12T00:40:34.962+0000][160642.125s] GC(42) Using 4 workers of 4 for evacuation
[2019-05-12T00:40:34.993+0000][160642.156s] GC(42) ParNew: 89369K->11521K(109248K)
[2019-05-12T00:40:34.994+0000][160642.156s] GC(42) CMS: 33948K->33953K(393216K)
[2019-05-12T00:40:34.994+0000][160642.156s] GC(42) Metaspace: 48534K->48534K(1093632K)
[2019-05-12T00:40:34.994+0000][160642.156s] GC(42) Pause Young (Allocation Failure) 120M->44M(490M) 31.255ms
[2019-05-12T00:40:34.994+0000][160642.156s] GC(42) User=0.03s Sys=0.00s Real=0.03s
[2019-05-12T00:47:35.769+0000][161062.932s] GC(43) Pause Young (Allocation Failure)
[2019-05-12T00:47:35.769+0000][161062.932s] GC(43) Using 4 workers of 4 for evacuation
[2019-05-12T00:47:35.802+0000][161062.965s] GC(43) ParNew: 98624K->15577K(109248K)
[2019-05-12T00:47:35.802+0000][161062.965s] GC(43) CMS: 33953K->33969K(393216K)
[2019-05-12T00:47:35.802+0000][161062.965s] GC(43) Metaspace: 48776K->48776K(1093632K)
[2019-05-12T00:47:35.802+0000][161062.965s] GC(43) Pause Young (Allocation Failure) 129M->48M(490M) 33.464ms
[2019-05-12T00:47:35.802+0000][161062.965s] GC(43) User=0.03s Sys=0.00s Real=0.03s
[2019-05-12T00:49:08.099+0000][161155.262s] GC(44) Pause Young (Allocation Failure)
[2019-05-12T00:49:08.100+0000][161155.262s] GC(44) Using 4 workers of 4 for evacuation
[2019-05-12T00:49:08.133+0000][161155.296s] GC(44) ParNew: 103001K->18461K(109248K)
[2019-05-12T00:49:08.133+0000][161155.296s] GC(44) CMS: 33969K->34122K(393216K)
[2019-05-12T00:49:08.133+0000][161155.296s] GC(44) Metaspace: 49265K->49265K(1093632K)
[2019-05-12T00:49:08.133+0000][161155.296s] GC(44) Pause Young (Allocation Failure) 133M->51M(490M) 33.647ms
[2019-05-12T00:49:08.133+0000][161155.296s] GC(44) User=0.04s Sys=0.00s Real=0.03s
[2019-05-12T00:55:53.698+0000][161560.861s] GC(45) Pause Young (Allocation Failure)
[2019-05-12T00:55:53.698+0000][161560.861s] GC(45) Using 4 workers of 4 for evacuation
[2019-05-12T00:55:53.737+0000][161560.900s] GC(45) ParNew: 105885K->17139K(109248K)
[2019-05-12T00:55:53.737+0000][161560.900s] GC(45) CMS: 34122K->34125K(393216K)
[2019-05-12T00:55:53.737+0000][161560.900s] GC(45) Metaspace: 49340K->49340K(1093632K)
[2019-05-12T00:55:53.737+0000][161560.900s] GC(45) Pause Young (Allocation Failure) 136M->50M(490M) 39.536ms
[2019-05-12T00:55:53.737+0000][161560.900s] GC(45) User=0.04s Sys=0.00s Real=0.03s
[2019-05-12T00:55:53.855+0000][161561.017s] GC(46) Pause Young (Allocation Failure)
[2019-05-12T00:55:53.855+0000][161561.017s] GC(46) Using 4 workers of 4 for evacuation
[2019-05-12T00:55:53.872+0000][161561.035s] GC(46) ParNew: 104563K->8122K(109248K)
[2019-05-12T00:55:53.872+0000][161561.035s] GC(46) CMS: 34125K->34141K(393216K)
[2019-05-12T00:55:53.872+0000][161561.035s] GC(46) Metaspace: 49343K->49343K(1093632K)
[2019-05-12T00:55:53.872+0000][161561.035s] GC(46) Pause Young (Allocation Failure) 135M->41M(490M) 17.124ms
[2019-05-12T00:55:53.872+0000][161561.035s] GC(46) User=0.02s Sys=0.00s Real=0.02s
[2019-05-12T00:55:54.130+0000][161561.293s] GC(47) Pause Young (Allocation Failure)
[2019-05-12T00:55:54.130+0000][161561.293s] GC(47) Using 4 workers of 4 for evacuation
[2019-05-12T00:55:54.165+0000][161561.328s] GC(47) ParNew: 95546K->12461K(109248K)
[2019-05-12T00:55:54.165+0000][161561.328s] GC(47) CMS: 34141K->34288K(393216K)
[2019-05-12T00:55:54.165+0000][161561.328s] GC(47) Metaspace: 49360K->49360K(1093632K)
[2019-05-12T00:55:54.165+0000][161561.328s] GC(47) Pause Young (Allocation Failure) 126M->45M(490M) 34.603ms
[2019-05-12T00:55:54.165+0000][161561.328s] GC(47) User=0.04s Sys=0.00s Real=0.03s
[2019-05-12T00:56:05.492+0000][161572.654s] Heap
[2019-05-12T00:56:05.492+0000][161572.655s]  par new generation   total 109248K, used 51149K [0x00000000e0000000, 0x00000000e8000000, 0x00000000e8000000)
[2019-05-12T00:56:05.492+0000][161572.655s]   eden space 87424K,  44% used [0x00000000e0000000, 0x00000000e25c7ed0, 0x00000000e5560000)
[2019-05-12T00:56:05.492+0000][161572.655s]   from space 21824K,  57% used [0x00000000e5560000, 0x00000000e618b7e0, 0x00000000e6ab0000)
[2019-05-12T00:56:05.492+0000][161572.655s]   to   space 21824K,   0% used [0x00000000e6ab0000, 0x00000000e6ab0000, 0x00000000e8000000)
[2019-05-12T00:56:05.492+0000][161572.655s]  concurrent mark-sweep generation total 393216K, used 34288K [0x00000000e8000000, 0x0000000100000000, 0x0000000100000000)
[2019-05-12T00:56:05.492+0000][161572.655s]  Metaspace       used 49508K, capacity 50584K, committed 50892K, reserved 1093632K
[2019-05-12T00:56:05.492+0000][161572.655s]   class space    used 5512K, capacity 5890K, committed 6092K, reserved 1048576K
