[2019-05-09T01:25:32.176+0000][0.011s] Using Concurrent Mark Sweep
[2019-05-09T01:25:32.176+0000][0.011s] Heap address: 0x00000000e0000000, size: 512 MB, Compressed Oops mode: 32-bit
[2019-05-09T01:25:34.963+0000][2.798s] GC(0) Pause Young (Allocation Failure)
[2019-05-09T01:25:34.964+0000][2.799s] GC(0) Using 4 workers of 4 for evacuation
[2019-05-09T01:25:35.002+0000][2.837s] GC(0) ParNew: 87424K->10556K(109248K)
[2019-05-09T01:25:35.002+0000][2.837s] GC(0) CMS: 0K->0K(393216K)
[2019-05-09T01:25:35.002+0000][2.837s] GC(0) Metaspace: 14692K->14692K(1062912K)
[2019-05-09T01:25:35.002+0000][2.837s] GC(0) Pause Young (Allocation Failure) 85M->10M(490M) 38.298ms
[2019-05-09T01:25:35.002+0000][2.837s] GC(0) User=0.03s Sys=0.00s Real=0.04s
[2019-05-09T01:25:37.014+0000][4.849s] GC(1) Pause Initial Mark
[2019-05-09T01:25:37.049+0000][4.884s] GC(1) Pause Initial Mark 84M->84M(490M) 35.124ms
[2019-05-09T01:25:37.049+0000][4.884s] GC(1) User=0.03s Sys=0.00s Real=0.04s
[2019-05-09T01:25:37.049+0000][4.884s] GC(1) Concurrent Mark
[2019-05-09T01:25:37.066+0000][4.901s] GC(1) Using 4 workers of 4 for marking
[2019-05-09T01:25:37.073+0000][4.908s] GC(1) Concurrent Mark 23.860ms
[2019-05-09T01:25:37.073+0000][4.908s] GC(1) User=0.02s Sys=0.00s Real=0.02s
[2019-05-09T01:25:37.073+0000][4.908s] GC(1) Concurrent Preclean
[2019-05-09T01:25:37.074+0000][4.909s] GC(1) Concurrent Preclean 0.513ms
[2019-05-09T01:25:37.074+0000][4.909s] GC(1) User=0.00s Sys=0.00s Real=0.00s
[2019-05-09T01:25:37.074+0000][4.909s] GC(1) Concurrent Abortable Preclean
[2019-05-09T01:25:37.383+0000][5.218s] GC(2) Pause Young (Allocation Failure)
[2019-05-09T01:25:37.383+0000][5.218s] GC(2) Using 4 workers of 4 for evacuation
[2019-05-09T01:25:37.428+0000][5.263s] GC(2) ParNew: 97980K->15648K(109248K)
[2019-05-09T01:25:37.428+0000][5.263s] GC(2) CMS: 0K->0K(393216K)
[2019-05-09T01:25:37.428+0000][5.263s] GC(2) Metaspace: 24954K->24954K(1071104K)
[2019-05-09T01:25:37.428+0000][5.263s] GC(2) Pause Young (Allocation Failure) 95M->15M(490M) 44.547ms
[2019-05-09T01:25:37.428+0000][5.263s] GC(2) User=0.04s Sys=0.00s Real=0.05s
[2019-05-09T01:25:38.484+0000][6.319s] GC(1) Concurrent Abortable Preclean 1409.975ms
[2019-05-09T01:25:38.484+0000][6.319s] GC(1) User=1.31s Sys=0.04s Real=1.41s
[2019-05-09T01:25:38.484+0000][6.319s] GC(1) Pause Remark
[2019-05-09T01:25:38.484+0000][6.319s] GC(3) Pause Young (CMS Final Remark)
[2019-05-09T01:25:38.484+0000][6.319s] GC(3) Using 4 workers of 4 for evacuation
[2019-05-09T01:25:38.532+0000][6.367s] GC(3) ParNew: 63189K->21824K(109248K)
[2019-05-09T01:25:38.532+0000][6.367s] GC(3) CMS: 0K->0K(393216K)
[2019-05-09T01:25:38.532+0000][6.367s] GC(3) Metaspace: 28518K->28518K(1075200K)
[2019-05-09T01:25:38.532+0000][6.367s] GC(3) Pause Young (CMS Final Remark) 61M->21M(490M) 47.923ms
[2019-05-09T01:25:38.532+0000][6.367s] GC(3) User=0.04s Sys=0.01s Real=0.05s
[2019-05-09T01:25:38.553+0000][6.388s] GC(1) Pause Remark 61M->21M(490M) 69.031ms
[2019-05-09T01:25:38.553+0000][6.388s] GC(1) User=0.06s Sys=0.01s Real=0.07s
[2019-05-09T01:25:38.570+0000][6.405s] GC(1) Concurrent Sweep
[2019-05-09T01:25:38.570+0000][6.405s] GC(1) Concurrent Sweep 0.048ms
[2019-05-09T01:25:38.570+0000][6.405s] GC(1) User=0.00s Sys=0.00s Real=0.00s
[2019-05-09T01:25:38.570+0000][6.405s] GC(1) Concurrent Reset
[2019-05-09T01:25:38.573+0000][6.408s] GC(1) Concurrent Reset 3.239ms
[2019-05-09T01:25:38.573+0000][6.408s] GC(1) User=0.00s Sys=0.00s Real=0.00s
[2019-05-09T01:25:38.573+0000][6.408s] GC(1) Old: 0K->0K(393216K)
[2019-05-09T01:25:39.226+0000][7.061s] GC(4) Pause Young (Allocation Failure)
[2019-05-09T01:25:39.226+0000][7.061s] GC(4) Using 4 workers of 4 for evacuation
[2019-05-09T01:25:39.294+0000][7.129s] GC(4) ParNew: 109248K->21824K(109248K)
[2019-05-09T01:25:39.294+0000][7.129s] GC(4) CMS: 0K->1213K(393216K)
[2019-05-09T01:25:39.294+0000][7.129s] GC(4) Metaspace: 29981K->29981K(1077248K)
[2019-05-09T01:25:39.294+0000][7.129s] GC(4) Pause Young (Allocation Failure) 106M->22M(490M) 68.203ms
[2019-05-09T01:25:39.294+0000][7.129s] GC(4) User=0.07s Sys=0.00s Real=0.06s
[2019-05-09T01:25:39.668+0000][7.503s] GC(5) Pause Young (Allocation Failure)
[2019-05-09T01:25:39.668+0000][7.503s] GC(5) Using 4 workers of 4 for evacuation
[2019-05-09T01:25:39.714+0000][7.549s] GC(5) ParNew: 109248K->21824K(109248K)
[2019-05-09T01:25:39.714+0000][7.549s] GC(5) CMS: 1213K->2156K(393216K)
[2019-05-09T01:25:39.714+0000][7.549s] GC(5) Metaspace: 30980K->30980K(1077248K)
[2019-05-09T01:25:39.714+0000][7.549s] GC(5) Pause Young (Allocation Failure) 107M->23M(490M) 45.652ms
[2019-05-09T01:25:39.714+0000][7.549s] GC(5) User=0.04s Sys=0.00s Real=0.04s
[2019-05-09T01:25:40.801+0000][8.636s] GC(6) Pause Young (Allocation Failure)
[2019-05-09T01:25:40.801+0000][8.636s] GC(6) Using 4 workers of 4 for evacuation
[2019-05-09T01:25:40.867+0000][8.702s] GC(6) ParNew: 109248K->21824K(109248K)
[2019-05-09T01:25:40.867+0000][8.702s] GC(6) CMS: 2156K->4813K(393216K)
[2019-05-09T01:25:40.867+0000][8.702s] GC(6) Metaspace: 35178K->35178K(1081344K)
[2019-05-09T01:25:40.867+0000][8.702s] GC(6) Pause Young (Allocation Failure) 108M->26M(490M) 66.415ms
[2019-05-09T01:25:40.867+0000][8.702s] GC(6) User=0.06s Sys=0.00s Real=0.07s
[2019-05-09T01:26:37.506+0000][65.341s] GC(7) Pause Young (Allocation Failure)
[2019-05-09T01:26:37.506+0000][65.341s] GC(7) Using 4 workers of 4 for evacuation
[2019-05-09T01:26:37.573+0000][65.408s] GC(7) ParNew: 109248K->21824K(109248K)
[2019-05-09T01:26:37.574+0000][65.409s] GC(7) CMS: 4813K->10979K(393216K)
[2019-05-09T01:26:37.574+0000][65.409s] GC(7) Metaspace: 40256K->40256K(1085440K)
[2019-05-09T01:26:37.574+0000][65.409s] GC(7) Pause Young (Allocation Failure) 111M->32M(490M) 67.987ms
[2019-05-09T01:26:37.574+0000][65.409s] GC(7) User=0.07s Sys=0.00s Real=0.07s
[2019-05-09T08:08:38.467+0000][24186.302s] GC(8) Pause Young (Allocation Failure)
[2019-05-09T08:08:38.467+0000][24186.302s] GC(8) Using 4 workers of 4 for evacuation
[2019-05-09T08:08:38.526+0000][24186.361s] GC(8) ParNew: 109248K->21824K(109248K)
[2019-05-09T08:08:38.526+0000][24186.361s] GC(8) CMS: 10979K->17837K(393216K)
[2019-05-09T08:08:38.526+0000][24186.361s] GC(8) Metaspace: 41525K->41525K(1087488K)
[2019-05-09T08:08:38.526+0000][24186.361s] GC(8) Pause Young (Allocation Failure) 117M->38M(490M) 59.626ms
[2019-05-09T08:08:38.526+0000][24186.361s] GC(8) User=0.06s Sys=0.00s Real=0.06s
[2019-05-09T15:45:39.132+0000][51606.967s] GC(9) Pause Young (Allocation Failure)
[2019-05-09T15:45:39.133+0000][51606.968s] GC(9) Using 4 workers of 4 for evacuation
[2019-05-09T15:45:39.168+0000][51607.003s] GC(9) ParNew: 109248K->18816K(109248K)
[2019-05-09T15:45:39.168+0000][51607.003s] GC(9) CMS: 17837K->17837K(393216K)
[2019-05-09T15:45:39.168+0000][51607.003s] GC(9) Metaspace: 41566K->41566K(1087488K)
[2019-05-09T15:45:39.168+0000][51607.003s] GC(9) Pause Young (Allocation Failure) 124M->35M(490M) 35.199ms
[2019-05-09T15:45:39.168+0000][51607.003s] GC(9) User=0.04s Sys=0.00s Real=0.04s
[2019-05-09T16:49:22.191+0000][55430.026s] Heap
[2019-05-09T16:49:22.191+0000][55430.026s]  par new generation   total 109248K, used 38134K [0x00000000e0000000, 0x00000000e8000000, 0x00000000e8000000)
[2019-05-09T16:49:22.191+0000][55430.026s]   eden space 87424K,  22% used [0x00000000e0000000, 0x00000000e12dd578, 0x00000000e5560000)
[2019-05-09T16:49:22.191+0000][55430.026s]   from space 21824K,  86% used [0x00000000e6ab0000, 0x00000000e7d10380, 0x00000000e8000000)
[2019-05-09T16:49:22.191+0000][55430.026s]   to   space 21824K,   0% used [0x00000000e5560000, 0x00000000e5560000, 0x00000000e6ab0000)
[2019-05-09T16:49:22.191+0000][55430.026s]  concurrent mark-sweep generation total 393216K, used 17837K [0x00000000e8000000, 0x0000000100000000, 0x0000000100000000)
[2019-05-09T16:49:22.191+0000][55430.026s]  Metaspace       used 41930K, capacity 42956K, committed 43244K, reserved 1087488K
[2019-05-09T16:49:22.191+0000][55430.026s]   class space    used 5003K, capacity 5402K, committed 5528K, reserved 1048576K
