[2019-05-09T16:49:24.205+0000][0.011s] Using Concurrent Mark Sweep
[2019-05-09T16:49:24.205+0000][0.011s] Heap address: 0x00000000e0000000, size: 512 MB, Compressed Oops mode: 32-bit
[2019-05-09T16:49:27.296+0000][3.102s] GC(0) Pause Young (Allocation Failure)
[2019-05-09T16:49:27.299+0000][3.105s] GC(0) Using 4 workers of 4 for evacuation
[2019-05-09T16:49:27.333+0000][3.139s] GC(0) ParNew: 87424K->10543K(109248K)
[2019-05-09T16:49:27.333+0000][3.139s] GC(0) CMS: 0K->0K(393216K)
[2019-05-09T16:49:27.333+0000][3.139s] GC(0) Metaspace: 14718K->14718K(1062912K)
[2019-05-09T16:49:27.333+0000][3.139s] GC(0) Pause Young (Allocation Failure) 85M->10M(490M) 37.621ms
[2019-05-09T16:49:27.333+0000][3.139s] GC(0) User=0.03s Sys=0.01s Real=0.04s
[2019-05-09T16:49:29.339+0000][5.145s] GC(1) Pause Initial Mark
[2019-05-09T16:49:29.365+0000][5.171s] GC(1) Pause Initial Mark 77M->77M(490M) 25.996ms
[2019-05-09T16:49:29.365+0000][5.171s] GC(1) User=0.02s Sys=0.00s Real=0.02s
[2019-05-09T16:49:29.365+0000][5.171s] GC(1) Concurrent Mark
[2019-05-09T16:49:29.383+0000][5.188s] GC(1) Using 4 workers of 4 for marking
[2019-05-09T16:49:29.398+0000][5.204s] GC(1) Concurrent Mark 33.533ms
[2019-05-09T16:49:29.398+0000][5.204s] GC(1) User=0.03s Sys=0.00s Real=0.04s
[2019-05-09T16:49:29.399+0000][5.204s] GC(1) Concurrent Preclean
[2019-05-09T16:49:29.399+0000][5.205s] GC(1) Concurrent Preclean 0.536ms
[2019-05-09T16:49:29.399+0000][5.205s] GC(1) User=0.00s Sys=0.00s Real=0.00s
[2019-05-09T16:49:29.399+0000][5.205s] GC(1) Concurrent Abortable Preclean
[2019-05-09T16:49:30.039+0000][5.845s] GC(2) Pause Young (Allocation Failure)
[2019-05-09T16:49:30.039+0000][5.845s] GC(2) Using 4 workers of 4 for evacuation
[2019-05-09T16:49:30.084+0000][5.890s] GC(2) ParNew: 97967K->15938K(109248K)
[2019-05-09T16:49:30.084+0000][5.890s] GC(2) CMS: 0K->0K(393216K)
[2019-05-09T16:49:30.084+0000][5.890s] GC(2) Metaspace: 24630K->24630K(1071104K)
[2019-05-09T16:49:30.084+0000][5.890s] GC(2) Pause Young (Allocation Failure) 95M->15M(490M) 44.739ms
[2019-05-09T16:49:30.084+0000][5.890s] GC(2) User=0.05s Sys=0.00s Real=0.04s
[2019-05-09T16:49:31.346+0000][7.152s] GC(1) Concurrent Abortable Preclean 1946.550ms
[2019-05-09T16:49:31.346+0000][7.152s] GC(1) User=1.81s Sys=0.07s Real=1.94s
[2019-05-09T16:49:31.346+0000][7.152s] GC(1) Pause Remark
[2019-05-09T16:49:31.346+0000][7.152s] GC(3) Pause Young (CMS Final Remark)
[2019-05-09T16:49:31.346+0000][7.152s] GC(3) Using 4 workers of 4 for evacuation
[2019-05-09T16:49:31.385+0000][7.191s] GC(3) ParNew: 61613K->21824K(109248K)
[2019-05-09T16:49:31.386+0000][7.191s] GC(3) CMS: 0K->0K(393216K)
[2019-05-09T16:49:31.386+0000][7.191s] GC(3) Metaspace: 28118K->28118K(1075200K)
[2019-05-09T16:49:31.386+0000][7.191s] GC(3) Pause Young (CMS Final Remark) 60M->21M(490M) 39.785ms
[2019-05-09T16:49:31.386+0000][7.191s] GC(3) User=0.04s Sys=0.00s Real=0.04s
[2019-05-09T16:49:31.410+0000][7.216s] GC(1) Pause Remark 60M->21M(490M) 63.898ms
[2019-05-09T16:49:31.410+0000][7.216s] GC(1) User=0.06s Sys=0.00s Real=0.07s
[2019-05-09T16:49:31.418+0000][7.224s] GC(1) Concurrent Sweep
[2019-05-09T16:49:31.418+0000][7.224s] GC(1) Concurrent Sweep 0.040ms
[2019-05-09T16:49:31.418+0000][7.224s] GC(1) User=0.00s Sys=0.00s Real=0.00s
[2019-05-09T16:49:31.418+0000][7.224s] GC(1) Concurrent Reset
[2019-05-09T16:49:31.421+0000][7.227s] GC(1) Concurrent Reset 3.170ms
[2019-05-09T16:49:31.421+0000][7.227s] GC(1) User=0.00s Sys=0.00s Real=0.00s
[2019-05-09T16:49:31.421+0000][7.227s] GC(1) Old: 0K->0K(393216K)
[2019-05-09T16:49:32.159+0000][7.965s] GC(4) Pause Young (Allocation Failure)
[2019-05-09T16:49:32.159+0000][7.965s] GC(4) Using 4 workers of 4 for evacuation
[2019-05-09T16:49:32.204+0000][8.009s] GC(4) ParNew: 109248K->21824K(109248K)
[2019-05-09T16:49:32.204+0000][8.009s] GC(4) CMS: 0K->1299K(393216K)
[2019-05-09T16:49:32.204+0000][8.009s] GC(4) Metaspace: 29935K->29935K(1077248K)
[2019-05-09T16:49:32.204+0000][8.010s] GC(4) Pause Young (Allocation Failure) 106M->22M(490M) 44.145ms
[2019-05-09T16:49:32.204+0000][8.010s] GC(4) User=0.04s Sys=0.01s Real=0.04s
[2019-05-09T16:49:32.650+0000][8.456s] GC(5) Pause Young (Allocation Failure)
[2019-05-09T16:49:32.650+0000][8.456s] GC(5) Using 4 workers of 4 for evacuation
[2019-05-09T16:49:32.714+0000][8.520s] GC(5) ParNew: 109248K->21824K(109248K)
[2019-05-09T16:49:32.714+0000][8.520s] GC(5) CMS: 1299K->4477K(393216K)
[2019-05-09T16:49:32.714+0000][8.520s] GC(5) Metaspace: 30952K->30952K(1077248K)
[2019-05-09T16:49:32.714+0000][8.520s] GC(5) Pause Young (Allocation Failure) 107M->25M(490M) 63.420ms
[2019-05-09T16:49:32.714+0000][8.520s] GC(5) User=0.06s Sys=0.00s Real=0.06s
[2019-05-09T16:49:33.738+0000][9.544s] GC(6) Pause Young (Allocation Failure)
[2019-05-09T16:49:33.738+0000][9.544s] GC(6) Using 4 workers of 4 for evacuation
[2019-05-09T16:49:33.784+0000][9.590s] GC(6) ParNew: 109248K->21824K(109248K)
[2019-05-09T16:49:33.784+0000][9.590s] GC(6) CMS: 4477K->6335K(393216K)
[2019-05-09T16:49:33.784+0000][9.590s] GC(6) Metaspace: 34759K->34759K(1081344K)
[2019-05-09T16:49:33.784+0000][9.590s] GC(6) Pause Young (Allocation Failure) 111M->27M(490M) 46.099ms
[2019-05-09T16:49:33.784+0000][9.590s] GC(6) User=0.05s Sys=0.00s Real=0.04s
[2019-05-09T16:49:35.338+0000][11.144s] GC(7) Pause Young (Allocation Failure)
[2019-05-09T16:49:35.338+0000][11.144s] GC(7) Using 4 workers of 4 for evacuation
[2019-05-09T16:49:35.406+0000][11.212s] GC(7) ParNew: 109248K->21824K(109248K)
[2019-05-09T16:49:35.406+0000][11.212s] GC(7) CMS: 6335K->11333K(393216K)
[2019-05-09T16:49:35.406+0000][11.212s] GC(7) Metaspace: 39796K->39796K(1085440K)
[2019-05-09T16:49:35.406+0000][11.212s] GC(7) Pause Young (Allocation Failure) 112M->32M(490M) 67.868ms
[2019-05-09T16:49:35.406+0000][11.212s] GC(7) User=0.06s Sys=0.00s Real=0.07s
[2019-05-09T19:15:44.528+0000][8780.334s] GC(8) Pause Young (Allocation Failure)
[2019-05-09T19:15:44.529+0000][8780.335s] GC(8) Using 4 workers of 4 for evacuation
[2019-05-09T19:15:44.586+0000][8780.392s] GC(8) ParNew: 109248K->21824K(109248K)
[2019-05-09T19:15:44.586+0000][8780.392s] GC(8) CMS: 11333K->18292K(393216K)
[2019-05-09T19:15:44.586+0000][8780.392s] GC(8) Metaspace: 43918K->43918K(1089536K)
[2019-05-09T19:15:44.586+0000][8780.392s] GC(8) Pause Young (Allocation Failure) 117M->39M(490M) 57.640ms
[2019-05-09T19:15:44.586+0000][8780.392s] GC(8) User=0.05s Sys=0.01s Real=0.06s
[2019-05-09T19:49:04.536+0000][10780.342s] Heap
[2019-05-09T19:49:04.537+0000][10780.342s]  par new generation   total 109248K, used 50261K [0x00000000e0000000, 0x00000000e8000000, 0x00000000e8000000)
[2019-05-09T19:49:04.537+0000][10780.342s]   eden space 87424K,  32% used [0x00000000e0000000, 0x00000000e1bc57a0, 0x00000000e5560000)
[2019-05-09T19:49:04.537+0000][10780.342s]   from space 21824K, 100% used [0x00000000e5560000, 0x00000000e6ab0000, 0x00000000e6ab0000)
[2019-05-09T19:49:04.537+0000][10780.342s]   to   space 21824K,   0% used [0x00000000e6ab0000, 0x00000000e6ab0000, 0x00000000e8000000)
[2019-05-09T19:49:04.537+0000][10780.342s]  concurrent mark-sweep generation total 393216K, used 18292K [0x00000000e8000000, 0x0000000100000000, 0x0000000100000000)
[2019-05-09T19:49:04.537+0000][10780.342s]  Metaspace       used 44222K, capacity 45301K, committed 45444K, reserved 1089536K
[2019-05-09T19:49:04.537+0000][10780.342s]   class space    used 5310K, capacity 5754K, committed 5836K, reserved 1048576K
