[2019-05-12T00:56:07.607+0000][0.017s] Using Concurrent Mark Sweep
[2019-05-12T00:56:07.607+0000][0.017s] Heap address: 0x00000000e0000000, size: 512 MB, Compressed Oops mode: 32-bit
[2019-05-12T00:56:10.428+0000][2.837s] GC(0) Pause Young (Allocation Failure)
[2019-05-12T00:56:10.429+0000][2.838s] GC(0) Using 4 workers of 4 for evacuation
[2019-05-12T00:56:10.464+0000][2.874s] GC(0) ParNew: 87424K->10597K(109248K)
[2019-05-12T00:56:10.464+0000][2.874s] GC(0) CMS: 0K->0K(393216K)
[2019-05-12T00:56:10.464+0000][2.874s] GC(0) Metaspace: 14707K->14707K(1062912K)
[2019-05-12T00:56:10.464+0000][2.874s] GC(0) Pause Young (Allocation Failure) 85M->10M(490M) 36.573ms
[2019-05-12T00:56:10.464+0000][2.874s] GC(0) User=0.04s Sys=0.01s Real=0.03s
[2019-05-12T00:56:12.474+0000][4.883s] GC(1) Pause Initial Mark
[2019-05-12T00:56:12.511+0000][4.921s] GC(1) Pause Initial Mark 78M->78M(490M) 37.785ms
[2019-05-12T00:56:12.512+0000][4.921s] GC(1) User=0.03s Sys=0.00s Real=0.04s
[2019-05-12T00:56:12.512+0000][4.921s] GC(1) Concurrent Mark
[2019-05-12T00:56:12.527+0000][4.937s] GC(1) Using 4 workers of 4 for marking
[2019-05-12T00:56:12.541+0000][4.950s] GC(1) Concurrent Mark 28.725ms
[2019-05-12T00:56:12.541+0000][4.950s] GC(1) User=0.03s Sys=0.00s Real=0.03s
[2019-05-12T00:56:12.541+0000][4.950s] GC(1) Concurrent Preclean
[2019-05-12T00:56:12.541+0000][4.951s] GC(1) Concurrent Preclean 0.501ms
[2019-05-12T00:56:12.541+0000][4.951s] GC(1) User=0.00s Sys=0.00s Real=0.00s
[2019-05-12T00:56:12.541+0000][4.951s] GC(1) Concurrent Abortable Preclean
[2019-05-12T00:56:13.197+0000][5.607s] GC(2) Pause Young (Allocation Failure)
[2019-05-12T00:56:13.197+0000][5.607s] GC(2) Using 4 workers of 4 for evacuation
[2019-05-12T00:56:13.236+0000][5.646s] GC(2) ParNew: 98021K->15606K(109248K)
[2019-05-12T00:56:13.236+0000][5.646s] GC(2) CMS: 0K->0K(393216K)
[2019-05-12T00:56:13.236+0000][5.646s] GC(2) Metaspace: 23763K->23763K(1071104K)
[2019-05-12T00:56:13.236+0000][5.646s] GC(2) Pause Young (Allocation Failure) 95M->15M(490M) 38.830ms
[2019-05-12T00:56:13.236+0000][5.646s] GC(2) User=0.03s Sys=0.00s Real=0.04s
[2019-05-12T00:56:14.666+0000][7.075s] GC(1) Concurrent Abortable Preclean 2124.800ms
[2019-05-12T00:56:14.666+0000][7.076s] GC(1) User=1.98s Sys=0.07s Real=2.13s
[2019-05-12T00:56:14.666+0000][7.076s] GC(1) Pause Remark
[2019-05-12T00:56:14.666+0000][7.076s] GC(3) Pause Young (CMS Final Remark)
[2019-05-12T00:56:14.666+0000][7.076s] GC(3) Using 4 workers of 4 for evacuation
[2019-05-12T00:56:14.740+0000][7.150s] GC(3) ParNew: 62915K->21824K(109248K)
[2019-05-12T00:56:14.740+0000][7.150s] GC(3) CMS: 0K->395K(393216K)
[2019-05-12T00:56:14.740+0000][7.150s] GC(3) Metaspace: 27455K->27455K(1075200K)
[2019-05-12T00:56:14.740+0000][7.150s] GC(3) Pause Young (CMS Final Remark) 61M->21M(490M) 74.137ms
[2019-05-12T00:56:14.740+0000][7.150s] GC(3) User=0.06s Sys=0.00s Real=0.07s
[2019-05-12T00:56:14.761+0000][7.171s] GC(1) Pause Remark 61M->21M(490M) 95.060ms
[2019-05-12T00:56:14.761+0000][7.171s] GC(1) User=0.08s Sys=0.00s Real=0.09s
[2019-05-12T00:56:14.770+0000][7.180s] GC(1) Concurrent Sweep
[2019-05-12T00:56:14.770+0000][7.180s] GC(1) Concurrent Sweep 0.455ms
[2019-05-12T00:56:14.771+0000][7.180s] GC(1) User=0.00s Sys=0.00s Real=0.00s
[2019-05-12T00:56:14.771+0000][7.180s] GC(1) Concurrent Reset
[2019-05-12T00:56:14.778+0000][7.187s] GC(1) Concurrent Reset 7.366ms
[2019-05-12T00:56:14.778+0000][7.187s] GC(1) User=0.00s Sys=0.01s Real=0.01s
[2019-05-12T00:56:14.778+0000][7.187s] GC(1) Old: 0K->395K(393216K)
[2019-05-12T00:56:15.636+0000][8.046s] GC(4) Pause Young (Allocation Failure)
[2019-05-12T00:56:15.637+0000][8.046s] GC(4) Using 4 workers of 4 for evacuation
[2019-05-12T00:56:15.683+0000][8.093s] GC(4) ParNew: 109237K->21824K(109248K)
[2019-05-12T00:56:15.683+0000][8.093s] GC(4) CMS: 395K->395K(393216K)
[2019-05-12T00:56:15.683+0000][8.093s] GC(4) Metaspace: 30393K->30393K(1077248K)
[2019-05-12T00:56:15.683+0000][8.093s] GC(4) Pause Young (Allocation Failure) 107M->21M(490M) 46.992ms
[2019-05-12T00:56:15.683+0000][8.093s] GC(4) User=0.05s Sys=0.01s Real=0.05s
[2019-05-12T00:56:16.040+0000][8.450s] GC(5) Pause Young (Allocation Failure)
[2019-05-12T00:56:16.040+0000][8.450s] GC(5) Using 4 workers of 4 for evacuation
[2019-05-12T00:56:16.091+0000][8.500s] GC(5) ParNew: 109248K->21824K(109248K)
[2019-05-12T00:56:16.091+0000][8.500s] GC(5) CMS: 395K->10721K(393216K)
[2019-05-12T00:56:16.091+0000][8.500s] GC(5) Metaspace: 30892K->30892K(1077248K)
[2019-05-12T00:56:16.091+0000][8.500s] GC(5) Pause Young (Allocation Failure) 107M->31M(490M) 50.656ms
[2019-05-12T00:56:16.091+0000][8.500s] GC(5) User=0.04s Sys=0.01s Real=0.05s
[2019-05-12T00:56:17.190+0000][9.600s] GC(6) Pause Young (Allocation Failure)
[2019-05-12T00:56:17.191+0000][9.600s] GC(6) Using 4 workers of 4 for evacuation
[2019-05-12T00:56:17.221+0000][9.630s] GC(6) ParNew: 109248K->13738K(109248K)
[2019-05-12T00:56:17.221+0000][9.630s] GC(6) CMS: 10721K->10721K(393216K)
[2019-05-12T00:56:17.221+0000][9.630s] GC(6) Metaspace: 34941K->34941K(1081344K)
[2019-05-12T00:56:17.221+0000][9.630s] GC(6) Pause Young (Allocation Failure) 117M->23M(490M) 30.537ms
[2019-05-12T00:56:17.221+0000][9.631s] GC(6) User=0.03s Sys=0.00s Real=0.03s
[2019-05-12T00:57:17.722+0000][70.132s] GC(7) Pause Young (Allocation Failure)
[2019-05-12T00:57:17.723+0000][70.132s] GC(7) Using 4 workers of 4 for evacuation
[2019-05-12T00:57:17.784+0000][70.194s] GC(7) ParNew: 101162K->21824K(109248K)
[2019-05-12T00:57:17.784+0000][70.194s] GC(7) CMS: 10721K->11868K(393216K)
[2019-05-12T00:57:17.784+0000][70.194s] GC(7) Metaspace: 40389K->40389K(1085440K)
[2019-05-12T00:57:17.784+0000][70.194s] GC(7) Pause Young (Allocation Failure) 109M->32M(490M) 61.650ms
[2019-05-12T00:57:17.784+0000][70.194s] GC(7) User=0.06s Sys=0.00s Real=0.06s
[2019-05-12T00:57:48.707+0000][101.116s] Heap
[2019-05-12T00:57:48.707+0000][101.116s]  par new generation   total 109248K, used 87673K [0x00000000e0000000, 0x00000000e8000000, 0x00000000e8000000)
[2019-05-12T00:57:48.707+0000][101.116s]   eden space 87424K,  75% used [0x00000000e0000000, 0x00000000e404e708, 0x00000000e5560000)
[2019-05-12T00:57:48.707+0000][101.116s]   from space 21824K, 100% used [0x00000000e6ab0000, 0x00000000e8000000, 0x00000000e8000000)
[2019-05-12T00:57:48.707+0000][101.116s]   to   space 21824K,   0% used [0x00000000e5560000, 0x00000000e5560000, 0x00000000e6ab0000)
[2019-05-12T00:57:48.707+0000][101.116s]  concurrent mark-sweep generation total 393216K, used 11868K [0x00000000e8000000, 0x0000000100000000, 0x0000000100000000)
[2019-05-12T00:57:48.707+0000][101.116s]  Metaspace       used 43452K, capacity 44567K, committed 44748K, reserved 1087488K
[2019-05-12T00:57:48.707+0000][101.116s]   class space    used 5250K, capacity 5708K, committed 5836K, reserved 1048576K
