[2019-05-12T01:40:38.377+0000][0.015s] Using Concurrent Mark Sweep
[2019-05-12T01:40:38.377+0000][0.015s] Heap address: 0x00000000e0000000, size: 512 MB, Compressed Oops mode: 32-bit
[2019-05-12T01:40:41.250+0000][2.888s] GC(0) Pause Young (Allocation Failure)
[2019-05-12T01:40:41.250+0000][2.888s] GC(0) Using 4 workers of 4 for evacuation
[2019-05-12T01:40:41.290+0000][2.928s] GC(0) ParNew: 87424K->10600K(109248K)
[2019-05-12T01:40:41.290+0000][2.928s] GC(0) CMS: 0K->0K(393216K)
[2019-05-12T01:40:41.290+0000][2.928s] GC(0) Metaspace: 14687K->14687K(1062912K)
[2019-05-12T01:40:41.290+0000][2.928s] GC(0) Pause Young (Allocation Failure) 85M->10M(490M) 40.065ms
[2019-05-12T01:40:41.290+0000][2.928s] GC(0) User=0.04s Sys=0.00s Real=0.04s
[2019-05-12T01:40:43.302+0000][4.940s] GC(1) Pause Initial Mark
[2019-05-12T01:40:43.332+0000][4.970s] GC(1) Pause Initial Mark 75M->75M(490M) 30.115ms
[2019-05-12T01:40:43.333+0000][4.970s] GC(1) User=0.03s Sys=0.00s Real=0.03s
[2019-05-12T01:40:43.333+0000][4.970s] GC(1) Concurrent Mark
[2019-05-12T01:40:43.347+0000][4.985s] GC(1) Using 4 workers of 4 for marking
[2019-05-12T01:40:43.355+0000][4.993s] GC(1) Concurrent Mark 22.136ms
[2019-05-12T01:40:43.355+0000][4.993s] GC(1) User=0.02s Sys=0.01s Real=0.02s
[2019-05-12T01:40:43.355+0000][4.993s] GC(1) Concurrent Preclean
[2019-05-12T01:40:43.355+0000][4.993s] GC(1) Concurrent Preclean 0.528ms
[2019-05-12T01:40:43.355+0000][4.993s] GC(1) User=0.00s Sys=0.00s Real=0.00s
[2019-05-12T01:40:43.355+0000][4.993s] GC(1) Concurrent Abortable Preclean
[2019-05-12T01:40:43.939+0000][5.577s] GC(2) Pause Young (Allocation Failure)
[2019-05-12T01:40:43.939+0000][5.577s] GC(2) Using 4 workers of 4 for evacuation
[2019-05-12T01:40:43.986+0000][5.624s] GC(2) ParNew: 98024K->17051K(109248K)
[2019-05-12T01:40:43.986+0000][5.624s] GC(2) CMS: 0K->0K(393216K)
[2019-05-12T01:40:43.986+0000][5.624s] GC(2) Metaspace: 25220K->25220K(1073152K)
[2019-05-12T01:40:43.986+0000][5.624s] GC(2) Pause Young (Allocation Failure) 95M->16M(490M) 47.536ms
[2019-05-12T01:40:43.986+0000][5.624s] GC(2) User=0.04s Sys=0.01s Real=0.05s
[2019-05-12T01:40:45.155+0000][6.793s] GC(1) Concurrent Abortable Preclean 1799.511ms
[2019-05-12T01:40:45.155+0000][6.793s] GC(1) User=1.68s Sys=0.05s Real=1.80s
[2019-05-12T01:40:45.155+0000][6.793s] GC(1) Pause Remark
[2019-05-12T01:40:45.155+0000][6.793s] GC(3) Pause Young (CMS Final Remark)
[2019-05-12T01:40:45.155+0000][6.793s] GC(3) Using 4 workers of 4 for evacuation
[2019-05-12T01:40:45.219+0000][6.857s] GC(3) ParNew: 74312K->21824K(109248K)
[2019-05-12T01:40:45.219+0000][6.857s] GC(3) CMS: 0K->435K(393216K)
[2019-05-12T01:40:45.219+0000][6.857s] GC(3) Metaspace: 28782K->28782K(1075200K)
[2019-05-12T01:40:45.219+0000][6.857s] GC(3) Pause Young (CMS Final Remark) 72M->21M(490M) 63.886ms
[2019-05-12T01:40:45.219+0000][6.857s] GC(3) User=0.06s Sys=0.01s Real=0.07s
[2019-05-12T01:40:45.238+0000][6.876s] GC(1) Pause Remark 72M->21M(490M) 82.673ms
[2019-05-12T01:40:45.238+0000][6.876s] GC(1) User=0.08s Sys=0.01s Real=0.08s
[2019-05-12T01:40:45.246+0000][6.884s] GC(1) Concurrent Sweep
[2019-05-12T01:40:45.246+0000][6.884s] GC(1) Concurrent Sweep 0.419ms
[2019-05-12T01:40:45.246+0000][6.884s] GC(1) User=0.00s Sys=0.00s Real=0.00s
[2019-05-12T01:40:45.246+0000][6.884s] GC(1) Concurrent Reset
[2019-05-12T01:40:45.250+0000][6.888s] GC(1) Concurrent Reset 3.286ms
[2019-05-12T01:40:45.250+0000][6.888s] GC(1) User=0.00s Sys=0.00s Real=0.00s
[2019-05-12T01:40:45.250+0000][6.888s] GC(1) Old: 0K->435K(393216K)
[2019-05-12T01:40:45.914+0000][7.552s] GC(4) Pause Young (Allocation Failure)
[2019-05-12T01:40:45.914+0000][7.552s] GC(4) Using 4 workers of 4 for evacuation
[2019-05-12T01:40:45.966+0000][7.604s] GC(4) ParNew: 109248K->21824K(109248K)
[2019-05-12T01:40:45.966+0000][7.604s] GC(4) CMS: 435K->1489K(393216K)
[2019-05-12T01:40:45.966+0000][7.604s] GC(4) Metaspace: 30665K->30665K(1077248K)
[2019-05-12T01:40:45.966+0000][7.604s] GC(4) Pause Young (Allocation Failure) 107M->22M(490M) 52.558ms
[2019-05-12T01:40:45.966+0000][7.604s] GC(4) User=0.05s Sys=0.00s Real=0.06s
[2019-05-12T01:40:46.318+0000][7.955s] GC(5) Pause Young (Allocation Failure)
[2019-05-12T01:40:46.318+0000][7.956s] GC(5) Using 4 workers of 4 for evacuation
[2019-05-12T01:40:46.358+0000][7.996s] GC(5) ParNew: 109248K->21824K(109248K)
[2019-05-12T01:40:46.358+0000][7.996s] GC(5) CMS: 1489K->2635K(393216K)
[2019-05-12T01:40:46.358+0000][7.996s] GC(5) Metaspace: 31314K->31314K(1077248K)
[2019-05-12T01:40:46.358+0000][7.996s] GC(5) Pause Young (Allocation Failure) 108M->23M(490M) 40.800ms
[2019-05-12T01:40:46.358+0000][7.996s] GC(5) User=0.04s Sys=0.00s Real=0.05s
[2019-05-12T01:43:30.804+0000][172.442s] Heap
[2019-05-12T01:43:30.804+0000][172.442s]  par new generation   total 109248K, used 46023K [0x00000000e0000000, 0x00000000e8000000, 0x00000000e8000000)
[2019-05-12T01:43:30.804+0000][172.442s]   eden space 87424K,  27% used [0x00000000e0000000, 0x00000000e17a1ef8, 0x00000000e5560000)
[2019-05-12T01:43:30.804+0000][172.442s]   from space 21824K, 100% used [0x00000000e6ab0000, 0x00000000e8000000, 0x00000000e8000000)
[2019-05-12T01:43:30.804+0000][172.442s]   to   space 21824K,   0% used [0x00000000e5560000, 0x00000000e5560000, 0x00000000e6ab0000)
[2019-05-12T01:43:30.804+0000][172.442s]  concurrent mark-sweep generation total 393216K, used 2635K [0x00000000e8000000, 0x0000000100000000, 0x0000000100000000)
[2019-05-12T01:43:30.804+0000][172.442s]  Metaspace       used 33233K, capacity 34129K, committed 34376K, reserved 1079296K
[2019-05-12T01:43:30.804+0000][172.442s]   class space    used 3979K, capacity 4321K, committed 4424K, reserved 1048576K
