[2019-05-12T01:43:32.904+0000][0.014s] Using Concurrent Mark Sweep
[2019-05-12T01:43:32.904+0000][0.014s] Heap address: 0x00000000e0000000, size: 512 MB, Compressed Oops mode: 32-bit
[2019-05-12T01:43:35.737+0000][2.847s] GC(0) Pause Young (Allocation Failure)
[2019-05-12T01:43:35.737+0000][2.847s] GC(0) Using 4 workers of 4 for evacuation
[2019-05-12T01:43:35.771+0000][2.881s] GC(0) ParNew: 87424K->10540K(109248K)
[2019-05-12T01:43:35.771+0000][2.881s] GC(0) CMS: 0K->0K(393216K)
[2019-05-12T01:43:35.771+0000][2.881s] GC(0) Metaspace: 14693K->14693K(1062912K)
[2019-05-12T01:43:35.771+0000][2.881s] GC(0) Pause Young (Allocation Failure) 85M->10M(490M) 34.091ms
[2019-05-12T01:43:35.771+0000][2.881s] GC(0) User=0.02s Sys=0.01s Real=0.04s
[2019-05-12T01:43:37.778+0000][4.888s] GC(1) Pause Initial Mark
[2019-05-12T01:43:37.809+0000][4.919s] GC(1) Pause Initial Mark 89M->89M(490M) 31.491ms
[2019-05-12T01:43:37.810+0000][4.919s] GC(1) User=0.03s Sys=0.00s Real=0.03s
[2019-05-12T01:43:37.810+0000][4.920s] GC(1) Concurrent Mark
[2019-05-12T01:43:37.834+0000][4.944s] GC(1) Using 4 workers of 4 for marking
[2019-05-12T01:43:37.842+0000][4.952s] GC(1) Concurrent Mark 32.006ms
[2019-05-12T01:43:37.842+0000][4.952s] GC(1) User=0.03s Sys=0.00s Real=0.03s
[2019-05-12T01:43:37.842+0000][4.952s] GC(1) Concurrent Preclean
[2019-05-12T01:43:37.842+0000][4.952s] GC(1) Concurrent Preclean 0.539ms
[2019-05-12T01:43:37.843+0000][4.952s] GC(1) User=0.00s Sys=0.00s Real=0.00s
[2019-05-12T01:43:37.843+0000][4.952s] GC(1) Concurrent Abortable Preclean
[2019-05-12T01:43:38.009+0000][5.119s] GC(2) Pause Young (Allocation Failure)
[2019-05-12T01:43:38.009+0000][5.119s] GC(2) Using 4 workers of 4 for evacuation
[2019-05-12T01:43:38.057+0000][5.167s] GC(2) ParNew: 97964K->16962K(109248K)
[2019-05-12T01:43:38.057+0000][5.167s] GC(2) CMS: 0K->0K(393216K)
[2019-05-12T01:43:38.057+0000][5.167s] GC(2) Metaspace: 25138K->25138K(1073152K)
[2019-05-12T01:43:38.057+0000][5.167s] GC(2) Pause Young (Allocation Failure) 95M->16M(490M) 48.523ms
[2019-05-12T01:43:38.057+0000][5.167s] GC(2) User=0.04s Sys=0.01s Real=0.04s
[2019-05-12T01:43:39.189+0000][6.299s] GC(1) Concurrent Abortable Preclean 1346.351ms
[2019-05-12T01:43:39.189+0000][6.299s] GC(1) User=1.23s Sys=0.03s Real=1.35s
[2019-05-12T01:43:39.191+0000][6.301s] GC(1) Pause Remark
[2019-05-12T01:43:39.191+0000][6.301s] GC(3) Pause Young (CMS Final Remark)
[2019-05-12T01:43:39.191+0000][6.301s] GC(3) Using 4 workers of 4 for evacuation
[2019-05-12T01:43:39.239+0000][6.349s] GC(3) ParNew: 74016K->21824K(109248K)
[2019-05-12T01:43:39.239+0000][6.349s] GC(3) CMS: 0K->0K(393216K)
[2019-05-12T01:43:39.239+0000][6.349s] GC(3) Metaspace: 28549K->28549K(1075200K)
[2019-05-12T01:43:39.239+0000][6.349s] GC(3) Pause Young (CMS Final Remark) 72M->21M(490M) 47.784ms
[2019-05-12T01:43:39.239+0000][6.349s] GC(3) User=0.05s Sys=0.00s Real=0.05s
[2019-05-12T01:43:39.253+0000][6.363s] GC(1) Pause Remark 72M->21M(490M) 62.438ms
[2019-05-12T01:43:39.254+0000][6.363s] GC(1) User=0.07s Sys=0.00s Real=0.06s
[2019-05-12T01:43:39.262+0000][6.372s] GC(1) Concurrent Sweep
[2019-05-12T01:43:39.262+0000][6.372s] GC(1) Concurrent Sweep 0.040ms
[2019-05-12T01:43:39.262+0000][6.372s] GC(1) User=0.00s Sys=0.00s Real=0.00s
[2019-05-12T01:43:39.262+0000][6.372s] GC(1) Concurrent Reset
[2019-05-12T01:43:39.265+0000][6.375s] GC(1) Concurrent Reset 3.317ms
[2019-05-12T01:43:39.265+0000][6.375s] GC(1) User=0.01s Sys=0.00s Real=0.00s
[2019-05-12T01:43:39.265+0000][6.375s] GC(1) Old: 0K->0K(393216K)
[2019-05-12T01:43:39.966+0000][7.076s] GC(4) Pause Young (Allocation Failure)
[2019-05-12T01:43:39.966+0000][7.076s] GC(4) Using 4 workers of 4 for evacuation
[2019-05-12T01:43:40.032+0000][7.142s] GC(4) ParNew: 109248K->21824K(109248K)
[2019-05-12T01:43:40.032+0000][7.142s] GC(4) CMS: 0K->1340K(393216K)
[2019-05-12T01:43:40.032+0000][7.142s] GC(4) Metaspace: 30664K->30664K(1077248K)
[2019-05-12T01:43:40.032+0000][7.142s] GC(4) Pause Young (Allocation Failure) 106M->22M(490M) 65.637ms
[2019-05-12T01:43:40.032+0000][7.142s] GC(4) User=0.06s Sys=0.00s Real=0.06s
[2019-05-12T01:43:40.310+0000][7.420s] GC(5) Pause Young (Allocation Failure)
[2019-05-12T01:43:40.310+0000][7.420s] GC(5) Using 4 workers of 4 for evacuation
[2019-05-12T01:43:40.377+0000][7.487s] GC(5) ParNew: 109248K->21824K(109248K)
[2019-05-12T01:43:40.377+0000][7.487s] GC(5) CMS: 1340K->3996K(393216K)
[2019-05-12T01:43:40.377+0000][7.487s] GC(5) Metaspace: 31030K->31030K(1077248K)
[2019-05-12T01:43:40.377+0000][7.487s] GC(5) Pause Young (Allocation Failure) 107M->25M(490M) 66.840ms
[2019-05-12T01:43:40.377+0000][7.487s] GC(5) User=0.07s Sys=0.00s Real=0.06s
[2019-05-12T01:43:41.626+0000][8.736s] GC(6) Pause Young (Allocation Failure)
[2019-05-12T01:43:41.626+0000][8.736s] GC(6) Using 4 workers of 4 for evacuation
[2019-05-12T01:43:41.678+0000][8.788s] GC(6) ParNew: 109248K->21824K(109248K)
[2019-05-12T01:43:41.678+0000][8.788s] GC(6) CMS: 3996K->3996K(393216K)
[2019-05-12T01:43:41.678+0000][8.788s] GC(6) Metaspace: 35558K->35558K(1081344K)
[2019-05-12T01:43:41.678+0000][8.788s] GC(6) Pause Young (Allocation Failure) 110M->25M(490M) 52.431ms
[2019-05-12T01:43:41.678+0000][8.788s] GC(6) User=0.05s Sys=0.00s Real=0.05s
[2019-05-12T01:44:06.060+0000][33.170s] GC(7) Pause Young (Allocation Failure)
[2019-05-12T01:44:06.060+0000][33.170s] GC(7) Using 4 workers of 4 for evacuation
[2019-05-12T01:44:06.149+0000][33.259s] GC(7) ParNew: 109248K->21824K(109248K)
[2019-05-12T01:44:06.149+0000][33.259s] GC(7) CMS: 3996K->10957K(393216K)
[2019-05-12T01:44:06.149+0000][33.259s] GC(7) Metaspace: 41934K->41934K(1087488K)
[2019-05-12T01:44:06.149+0000][33.259s] GC(7) Pause Young (Allocation Failure) 110M->32M(490M) 89.105ms
[2019-05-12T01:44:06.149+0000][33.259s] GC(7) User=0.09s Sys=0.00s Real=0.09s
[2019-05-12T02:29:38.458+0000][2765.568s] GC(8) Pause Young (Allocation Failure)
[2019-05-12T02:29:38.458+0000][2765.568s] GC(8) Using 4 workers of 4 for evacuation
[2019-05-12T02:29:38.515+0000][2765.625s] GC(8) ParNew: 109248K->21824K(109248K)
[2019-05-12T02:29:38.515+0000][2765.625s] GC(8) CMS: 10957K->17757K(393216K)
[2019-05-12T02:29:38.515+0000][2765.625s] GC(8) Metaspace: 43922K->43922K(1089536K)
[2019-05-12T02:29:38.516+0000][2765.625s] GC(8) Pause Young (Allocation Failure) 117M->38M(490M) 57.794ms
[2019-05-12T02:29:38.516+0000][2765.625s] GC(8) User=0.06s Sys=0.00s Real=0.06s
[2019-05-12T06:15:39.247+0000][16326.357s] GC(9) Pause Young (Allocation Failure)
[2019-05-12T06:15:39.247+0000][16326.357s] GC(9) Using 4 workers of 4 for evacuation
[2019-05-12T06:15:39.282+0000][16326.392s] GC(9) ParNew: 109248K->19540K(109248K)
[2019-05-12T06:15:39.282+0000][16326.392s] GC(9) CMS: 17757K->17757K(393216K)
[2019-05-12T06:15:39.282+0000][16326.392s] GC(9) Metaspace: 44745K->44745K(1089536K)
[2019-05-12T06:15:39.282+0000][16326.392s] GC(9) Pause Young (Allocation Failure) 124M->36M(490M) 35.530ms
[2019-05-12T06:15:39.282+0000][16326.392s] GC(9) User=0.03s Sys=0.01s Real=0.03s
[2019-05-12T10:44:39.893+0000][32467.003s] GC(10) Pause Young (Allocation Failure)
[2019-05-12T10:44:39.893+0000][32467.003s] GC(10) Using 4 workers of 4 for evacuation
[2019-05-12T10:44:39.937+0000][32467.047s] GC(10) ParNew: 106964K->21824K(109248K)
[2019-05-12T10:44:39.937+0000][32467.047s] GC(10) CMS: 17757K->20499K(393216K)
[2019-05-12T10:44:39.937+0000][32467.047s] GC(10) Metaspace: 44808K->44808K(1089536K)
[2019-05-12T10:44:39.937+0000][32467.047s] GC(10) Pause Young (Allocation Failure) 121M->41M(490M) 44.078ms
[2019-05-12T10:44:39.937+0000][32467.047s] GC(10) User=0.04s Sys=0.01s Real=0.04s
[2019-05-12T15:15:40.455+0000][48727.565s] GC(11) Pause Young (Allocation Failure)
[2019-05-12T15:15:40.458+0000][48727.568s] GC(11) Using 4 workers of 4 for evacuation
[2019-05-12T15:15:40.492+0000][48727.602s] GC(11) ParNew: 109248K->9799K(109248K)
[2019-05-12T15:15:40.492+0000][48727.602s] GC(11) CMS: 20499K->25323K(393216K)
[2019-05-12T15:15:40.492+0000][48727.602s] GC(11) Metaspace: 44809K->44809K(1089536K)
[2019-05-12T15:15:40.492+0000][48727.602s] GC(11) Pause Young (Allocation Failure) 126M->34M(490M) 36.841ms
[2019-05-12T15:15:40.492+0000][48727.602s] GC(11) User=0.03s Sys=0.00s Real=0.04s
[2019-05-12T19:17:40.943+0000][63248.052s] GC(12) Pause Young (Allocation Failure)
[2019-05-12T19:17:40.943+0000][63248.053s] GC(12) Using 4 workers of 4 for evacuation
[2019-05-12T19:17:40.969+0000][63248.079s] GC(12) ParNew: 97223K->11235K(109248K)
[2019-05-12T19:17:40.969+0000][63248.079s] GC(12) CMS: 25323K->25593K(393216K)
[2019-05-12T19:17:40.969+0000][63248.079s] GC(12) Metaspace: 45125K->45125K(1089536K)
[2019-05-12T19:17:40.969+0000][63248.079s] GC(12) Pause Young (Allocation Failure) 119M->35M(490M) 26.187ms
[2019-05-12T19:17:40.969+0000][63248.079s] GC(12) User=0.01s Sys=0.00s Real=0.03s
[2019-05-12T19:26:24.035+0000][63771.145s] GC(13) Pause Young (Allocation Failure)
[2019-05-12T19:26:24.035+0000][63771.145s] GC(13) Using 4 workers of 4 for evacuation
[2019-05-12T19:26:24.079+0000][63771.189s] GC(13) ParNew: 98659K->10608K(109248K)
[2019-05-12T19:26:24.079+0000][63771.189s] GC(13) CMS: 25593K->25721K(393216K)
[2019-05-12T19:26:24.079+0000][63771.189s] GC(13) Metaspace: 45622K->45622K(1091584K)
[2019-05-12T19:26:24.079+0000][63771.189s] GC(13) Pause Young (Allocation Failure) 121M->35M(490M) 44.137ms
[2019-05-12T19:26:24.079+0000][63771.189s] GC(13) User=0.05s Sys=0.00s Real=0.05s
[2019-05-12T19:26:24.257+0000][63771.367s] GC(14) Pause Young (Allocation Failure)
[2019-05-12T19:26:24.257+0000][63771.367s] GC(14) Using 4 workers of 4 for evacuation
[2019-05-12T19:26:24.288+0000][63771.398s] GC(14) ParNew: 98032K->11811K(109248K)
[2019-05-12T19:26:24.288+0000][63771.398s] GC(14) CMS: 25721K->27057K(393216K)
[2019-05-12T19:26:24.288+0000][63771.398s] GC(14) Metaspace: 45664K->45664K(1091584K)
[2019-05-12T19:26:24.288+0000][63771.398s] GC(14) Pause Young (Allocation Failure) 120M->37M(490M) 31.171ms
[2019-05-12T19:26:24.288+0000][63771.398s] GC(14) User=0.03s Sys=0.00s Real=0.04s
[2019-05-12T19:26:25.182+0000][63772.292s] GC(15) Pause Young (Allocation Failure)
[2019-05-12T19:26:25.182+0000][63772.292s] GC(15) Using 4 workers of 4 for evacuation
[2019-05-12T19:26:25.243+0000][63772.353s] GC(15) ParNew: 99235K->12538K(109248K)
[2019-05-12T19:26:25.243+0000][63772.353s] GC(15) CMS: 27057K->32043K(393216K)
[2019-05-12T19:26:25.243+0000][63772.353s] GC(15) Metaspace: 45999K->45999K(1091584K)
[2019-05-12T19:26:25.243+0000][63772.353s] GC(15) Pause Young (Allocation Failure) 123M->43M(490M) 60.758ms
[2019-05-12T19:26:25.243+0000][63772.353s] GC(15) User=0.06s Sys=0.00s Real=0.06s
[2019-05-12T19:26:44.989+0000][63792.099s] GC(16) Pause Young (Allocation Failure)
[2019-05-12T19:26:44.989+0000][63792.099s] GC(16) Using 4 workers of 4 for evacuation
[2019-05-12T19:26:45.038+0000][63792.147s] GC(16) ParNew: 99962K->15970K(109248K)
[2019-05-12T19:26:45.038+0000][63792.147s] GC(16) CMS: 32043K->33240K(393216K)
[2019-05-12T19:26:45.038+0000][63792.147s] GC(16) Metaspace: 46133K->46133K(1091584K)
[2019-05-12T19:26:45.038+0000][63792.148s] GC(16) Pause Young (Allocation Failure) 128M->48M(490M) 48.962ms
[2019-05-12T19:26:45.038+0000][63792.148s] GC(16) User=0.04s Sys=0.00s Real=0.04s
[2019-05-12T19:26:45.200+0000][63792.310s] GC(17) Pause Young (Allocation Failure)
[2019-05-12T19:26:45.200+0000][63792.310s] GC(17) Using 4 workers of 4 for evacuation
[2019-05-12T19:26:45.218+0000][63792.328s] GC(17) ParNew: 103394K->4821K(109248K)
[2019-05-12T19:26:45.218+0000][63792.328s] GC(17) CMS: 33240K->33373K(393216K)
[2019-05-12T19:26:45.218+0000][63792.328s] GC(17) Metaspace: 46150K->46150K(1091584K)
[2019-05-12T19:26:45.218+0000][63792.328s] GC(17) Pause Young (Allocation Failure) 133M->37M(490M) 17.924ms
[2019-05-12T19:26:45.218+0000][63792.328s] GC(17) User=0.01s Sys=0.00s Real=0.01s
[2019-05-12T19:26:45.929+0000][63793.039s] GC(18) Pause Young (Allocation Failure)
[2019-05-12T19:26:45.929+0000][63793.039s] GC(18) Using 4 workers of 4 for evacuation
[2019-05-12T19:26:45.970+0000][63793.080s] GC(18) ParNew: 92245K->10693K(109248K)
[2019-05-12T19:26:45.970+0000][63793.080s] GC(18) CMS: 33373K->33377K(393216K)
[2019-05-12T19:26:45.970+0000][63793.080s] GC(18) Metaspace: 46274K->46274K(1091584K)
[2019-05-12T19:26:45.970+0000][63793.080s] GC(18) Pause Young (Allocation Failure) 122M->43M(490M) 40.844ms
[2019-05-12T19:26:45.970+0000][63793.080s] GC(18) User=0.04s Sys=0.00s Real=0.04s
[2019-05-12T19:28:32.342+0000][63899.452s] Heap
[2019-05-12T19:28:32.342+0000][63899.452s]  par new generation   total 109248K, used 20032K [0x00000000e0000000, 0x00000000e8000000, 0x00000000e8000000)
[2019-05-12T19:28:32.342+0000][63899.452s]   eden space 87424K,  10% used [0x00000000e0000000, 0x00000000e091ea60, 0x00000000e5560000)
[2019-05-12T19:28:32.342+0000][63899.452s]   from space 21824K,  48% used [0x00000000e5560000, 0x00000000e5fd1690, 0x00000000e6ab0000)
[2019-05-12T19:28:32.342+0000][63899.452s]   to   space 21824K,   0% used [0x00000000e6ab0000, 0x00000000e6ab0000, 0x00000000e8000000)
[2019-05-12T19:28:32.342+0000][63899.452s]  concurrent mark-sweep generation total 393216K, used 33377K [0x00000000e8000000, 0x0000000100000000, 0x0000000100000000)
[2019-05-12T19:28:32.342+0000][63899.452s]  Metaspace       used 46390K, capacity 47554K, committed 47724K, reserved 1091584K
[2019-05-12T19:28:32.342+0000][63899.452s]   class space    used 5391K, capacity 5860K, committed 5860K, reserved 1048576K
