[2019-05-12T19:28:34.447+0000][0.014s] Using Concurrent Mark Sweep
[2019-05-12T19:28:34.447+0000][0.014s] Heap address: 0x00000000e0000000, size: 512 MB, Compressed Oops mode: 32-bit
[2019-05-12T19:28:37.248+0000][2.815s] GC(0) Pause Young (Allocation Failure)
[2019-05-12T19:28:37.248+0000][2.815s] GC(0) Using 4 workers of 4 for evacuation
[2019-05-12T19:28:37.283+0000][2.850s] GC(0) ParNew: 87424K->10543K(109248K)
[2019-05-12T19:28:37.283+0000][2.850s] GC(0) CMS: 0K->0K(393216K)
[2019-05-12T19:28:37.283+0000][2.850s] GC(0) Metaspace: 14714K->14714K(1062912K)
[2019-05-12T19:28:37.283+0000][2.850s] GC(0) Pause Young (Allocation Failure) 85M->10M(490M) 34.945ms
[2019-05-12T19:28:37.283+0000][2.850s] GC(0) User=0.03s Sys=0.00s Real=0.03s
[2019-05-12T19:28:39.286+0000][4.853s] GC(1) Pause Initial Mark
[2019-05-12T19:28:39.320+0000][4.886s] GC(1) Pause Initial Mark 72M->72M(490M) 33.176ms
[2019-05-12T19:28:39.320+0000][4.886s] GC(1) User=0.02s Sys=0.00s Real=0.03s
[2019-05-12T19:28:39.320+0000][4.887s] GC(1) Concurrent Mark
[2019-05-12T19:28:39.350+0000][4.917s] GC(1) Using 4 workers of 4 for marking
[2019-05-12T19:28:39.359+0000][4.925s] GC(1) Concurrent Mark 38.823ms
[2019-05-12T19:28:39.359+0000][4.925s] GC(1) User=0.03s Sys=0.00s Real=0.04s
[2019-05-12T19:28:39.359+0000][4.925s] GC(1) Concurrent Preclean
[2019-05-12T19:28:39.359+0000][4.926s] GC(1) Concurrent Preclean 0.503ms
[2019-05-12T19:28:39.359+0000][4.926s] GC(1) User=0.00s Sys=0.00s Real=0.00s
[2019-05-12T19:28:39.359+0000][4.926s] GC(1) Concurrent Abortable Preclean
[2019-05-12T19:28:40.186+0000][5.753s] GC(2) Pause Young (Allocation Failure)
[2019-05-12T19:28:40.186+0000][5.753s] GC(2) Using 4 workers of 4 for evacuation
[2019-05-12T19:28:40.245+0000][5.812s] GC(2) ParNew: 97967K->15749K(109248K)
[2019-05-12T19:28:40.245+0000][5.812s] GC(2) CMS: 0K->0K(393216K)
[2019-05-12T19:28:40.245+0000][5.812s] GC(2) Metaspace: 24551K->24551K(1071104K)
[2019-05-12T19:28:40.245+0000][5.812s] GC(2) Pause Young (Allocation Failure) 95M->15M(490M) 59.427ms
[2019-05-12T19:28:40.245+0000][5.812s] GC(2) User=0.04s Sys=0.02s Real=0.05s
[2019-05-12T19:28:41.495+0000][7.062s] GC(1) Concurrent Abortable Preclean 2135.902ms
[2019-05-12T19:28:41.495+0000][7.062s] GC(1) User=1.97s Sys=0.06s Real=2.13s
[2019-05-12T19:28:41.495+0000][7.062s] GC(1) Pause Remark
[2019-05-12T19:28:41.495+0000][7.062s] GC(3) Pause Young (CMS Final Remark)
[2019-05-12T19:28:41.495+0000][7.062s] GC(3) Using 4 workers of 4 for evacuation
[2019-05-12T19:28:41.551+0000][7.118s] GC(3) ParNew: 61393K->21824K(109248K)
[2019-05-12T19:28:41.551+0000][7.118s] GC(3) CMS: 0K->0K(393216K)
[2019-05-12T19:28:41.551+0000][7.118s] GC(3) Metaspace: 28050K->28050K(1075200K)
[2019-05-12T19:28:41.551+0000][7.118s] GC(3) Pause Young (CMS Final Remark) 59M->21M(490M) 56.062ms
[2019-05-12T19:28:41.551+0000][7.118s] GC(3) User=0.04s Sys=0.00s Real=0.06s
[2019-05-12T19:28:41.576+0000][7.143s] GC(1) Pause Remark 59M->21M(490M) 81.328ms
[2019-05-12T19:28:41.576+0000][7.143s] GC(1) User=0.06s Sys=0.00s Real=0.08s
[2019-05-12T19:28:41.586+0000][7.153s] GC(1) Concurrent Sweep
[2019-05-12T19:28:41.586+0000][7.153s] GC(1) Concurrent Sweep 0.043ms
[2019-05-12T19:28:41.586+0000][7.153s] GC(1) User=0.00s Sys=0.00s Real=0.00s
[2019-05-12T19:28:41.586+0000][7.153s] GC(1) Concurrent Reset
[2019-05-12T19:28:41.589+0000][7.156s] GC(1) Concurrent Reset 3.408ms
[2019-05-12T19:28:41.589+0000][7.156s] GC(1) User=0.01s Sys=0.00s Real=0.00s
[2019-05-12T19:28:41.589+0000][7.156s] GC(1) Old: 0K->0K(393216K)
[2019-05-12T19:28:42.413+0000][7.980s] GC(4) Pause Young (Allocation Failure)
[2019-05-12T19:28:42.413+0000][7.980s] GC(4) Using 4 workers of 4 for evacuation
[2019-05-12T19:28:42.462+0000][8.029s] GC(4) ParNew: 109247K->21824K(109248K)
[2019-05-12T19:28:42.462+0000][8.029s] GC(4) CMS: 0K->1189K(393216K)
[2019-05-12T19:28:42.462+0000][8.029s] GC(4) Metaspace: 30458K->30458K(1077248K)
[2019-05-12T19:28:42.462+0000][8.029s] GC(4) Pause Young (Allocation Failure) 106M->22M(490M) 48.479ms
[2019-05-12T19:28:42.462+0000][8.029s] GC(4) User=0.04s Sys=0.00s Real=0.05s
[2019-05-12T19:28:42.822+0000][8.389s] GC(5) Pause Young (Allocation Failure)
[2019-05-12T19:28:42.822+0000][8.389s] GC(5) Using 4 workers of 4 for evacuation
[2019-05-12T19:28:42.882+0000][8.449s] GC(5) ParNew: 109248K->21824K(109248K)
[2019-05-12T19:28:42.882+0000][8.449s] GC(5) CMS: 1189K->4160K(393216K)
[2019-05-12T19:28:42.882+0000][8.449s] GC(5) Metaspace: 30924K->30924K(1077248K)
[2019-05-12T19:28:42.882+0000][8.449s] GC(5) Pause Young (Allocation Failure) 107M->25M(490M) 60.197ms
[2019-05-12T19:28:42.882+0000][8.449s] GC(5) User=0.06s Sys=0.00s Real=0.06s
[2019-05-12T19:28:43.963+0000][9.529s] GC(6) Pause Young (Allocation Failure)
[2019-05-12T19:28:43.963+0000][9.529s] GC(6) Using 4 workers of 4 for evacuation
[2019-05-12T19:28:44.006+0000][9.572s] GC(6) ParNew: 109248K->21824K(109248K)
[2019-05-12T19:28:44.006+0000][9.572s] GC(6) CMS: 4160K->4506K(393216K)
[2019-05-12T19:28:44.006+0000][9.572s] GC(6) Metaspace: 34999K->34999K(1081344K)
[2019-05-12T19:28:44.006+0000][9.572s] GC(6) Pause Young (Allocation Failure) 110M->25M(490M) 43.077ms
[2019-05-12T19:28:44.006+0000][9.572s] GC(6) User=0.04s Sys=0.00s Real=0.04s
[2019-05-12T19:29:15.054+0000][40.621s] GC(7) Pause Young (Allocation Failure)
[2019-05-12T19:29:15.054+0000][40.621s] GC(7) Using 4 workers of 4 for evacuation
[2019-05-12T19:29:15.138+0000][40.704s] GC(7) ParNew: 109248K->21824K(109248K)
[2019-05-12T19:29:15.138+0000][40.704s] GC(7) CMS: 4506K->11324K(393216K)
[2019-05-12T19:29:15.138+0000][40.704s] GC(7) Metaspace: 40387K->40387K(1085440K)
[2019-05-12T19:29:15.138+0000][40.704s] GC(7) Pause Young (Allocation Failure) 111M->32M(490M) 83.567ms
[2019-05-12T19:29:15.138+0000][40.704s] GC(7) User=0.08s Sys=0.00s Real=0.08s
[2019-05-12T19:30:10.007+0000][95.573s] GC(8) Pause Young (Allocation Failure)
[2019-05-12T19:30:10.007+0000][95.573s] GC(8) Using 4 workers of 4 for evacuation
[2019-05-12T19:30:10.075+0000][95.641s] GC(8) ParNew: 109094K->21824K(109248K)
[2019-05-12T19:30:10.075+0000][95.641s] GC(8) CMS: 11324K->19898K(393216K)
[2019-05-12T19:30:10.075+0000][95.641s] GC(8) Metaspace: 43156K->43156K(1087488K)
[2019-05-12T19:30:10.075+0000][95.641s] GC(8) Pause Young (Allocation Failure) 117M->40M(490M) 68.123ms
[2019-05-12T19:30:10.075+0000][95.641s] GC(8) User=0.07s Sys=0.00s Real=0.06s
[2019-05-12T22:15:48.500+0000][10034.067s] GC(9) Pause Young (Allocation Failure)
[2019-05-12T22:15:48.501+0000][10034.068s] GC(9) Using 4 workers of 4 for evacuation
[2019-05-12T22:15:48.543+0000][10034.110s] GC(9) ParNew: 109248K->21824K(109248K)
[2019-05-12T22:15:48.543+0000][10034.110s] GC(9) CMS: 19898K->19898K(393216K)
[2019-05-12T22:15:48.543+0000][10034.110s] GC(9) Metaspace: 44339K->44339K(1089536K)
[2019-05-12T22:15:48.543+0000][10034.110s] GC(9) Pause Young (Allocation Failure) 126M->40M(490M) 42.590ms
[2019-05-12T22:15:48.543+0000][10034.110s] GC(9) User=0.04s Sys=0.00s Real=0.04s
[2019-05-12T22:15:48.741+0000][10034.308s] GC(10) Pause Young (Allocation Failure)
[2019-05-12T22:15:48.741+0000][10034.308s] GC(10) Using 4 workers of 4 for evacuation
[2019-05-12T22:15:48.784+0000][10034.351s] GC(10) ParNew: 109248K->19167K(109248K)
[2019-05-12T22:15:48.785+0000][10034.351s] GC(10) CMS: 19898K->22673K(393216K)
[2019-05-12T22:15:48.785+0000][10034.351s] GC(10) Metaspace: 44391K->44391K(1089536K)
[2019-05-12T22:15:48.785+0000][10034.351s] GC(10) Pause Young (Allocation Failure) 126M->40M(490M) 43.322ms
[2019-05-12T22:15:48.785+0000][10034.351s] GC(10) User=0.04s Sys=0.00s Real=0.04s
[2019-05-12T22:15:49.131+0000][10034.698s] GC(11) Pause Young (Allocation Failure)
[2019-05-12T22:15:49.131+0000][10034.698s] GC(11) Using 4 workers of 4 for evacuation
[2019-05-12T22:15:49.166+0000][10034.733s] GC(11) ParNew: 106591K->12635K(109248K)
[2019-05-12T22:15:49.166+0000][10034.733s] GC(11) CMS: 22673K->27370K(393216K)
[2019-05-12T22:15:49.166+0000][10034.733s] GC(11) Metaspace: 44498K->44498K(1089536K)
[2019-05-12T22:15:49.166+0000][10034.733s] GC(11) Pause Young (Allocation Failure) 126M->39M(490M) 35.135ms
[2019-05-12T22:15:49.166+0000][10034.733s] GC(11) User=0.03s Sys=0.01s Real=0.04s
[2019-05-12T22:15:50.190+0000][10035.757s] GC(12) Pause Young (Allocation Failure)
[2019-05-12T22:15:50.190+0000][10035.757s] GC(12) Using 4 workers of 4 for evacuation
[2019-05-12T22:15:50.244+0000][10035.811s] GC(12) ParNew: 100059K->19476K(109248K)
[2019-05-12T22:15:50.245+0000][10035.811s] GC(12) CMS: 27370K->27713K(393216K)
[2019-05-12T22:15:50.245+0000][10035.811s] GC(12) Metaspace: 44844K->44844K(1089536K)
[2019-05-12T22:15:50.245+0000][10035.811s] GC(12) Pause Young (Allocation Failure) 124M->46M(490M) 54.285ms
[2019-05-12T22:15:50.245+0000][10035.811s] GC(12) User=0.06s Sys=0.00s Real=0.05s
[2019-05-12T22:17:14.504+0000][10120.070s] GC(13) Pause Young (Allocation Failure)
[2019-05-12T22:17:14.504+0000][10120.070s] GC(13) Using 4 workers of 4 for evacuation
[2019-05-12T22:17:14.550+0000][10120.117s] GC(13) ParNew: 106895K->21824K(109248K)
[2019-05-12T22:17:14.550+0000][10120.117s] GC(13) CMS: 27713K->27999K(393216K)
[2019-05-12T22:17:14.550+0000][10120.117s] GC(13) Metaspace: 45062K->45062K(1089536K)
[2019-05-12T22:17:14.550+0000][10120.117s] GC(13) Pause Young (Allocation Failure) 131M->48M(490M) 46.489ms
[2019-05-12T22:17:14.550+0000][10120.117s] GC(13) User=0.05s Sys=0.00s Real=0.05s
[2019-05-12T22:17:14.714+0000][10120.281s] GC(14) Pause Young (Allocation Failure)
[2019-05-12T22:17:14.714+0000][10120.281s] GC(14) Using 4 workers of 4 for evacuation
[2019-05-12T22:17:14.744+0000][10120.310s] GC(14) ParNew: 109248K->11983K(109248K)
[2019-05-12T22:17:14.744+0000][10120.310s] GC(14) CMS: 27999K->29178K(393216K)
[2019-05-12T22:17:14.744+0000][10120.310s] GC(14) Metaspace: 45090K->45090K(1089536K)
[2019-05-12T22:17:14.744+0000][10120.310s] GC(14) Pause Young (Allocation Failure) 134M->40M(490M) 29.687ms
[2019-05-12T22:17:14.744+0000][10120.310s] GC(14) User=0.03s Sys=0.00s Real=0.03s
[2019-05-12T22:17:15.061+0000][10120.628s] GC(15) Pause Young (Allocation Failure)
[2019-05-12T22:17:15.061+0000][10120.628s] GC(15) Using 4 workers of 4 for evacuation
[2019-05-12T22:17:15.107+0000][10120.674s] GC(15) ParNew: 99407K->10631K(109248K)
[2019-05-12T22:17:15.107+0000][10120.674s] GC(15) CMS: 29178K->33900K(393216K)
[2019-05-12T22:17:15.107+0000][10120.674s] GC(15) Metaspace: 45145K->45145K(1089536K)
[2019-05-12T22:17:15.107+0000][10120.674s] GC(15) Pause Young (Allocation Failure) 125M->43M(490M) 45.754ms
[2019-05-12T22:17:15.107+0000][10120.674s] GC(15) User=0.05s Sys=0.00s Real=0.05s
[2019-05-12T22:17:15.912+0000][10121.479s] GC(16) Pause Young (Allocation Failure)
[2019-05-12T22:17:15.912+0000][10121.479s] GC(16) Using 4 workers of 4 for evacuation
[2019-05-12T22:17:15.947+0000][10121.514s] GC(16) ParNew: 98055K->12864K(109248K)
[2019-05-12T22:17:15.947+0000][10121.514s] GC(16) CMS: 33900K->35206K(393216K)
[2019-05-12T22:17:15.947+0000][10121.514s] GC(16) Metaspace: 45258K->45258K(1089536K)
[2019-05-12T22:17:15.947+0000][10121.514s] GC(16) Pause Young (Allocation Failure) 128M->46M(490M) 35.123ms
[2019-05-12T22:17:15.947+0000][10121.514s] GC(16) User=0.03s Sys=0.00s Real=0.04s
[2019-05-12T22:26:10.634+0000][10656.201s] GC(17) Pause Young (Allocation Failure)
[2019-05-12T22:26:10.634+0000][10656.201s] GC(17) Using 4 workers of 4 for evacuation
[2019-05-12T22:26:10.668+0000][10656.235s] GC(17) ParNew: 100288K->13028K(109248K)
[2019-05-12T22:26:10.668+0000][10656.235s] GC(17) CMS: 35206K->35674K(393216K)
[2019-05-12T22:26:10.668+0000][10656.235s] GC(17) Metaspace: 45489K->45489K(1089536K)
[2019-05-12T22:26:10.668+0000][10656.235s] GC(17) Pause Young (Allocation Failure) 132M->47M(490M) 33.561ms
[2019-05-12T22:26:10.668+0000][10656.235s] GC(17) User=0.04s Sys=0.00s Real=0.04s
[2019-05-12T22:59:02.779+0000][12628.345s] GC(18) Pause Young (Allocation Failure)
[2019-05-12T22:59:02.779+0000][12628.346s] GC(18) Using 4 workers of 4 for evacuation
[2019-05-12T22:59:02.815+0000][12628.382s] GC(18) ParNew: 100452K->13637K(109248K)
[2019-05-12T22:59:02.815+0000][12628.382s] GC(18) CMS: 35674K->35679K(393216K)
[2019-05-12T22:59:02.815+0000][12628.382s] GC(18) Metaspace: 46016K->46016K(1091584K)
[2019-05-12T22:59:02.815+0000][12628.382s] GC(18) Pause Young (Allocation Failure) 132M->48M(490M) 36.786ms
[2019-05-12T22:59:02.815+0000][12628.382s] GC(18) User=0.03s Sys=0.00s Real=0.03s
[2019-05-12T22:59:02.942+0000][12628.509s] GC(19) Pause Young (Allocation Failure)
[2019-05-12T22:59:02.942+0000][12628.509s] GC(19) Using 4 workers of 4 for evacuation
[2019-05-12T22:59:02.959+0000][12628.526s] GC(19) ParNew: 101061K->8102K(109248K)
[2019-05-12T22:59:02.959+0000][12628.526s] GC(19) CMS: 35679K->35710K(393216K)
[2019-05-12T22:59:02.959+0000][12628.526s] GC(19) Metaspace: 46044K->46044K(1091584K)
[2019-05-12T22:59:02.959+0000][12628.526s] GC(19) Pause Young (Allocation Failure) 133M->42M(490M) 17.478ms
[2019-05-12T22:59:02.960+0000][12628.526s] GC(19) User=0.02s Sys=0.00s Real=0.02s
[2019-05-12T22:59:03.569+0000][12629.136s] GC(20) Pause Young (Allocation Failure)
[2019-05-12T22:59:03.569+0000][12629.136s] GC(20) Using 4 workers of 4 for evacuation
[2019-05-12T22:59:03.611+0000][12629.177s] GC(20) ParNew: 95526K->11022K(109248K)
[2019-05-12T22:59:03.611+0000][12629.177s] GC(20) CMS: 35710K->35759K(393216K)
[2019-05-12T22:59:03.611+0000][12629.177s] GC(20) Metaspace: 46107K->46107K(1091584K)
[2019-05-12T22:59:03.611+0000][12629.177s] GC(20) Pause Young (Allocation Failure) 128M->45M(490M) 41.404ms
[2019-05-12T22:59:03.611+0000][12629.177s] GC(20) User=0.04s Sys=0.00s Real=0.04s
[2019-05-12T22:59:04.289+0000][12629.856s] GC(21) Pause Young (Allocation Failure)
[2019-05-12T22:59:04.289+0000][12629.856s] GC(21) Using 4 workers of 4 for evacuation
[2019-05-12T22:59:04.323+0000][12629.889s] GC(21) ParNew: 98446K->12001K(109248K)
[2019-05-12T22:59:04.323+0000][12629.889s] GC(21) CMS: 35759K->35951K(393216K)
[2019-05-12T22:59:04.323+0000][12629.889s] GC(21) Metaspace: 46197K->46197K(1091584K)
[2019-05-12T22:59:04.323+0000][12629.890s] GC(21) Pause Young (Allocation Failure) 131M->46M(490M) 33.543ms
[2019-05-12T22:59:04.323+0000][12629.890s] GC(21) User=0.04s Sys=0.00s Real=0.03s
[2019-05-12T23:44:42.330+0000][15367.897s] GC(22) Pause Young (Allocation Failure)
[2019-05-12T23:44:42.330+0000][15367.897s] GC(22) Using 4 workers of 4 for evacuation
[2019-05-12T23:44:42.364+0000][15367.931s] GC(22) ParNew: 98922K->16024K(109248K)
[2019-05-12T23:44:42.364+0000][15367.931s] GC(22) CMS: 35951K->35955K(393216K)
[2019-05-12T23:44:42.364+0000][15367.931s] GC(22) Metaspace: 46523K->46523K(1091584K)
[2019-05-12T23:44:42.364+0000][15367.931s] GC(22) Pause Young (Allocation Failure) 131M->50M(490M) 33.827ms
[2019-05-12T23:44:42.364+0000][15367.931s] GC(22) User=0.03s Sys=0.00s Real=0.03s
[2019-05-12T23:49:45.052+0000][15670.619s] GC(23) Pause Young (Allocation Failure)
[2019-05-12T23:49:45.052+0000][15670.619s] GC(23) Using 4 workers of 4 for evacuation
[2019-05-12T23:49:45.094+0000][15670.661s] GC(23) ParNew: 103448K->12833K(109248K)
[2019-05-12T23:49:45.094+0000][15670.661s] GC(23) CMS: 35955K->35973K(393216K)
[2019-05-12T23:49:45.094+0000][15670.661s] GC(23) Metaspace: 46650K->46650K(1091584K)
[2019-05-12T23:49:45.094+0000][15670.661s] GC(23) Pause Young (Allocation Failure) 136M->47M(490M) 41.689ms
[2019-05-12T23:49:45.094+0000][15670.661s] GC(23) User=0.04s Sys=0.00s Real=0.04s
[2019-05-12T23:49:45.210+0000][15670.777s] GC(24) Pause Young (Allocation Failure)
[2019-05-12T23:49:45.210+0000][15670.777s] GC(24) Using 4 workers of 4 for evacuation
[2019-05-12T23:49:45.224+0000][15670.791s] GC(24) ParNew: 100257K->10115K(109248K)
[2019-05-12T23:49:45.224+0000][15670.791s] GC(24) CMS: 35973K->35985K(393216K)
[2019-05-12T23:49:45.224+0000][15670.791s] GC(24) Metaspace: 46651K->46651K(1091584K)
[2019-05-12T23:49:45.224+0000][15670.791s] GC(24) Pause Young (Allocation Failure) 133M->45M(490M) 14.301ms
[2019-05-12T23:49:45.224+0000][15670.791s] GC(24) User=0.02s Sys=0.00s Real=0.01s
[2019-05-12T23:49:45.561+0000][15671.128s] GC(25) Pause Young (Allocation Failure)
[2019-05-12T23:49:45.561+0000][15671.128s] GC(25) Using 4 workers of 4 for evacuation
[2019-05-12T23:49:45.596+0000][15671.163s] GC(25) ParNew: 97539K->11077K(109248K)
[2019-05-12T23:49:45.596+0000][15671.163s] GC(25) CMS: 35985K->36041K(393216K)
[2019-05-12T23:49:45.596+0000][15671.163s] GC(25) Metaspace: 46689K->46689K(1091584K)
[2019-05-12T23:49:45.596+0000][15671.163s] GC(25) Pause Young (Allocation Failure) 130M->46M(490M) 35.135ms
[2019-05-12T23:49:45.596+0000][15671.163s] GC(25) User=0.04s Sys=0.00s Real=0.03s
[2019-05-12T23:49:46.265+0000][15671.832s] GC(26) Pause Young (Allocation Failure)
[2019-05-12T23:49:46.265+0000][15671.832s] GC(26) Using 4 workers of 4 for evacuation
[2019-05-12T23:49:46.304+0000][15671.871s] GC(26) ParNew: 98501K->12013K(109248K)
[2019-05-12T23:49:46.304+0000][15671.871s] GC(26) CMS: 36041K->36248K(393216K)
[2019-05-12T23:49:46.305+0000][15671.871s] GC(26) Metaspace: 46781K->46781K(1091584K)
[2019-05-12T23:49:46.305+0000][15671.871s] GC(26) Pause Young (Allocation Failure) 131M->47M(490M) 39.602ms
[2019-05-12T23:49:46.305+0000][15671.871s] GC(26) User=0.04s Sys=0.00s Real=0.04s
[2019-05-12T23:51:20.320+0000][15765.887s] Heap
[2019-05-12T23:51:20.320+0000][15765.887s]  par new generation   total 109248K, used 50797K [0x00000000e0000000, 0x00000000e8000000, 0x00000000e8000000)
[2019-05-12T23:51:20.320+0000][15765.887s]   eden space 87424K,  44% used [0x00000000e0000000, 0x00000000e25e0108, 0x00000000e5560000)
[2019-05-12T23:51:20.320+0000][15765.887s]   from space 21824K,  55% used [0x00000000e5560000, 0x00000000e611b480, 0x00000000e6ab0000)
[2019-05-12T23:51:20.320+0000][15765.887s]   to   space 21824K,   0% used [0x00000000e6ab0000, 0x00000000e6ab0000, 0x00000000e8000000)
[2019-05-12T23:51:20.320+0000][15765.887s]  concurrent mark-sweep generation total 393216K, used 36248K [0x00000000e8000000, 0x0000000100000000, 0x0000000100000000)
[2019-05-12T23:51:20.320+0000][15765.887s]  Metaspace       used 46909K, capacity 48214K, committed 48388K, reserved 1091584K
[2019-05-12T23:51:20.320+0000][15765.887s]   class space    used 5426K, capacity 5912K, committed 5964K, reserved 1048576K
